Archive member included to satisfy reference by file (symbol)

/home/kamalesh/toolkit/gcc-arm-none-eabi-10-2020-q4-major/bin/../lib/gcc/arm-none-eabi/10.2.1/thumb/v7-m/nofp/libgcc.a(_arm_muldf3.o)
                              obj_owinos/owinos-adc.o (__aeabi_dmul)
/home/kamalesh/toolkit/gcc-arm-none-eabi-10-2020-q4-major/bin/../lib/gcc/arm-none-eabi/10.2.1/thumb/v7-m/nofp/libgcc.a(_arm_addsubdf3.o)
                              obj_owinos/owinos-adc.o (__aeabi_ui2d)
/home/kamalesh/toolkit/gcc-arm-none-eabi-10-2020-q4-major/bin/../lib/gcc/arm-none-eabi/10.2.1/thumb/v7-m/nofp/libgcc.a(_arm_fixunsdfsi.o)
                              obj_owinos/owinos-adc.o (__aeabi_d2uiz)
/home/kamalesh/toolkit/gcc-arm-none-eabi-10-2020-q4-major/bin/../lib/gcc/arm-none-eabi/10.2.1/thumb/v7-m/nofp/libgcc.a(_aeabi_uldivmod.o)
                              obj_owinos/cc2538-rf.o (__aeabi_uldivmod)
/home/kamalesh/toolkit/gcc-arm-none-eabi-10-2020-q4-major/bin/../lib/gcc/arm-none-eabi/10.2.1/thumb/v7-m/nofp/libgcc.a(_udivmoddi4.o)
                              /home/kamalesh/toolkit/gcc-arm-none-eabi-10-2020-q4-major/bin/../lib/gcc/arm-none-eabi/10.2.1/thumb/v7-m/nofp/libgcc.a(_aeabi_uldivmod.o) (__udivmoddi4)
/home/kamalesh/toolkit/gcc-arm-none-eabi-10-2020-q4-major/bin/../lib/gcc/arm-none-eabi/10.2.1/thumb/v7-m/nofp/libgcc.a(_dvmd_tls.o)
                              /home/kamalesh/toolkit/gcc-arm-none-eabi-10-2020-q4-major/bin/../lib/gcc/arm-none-eabi/10.2.1/thumb/v7-m/nofp/libgcc.a(_aeabi_uldivmod.o) (__aeabi_ldiv0)
/home/kamalesh/toolkit/gcc-arm-none-eabi-10-2020-q4-major/bin/../lib/gcc/arm-none-eabi/10.2.1/../../../../arm-none-eabi/lib/thumb/v7-m/nofp/libc.a(lib_a-memcmp.o)
                              obj_owinos/slip.o (memcmp)
/home/kamalesh/toolkit/gcc-arm-none-eabi-10-2020-q4-major/bin/../lib/gcc/arm-none-eabi/10.2.1/../../../../arm-none-eabi/lib/thumb/v7-m/nofp/libc.a(lib_a-memcpy.o)
                              obj_owinos/dbg-snprintf.o (memcpy)
/home/kamalesh/toolkit/gcc-arm-none-eabi-10-2020-q4-major/bin/../lib/gcc/arm-none-eabi/10.2.1/../../../../arm-none-eabi/lib/thumb/v7-m/nofp/libc.a(lib_a-memmove.o)
                              obj_owinos/mmem.o (memmove)
/home/kamalesh/toolkit/gcc-arm-none-eabi-10-2020-q4-major/bin/../lib/gcc/arm-none-eabi/10.2.1/../../../../arm-none-eabi/lib/thumb/v7-m/nofp/libc.a(lib_a-memset.o)
                              obj_owinos/gpio.o (memset)
/home/kamalesh/toolkit/gcc-arm-none-eabi-10-2020-q4-major/bin/../lib/gcc/arm-none-eabi/10.2.1/../../../../arm-none-eabi/lib/thumb/v7-m/nofp/libc.a(lib_a-reent.o)
                              obj_owinos/syscalls.o (errno)
/home/kamalesh/toolkit/gcc-arm-none-eabi-10-2020-q4-major/bin/../lib/gcc/arm-none-eabi/10.2.1/../../../../arm-none-eabi/lib/thumb/v7-m/nofp/libc.a(lib_a-strcmp.o)
                              obj_owinos/cfs-coffee.o (strcmp)
/home/kamalesh/toolkit/gcc-arm-none-eabi-10-2020-q4-major/bin/../lib/gcc/arm-none-eabi/10.2.1/../../../../arm-none-eabi/lib/thumb/v7-m/nofp/libc.a(lib_a-strlen-stub.o)
                              obj_owinos/sensors.o (strlen)
/home/kamalesh/toolkit/gcc-arm-none-eabi-10-2020-q4-major/bin/../lib/gcc/arm-none-eabi/10.2.1/../../../../arm-none-eabi/lib/thumb/v7-m/nofp/libc.a(lib_a-strncmp.o)
                              obj_owinos/slip.o (strncmp)
/home/kamalesh/toolkit/gcc-arm-none-eabi-10-2020-q4-major/bin/../lib/gcc/arm-none-eabi/10.2.1/../../../../arm-none-eabi/lib/thumb/v7-m/nofp/libc.a(lib_a-strncpy.o)
                              obj_owinos/cfs-coffee.o (strncpy)
/home/kamalesh/toolkit/gcc-arm-none-eabi-10-2020-q4-major/bin/../lib/gcc/arm-none-eabi/10.2.1/../../../../arm-none-eabi/lib/thumb/v7-m/nofp/libc.a(lib_a-freer.o)
                              /home/kamalesh/toolkit/gcc-arm-none-eabi-10-2020-q4-major/bin/../lib/gcc/arm-none-eabi/10.2.1/../../../../arm-none-eabi/lib/thumb/v7-m/nofp/libc.a(lib_a-reent.o) (_free_r)
/home/kamalesh/toolkit/gcc-arm-none-eabi-10-2020-q4-major/bin/../lib/gcc/arm-none-eabi/10.2.1/../../../../arm-none-eabi/lib/thumb/v7-m/nofp/libc.a(lib_a-impure.o)
                              /home/kamalesh/toolkit/gcc-arm-none-eabi-10-2020-q4-major/bin/../lib/gcc/arm-none-eabi/10.2.1/../../../../arm-none-eabi/lib/thumb/v7-m/nofp/libc.a(lib_a-reent.o) (_impure_ptr)
/home/kamalesh/toolkit/gcc-arm-none-eabi-10-2020-q4-major/bin/../lib/gcc/arm-none-eabi/10.2.1/../../../../arm-none-eabi/lib/thumb/v7-m/nofp/libc.a(lib_a-mallocr.o)
                              /home/kamalesh/toolkit/gcc-arm-none-eabi-10-2020-q4-major/bin/../lib/gcc/arm-none-eabi/10.2.1/../../../../arm-none-eabi/lib/thumb/v7-m/nofp/libc.a(lib_a-freer.o) (__malloc_current_mallinfo)
/home/kamalesh/toolkit/gcc-arm-none-eabi-10-2020-q4-major/bin/../lib/gcc/arm-none-eabi/10.2.1/../../../../arm-none-eabi/lib/thumb/v7-m/nofp/libc.a(lib_a-mlock.o)
[...]
Memory Configuration

Name             Origin             Length             Attributes
FLASH_FW         0x0000000000202000 0x000000000007dfd4 xr
FLASH_CCA        0x000000000027ffd4 0x000000000000002c xr
NRSRAM           0x0000000020000000 0x0000000000004000 xrw
FRSRAM           0x0000000020004000 0x0000000000004000 xrw
*default*        0x0000000000000000 0xffffffffffffffff

Linker script and memory map

LOAD obj_owinos/startup-gcc.o
LOAD obj_owinos/owinos-adc.o
LOAD obj_owinos/bmp180.o
LOAD obj_owinos/adxl345.o
LOAD obj_owinos/contiki-main.o
LOAD obj_owinos/leds-arch.o
LOAD obj_owinos/adc-owinos.o
LOAD obj_owinos/button-sensor.o
LOAD obj_owinos/owinos-sensors.o
LOAD obj_owinos/board.o
LOAD obj_owinos/soc.o
LOAD obj_owinos/clock.o
LOAD obj_owinos/rtimer-arch.o
LOAD obj_owinos/uart.o
LOAD obj_owinos/watchdog.o
LOAD obj_owinos/nvic.o
LOAD obj_owinos/sys-ctrl.o
LOAD obj_owinos/gpio.o
LOAD obj_owinos/ioc.o
LOAD obj_owinos/spi.o
LOAD obj_owinos/adc.o
LOAD obj_owinos/crypto.o
LOAD obj_owinos/aes.o
LOAD obj_owinos/ecb.o
LOAD obj_owinos/cbc.o
LOAD obj_owinos/ctr.o
LOAD obj_owinos/cbc-mac.o
LOAD obj_owinos/gcm.o
LOAD obj_owinos/ccm.o
LOAD obj_owinos/sha256.o
LOAD obj_owinos/cc2538-aes-128.o
LOAD obj_owinos/cc2538-ccm-star.o
LOAD obj_owinos/cc2538-rf.o
LOAD obj_owinos/udma.o
LOAD obj_owinos/lpm.o
LOAD obj_owinos/pka.o
LOAD obj_owinos/bignum-driver.o
LOAD obj_owinos/ecc-driver.o
LOAD obj_owinos/ecc-algorithm.o
LOAD obj_owinos/ecc-curve.o
LOAD obj_owinos/dbg.o
LOAD obj_owinos/ieee-addr.o
LOAD obj_owinos/slip-arch.o
LOAD obj_owinos/slip.o
LOAD obj_owinos/i2c.o
LOAD obj_owinos/cc2538-temp-sensor.o
LOAD obj_owinos/vdd3-sensor.o
LOAD obj_owinos/cfs-coffee.o
LOAD obj_owinos/cfs-coffee-arch.o
LOAD obj_owinos/pwm.o
LOAD obj_owinos/dbg-printf.o
LOAD obj_owinos/dbg-snprintf.o
LOAD obj_owinos/dbg-sprintf.o
LOAD obj_owinos/strformat.o
LOAD obj_owinos/usb-core.o
LOAD obj_owinos/cdc-acm.o
LOAD obj_owinos/usb-arch.o
LOAD obj_owinos/usb-serial.o
LOAD obj_owinos/cdc-acm-descriptors.o
LOAD obj_owinos/arg.o
LOAD obj_owinos/autostart.o
LOAD obj_owinos/compower.o
LOAD obj_owinos/ctimer.o
LOAD obj_owinos/energest.o
LOAD obj_owinos/etimer.o
LOAD obj_owinos/mt.o
LOAD obj_owinos/process.o
LOAD obj_owinos/procinit.o
LOAD obj_owinos/rtimer.o
LOAD obj_owinos/stimer.o
LOAD obj_owinos/timer.o
LOAD obj_owinos/leds.o
LOAD obj_owinos/nullradio.o
LOAD obj_owinos/serial-line.o
LOAD obj_owinos/aes-128.o
LOAD obj_owinos/assert.o
LOAD obj_owinos/ccm-star.o
LOAD obj_owinos/crc16.o
LOAD obj_owinos/gcr.o
LOAD obj_owinos/ifft.o
LOAD obj_owinos/list.o
LOAD obj_owinos/me.o
LOAD obj_owinos/memb.o
LOAD obj_owinos/me_tabs.o
LOAD obj_owinos/mmem.o
LOAD obj_owinos/petsciiconv.o
LOAD obj_owinos/print-stats.o
LOAD obj_owinos/random.o
LOAD obj_owinos/ringbuf.o
LOAD obj_owinos/ringbufindex.o
LOAD obj_owinos/sensors.o
LOAD obj_owinos/settings.o
LOAD obj_owinos/trickle-timer.o
LOAD obj_owinos/abc.o
LOAD obj_owinos/announcement.o
LOAD obj_owinos/broadcast-announcement.o
LOAD obj_owinos/broadcast.o
LOAD obj_owinos/chameleon-bitopt.o
LOAD obj_owinos/chameleon.o
LOAD obj_owinos/chameleon-raw.o
LOAD obj_owinos/channel.o
LOAD obj_owinos/collect.o
LOAD obj_owinos/collect-link-estimate.o
LOAD obj_owinos/collect-neighbor.o
LOAD obj_owinos/ipolite.o
LOAD obj_owinos/mesh.o
LOAD obj_owinos/multihop.o
LOAD obj_owinos/neighbor-discovery.o
LOAD obj_owinos/netflood.o
LOAD obj_owinos/packetqueue.o
LOAD obj_owinos/polite-announcement.o
LOAD obj_owinos/polite.o
LOAD obj_owinos/rime.o
LOAD obj_owinos/rimestats.o
LOAD obj_owinos/rmh.o
LOAD obj_owinos/route.o
LOAD obj_owinos/route-discovery.o
LOAD obj_owinos/rucb.o
LOAD obj_owinos/rudolph1.o
LOAD obj_owinos/rudolph2.o
LOAD obj_owinos/runicast.o
LOAD obj_owinos/stbroadcast.o
LOAD obj_owinos/stunicast.o
LOAD obj_owinos/timesynch.o
LOAD obj_owinos/trickle.o
LOAD obj_owinos/unicast.o
LOAD obj_owinos/syscalls.o
LOAD obj_owinos/mtarch.o
LOAD obj_owinos/linkaddr.o
LOAD obj_owinos/link-stats.o
LOAD obj_owinos/nbr-table.o
LOAD obj_owinos/net-debug.o
LOAD obj_owinos/netstack.o
LOAD obj_owinos/packetbuf.o
LOAD obj_owinos/queuebuf.o
LOAD obj_owinos/csma.o
LOAD obj_owinos/frame802154.o
LOAD obj_owinos/frame802154e-ie.o
LOAD obj_owinos/framer-802154.o
LOAD obj_owinos/framer-nullmac.o
LOAD obj_owinos/mac.o
LOAD obj_owinos/mac-sequence.o
LOAD obj_owinos/nordc.o
LOAD obj_owinos/nullmac.o
LOAD obj_owinos/nullrdc.o
LOAD obj_owinos/nullrdc-noframer.o
LOAD obj_owinos/phase.o
LOAD obj_owinos/contikimac.o
LOAD obj_owinos/contikimac-framer.o
LOAD obj_owinos/anti-replay.o
LOAD obj_owinos/ccm-star-packetbuf.o
LOAD obj_owinos/nullsec.o
LOAD obj_owinos/noncoresec.o
LOAD photo_sensor.co
START GROUP
LOAD /home/kamalesh/toolkit/gcc-arm-none-eabi-10-2020-q4-major/bin/../lib/gcc/arm-none-eabi/10.2.1/thumb/v7-m/nofp/libgcc.a
LOAD /home/kamalesh/toolkit/gcc-arm-none-eabi-10-2020-q4-major/bin/../lib/gcc/arm-none-eabi/10.2.1/../../../../arm-none-eabi/lib/thumb/v7-m/nofp/libc.a
END GROUP

.text           0x0000000000202000     0x557e
                0x0000000000202000                _text = .
 *(SORT_BY_ALIGNMENT(.vectors))
 .vectors       0x0000000000202000      0x28c obj_owinos/startup-gcc.o
                0x0000000000202000                vectors
 *(SORT_BY_ALIGNMENT(.text*))
 *fill*         0x000000000020228c        0x4 00000000
 .text.value    0x0000000000202290      0x108 obj_owinos/owinos-adc.o
 .text.reset_handler
                0x0000000000202398       0x44 obj_owinos/startup-gcc.o
                0x0000000000202398                reset_handler
 .text.pin_configure.part.0
                0x00000000002023dc       0x88 obj_owinos/owinos-adc.o
 .text.configure
                0x0000000000202464       0x6c obj_owinos/owinos-adc.o
 .text.startup.main
                0x00000000002024d0      0x17c obj_owinos/contiki-main.o
                0x00000000002024d0                main
 .text.leds_arch_init
                0x000000000020264c       0x14 obj_owinos/leds-arch.o
                0x000000000020264c                leds_arch_init
 .text.leds_arch_set
                0x0000000000202660        0xc obj_owinos/leds-arch.o
                0x0000000000202660                leds_arch_set
 .text.value    0x000000000020266c       0x20 obj_owinos/button-sensor.o
 .text.duration_exceeded_callback
                0x000000000020268c       0x3c obj_owinos/button-sensor.o
 .text.config_user
                0x00000000002026c8       0xa8 obj_owinos/button-sensor.o
 .text.btn_callback
                0x0000000000202770       0x5c obj_owinos/button-sensor.o
 .text.soc_get_rev
                0x00000000002027cc       0x18 obj_owinos/soc.o
                0x00000000002027cc                soc_get_rev
 .text.soc_get_sram_size
                0x00000000002027e4       0x20 obj_owinos/soc.o
                0x00000000002027e4                soc_get_sram_size
 .text.soc_print_info
                0x0000000000202804       0x70 obj_owinos/soc.o
                0x0000000000202804                soc_print_info
 .text.update_ticks
                0x0000000000202874       0x54 obj_owinos/clock.o
 .text.clock_init
                0x00000000002028c8       0x44 obj_owinos/clock.o
                0x00000000002028c8                clock_init
 .text.clock_time
                0x000000000020290c       0x14 obj_owinos/clock.o
                0x000000000020290c                clock_time
 .text.clock_delay_usec
                0x0000000000202920       0x18 obj_owinos/clock.o
                0x0000000000202920                clock_delay_usec
 .text.rtimer_arch_next_trigger
                0x0000000000202938        0xc obj_owinos/rtimer-arch.o
                0x0000000000202938                rtimer_arch_next_trigger
 .text.rtimer_arch_now
                0x0000000000202944       0x1c obj_owinos/rtimer-arch.o
                0x0000000000202944                rtimer_arch_now
 .text.rtimer_arch_schedule
                0x0000000000202960       0x4c obj_owinos/rtimer-arch.o
                0x0000000000202960                rtimer_arch_schedule
 .text.rtimer_isr
                0x00000000002029ac       0x2c obj_owinos/rtimer-arch.o
                0x00000000002029ac                rtimer_isr
 .text.permit_pm1
                0x00000000002029d8       0x24 obj_owinos/uart.o
 .text.uart_isr
                0x00000000002029fc       0x60 obj_owinos/uart.o
 .text.uart_init
                0x0000000000202a5c      0x188 obj_owinos/uart.o
                0x0000000000202a5c                uart_init
 .text.uart_set_input
                0x0000000000202be4       0x10 obj_owinos/uart.o
                0x0000000000202be4                uart_set_input
 .text.uart_write_byte
                0x0000000000202bf4       0x1c obj_owinos/uart.o
                0x0000000000202bf4                uart_write_byte
 .text.watchdog_init
                0x0000000000202c10        0xc obj_owinos/watchdog.o
                0x0000000000202c10                watchdog_init
 .text.watchdog_start
                0x0000000000202c1c        0xc obj_owinos/watchdog.o
                0x0000000000202c1c                watchdog_start
 .text.watchdog_periodic
                0x0000000000202c28       0x10 obj_owinos/watchdog.o
                0x0000000000202c28                watchdog_periodic
 .text.nvic_init
                0x0000000000202c38       0x10 obj_owinos/nvic.o
                0x0000000000202c38                nvic_init
 .text.sys_ctrl_get_reset_cause
                0x0000000000202c48       0x10 obj_owinos/sys-ctrl.o
                0x0000000000202c48                sys_ctrl_get_reset_cause
 .text.sys_ctrl_get_reset_cause_str
                0x0000000000202c58       0x14 obj_owinos/sys-ctrl.o
                0x0000000000202c58                sys_ctrl_get_reset_cause_str
 .text.sys_ctrl_init
                0x0000000000202c6c       0x78 obj_owinos/sys-ctrl.o
                0x0000000000202c6c                sys_ctrl_init
 .text.sys_ctrl_get_sys_clock
                0x0000000000202ce4       0x18 obj_owinos/sys-ctrl.o
                0x0000000000202ce4                sys_ctrl_get_sys_clock
 .text.sys_ctrl_get_io_clock
                0x0000000000202cfc       0x18 obj_owinos/sys-ctrl.o
                0x0000000000202cfc                sys_ctrl_get_io_clock
 .text.gpio_register_callback
                0x0000000000202d14       0x10 obj_owinos/gpio.o
                0x0000000000202d14                gpio_register_callback
 .text.notify   0x0000000000202d24       0x30 obj_owinos/gpio.o
                0x0000000000202d24                notify
 .text.gpio_port_isr
                0x0000000000202d54       0x4c obj_owinos/gpio.o
 .text.gpio_init
                0x0000000000202da0       0x10 obj_owinos/gpio.o
                0x0000000000202da0                gpio_init
 .text.ioc_init
                0x0000000000202db0       0x1c obj_owinos/ioc.o
                0x0000000000202db0                ioc_init
 .text.ioc_set_over
                0x0000000000202dcc       0x14 obj_owinos/ioc.o
                0x0000000000202dcc                ioc_set_over
 .text.ioc_set_sel
                0x0000000000202de0       0x14 obj_owinos/ioc.o
                0x0000000000202de0                ioc_set_sel
 .text.adc_init
                0x0000000000202df4       0x10 obj_owinos/adc.o
                0x0000000000202df4                adc_init
 .text.adc_get  0x0000000000202e04       0x64 obj_owinos/adc.o
                0x0000000000202e04                adc_get
 .text.permit_pm1
                0x0000000000202e68       0x14 obj_owinos/crypto.o
 .text.crypto_isr
                0x0000000000202e7c       0x28 obj_owinos/crypto.o
                0x0000000000202e7c                crypto_isr
 .text.crypto_enable
                0x0000000000202ea4       0x20 obj_owinos/crypto.o
                0x0000000000202ea4                crypto_enable
 .text.crypto_init
                0x0000000000202ec4       0x3c obj_owinos/crypto.o
                0x0000000000202ec4                crypto_init
 .text.crypto_disable
                0x0000000000202f00       0x20 obj_owinos/crypto.o
                0x0000000000202f00                crypto_disable
 .text.off      0x0000000000202f20       0x40 obj_owinos/cc2538-rf.o
 .text.receiving_packet
                0x0000000000202f60       0x18 obj_owinos/cc2538-rf.o
 .text.pending_packet
                0x0000000000202f78       0x10 obj_owinos/cc2538-rf.o
 .text.set_frame_filtering
                0x0000000000202f88       0x1c obj_owinos/cc2538-rf.o
 .text.set_poll_mode
                0x0000000000202fa4       0xb4 obj_owinos/cc2538-rf.o
 .text.on       0x0000000000203058       0x30 obj_owinos/cc2538-rf.o
 .text.set_channel
                0x0000000000203088       0x48 obj_owinos/cc2538-rf.o
 .text.get_value
                0x00000000002030d0      0x14c obj_owinos/cc2538-rf.o
 .text.channel_clear
                0x000000000020321c       0x34 obj_owinos/cc2538-rf.o
 .text.set_value
                0x0000000000203250       0xe8 obj_owinos/cc2538-rf.o
 .text.prepare  0x0000000000203338       0x64 obj_owinos/cc2538-rf.o
 .text.transmit
                0x000000000020339c       0xa8 obj_owinos/cc2538-rf.o
 .text.set_object
                0x0000000000203444       0x30 obj_owinos/cc2538-rf.o
 .text.read     0x0000000000203474       0xfc obj_owinos/cc2538-rf.o
 .text.init     0x0000000000203570       0xd0 obj_owinos/cc2538-rf.o
 .text.process_thread_cc2538_rf_process
                0x0000000000203640       0x90 obj_owinos/cc2538-rf.o
 .text.get_object
                0x00000000002036d0      0x11c obj_owinos/cc2538-rf.o
 .text.cc2538_rf_rx_tx_isr
                0x00000000002037ec       0x24 obj_owinos/cc2538-rf.o
                0x00000000002037ec                cc2538_rf_rx_tx_isr
 .text.cc2538_rf_err_isr
                0x0000000000203810       0x2c obj_owinos/cc2538-rf.o
                0x0000000000203810                cc2538_rf_err_isr
 .text.udma_init
                0x000000000020383c       0x34 obj_owinos/udma.o
                0x000000000020383c                udma_init
 .text.udma_set_channel_src
                0x0000000000203870       0x10 obj_owinos/udma.o
                0x0000000000203870                udma_set_channel_src
 .text.udma_set_channel_dst
                0x0000000000203880       0x14 obj_owinos/udma.o
                0x0000000000203880                udma_set_channel_dst
 .text.udma_set_channel_control_word
                0x0000000000203894       0x14 obj_owinos/udma.o
                0x0000000000203894                udma_set_channel_control_word
 .text.udma_channel_enable
                0x00000000002038a8       0x18 obj_owinos/udma.o
                0x00000000002038a8                udma_channel_enable
 .text.udma_channel_mask_set
                0x00000000002038c0       0x18 obj_owinos/udma.o
                0x00000000002038c0                udma_channel_mask_set
 .text.udma_channel_sw_request
                0x00000000002038d8       0x18 obj_owinos/udma.o
                0x00000000002038d8                udma_channel_sw_request
 .text.udma_channel_get_mode
                0x00000000002038f0       0x1c obj_owinos/udma.o
                0x00000000002038f0                udma_channel_get_mode
 .text.udma_isr
                0x000000000020390c       0x10 obj_owinos/udma.o
                0x000000000020390c                udma_isr
 .text.udma_err_isr
                0x000000000020391c        0xc obj_owinos/udma.o
                0x000000000020391c                udma_err_isr
 .text.select_32_mhz_xosc
                0x0000000000203928       0x24 obj_owinos/lpm.o
 .text.lpm_exit
                0x000000000020394c       0x28 obj_owinos/lpm.o
                0x000000000020394c                lpm_exit
 .text.lpm_enter
                0x0000000000203974       0xac obj_owinos/lpm.o
                0x0000000000203974                lpm_enter
 .text.lpm_register_peripheral
                0x0000000000203a20       0x24 obj_owinos/lpm.o
                0x0000000000203a20                lpm_register_peripheral
 .text.lpm_init
                0x0000000000203a44       0x24 obj_owinos/lpm.o
                0x0000000000203a44                lpm_init
 .text.pka_isr  0x0000000000203a68       0x28 obj_owinos/pka.o
                0x0000000000203a68                pka_isr
 .text.ieee_addr_cpy_to
                0x0000000000203a90       0x6c obj_owinos/ieee-addr.o
                0x0000000000203a90                ieee_addr_cpy_to
 .text.pwm_configured
                0x0000000000203afc       0x20 obj_owinos/pwm.o
 .text.permit_pm1
                0x0000000000203b1c       0x40 obj_owinos/pwm.o
 .text.pwm_enable
                0x0000000000203b5c      0x104 obj_owinos/pwm.o
                0x0000000000203b5c                pwm_enable
 .text.pwm_start
                0x0000000000203c60       0x7c obj_owinos/pwm.o
                0x0000000000203c60                pwm_start
 .text.printf   0x0000000000203cdc       0x20 obj_owinos/dbg-printf.o
                0x0000000000203cdc                printf
 .text.fill_space
                0x0000000000203cfc       0x34 obj_owinos/strformat.o
 .text.format_str_v
                0x0000000000203d30      0x720 obj_owinos/strformat.o
                0x0000000000203d30                format_str_v
 .text.process_thread_ctimer_process
                0x0000000000204450       0x7c obj_owinos/ctimer.o
 .text.ctimer_init
                0x00000000002044cc       0x28 obj_owinos/ctimer.o
                0x00000000002044cc                ctimer_init
 .text.ctimer_set_with_process
                0x00000000002044f4       0x44 obj_owinos/ctimer.o
                0x00000000002044f4                ctimer_set_with_process
 .text.ctimer_set
                0x0000000000204538       0x14 obj_owinos/ctimer.o
                0x0000000000204538                ctimer_set
 .text.ctimer_stop
                0x000000000020454c       0x2c obj_owinos/ctimer.o
                0x000000000020454c                ctimer_stop
 .text.update_time
                0x0000000000204578       0x40 obj_owinos/etimer.o
 .text.etimer_request_poll
                0x00000000002045b8        0xc obj_owinos/etimer.o
                0x00000000002045b8                etimer_request_poll
 .text.process_thread_etimer_process
                0x00000000002045c4       0xa8 obj_owinos/etimer.o
 .text.add_timer
                0x000000000020466c       0x40 obj_owinos/etimer.o
 .text.etimer_pending
                0x00000000002046ac       0x10 obj_owinos/etimer.o
                0x00000000002046ac                etimer_pending
 .text.etimer_stop
                0x00000000002046bc       0x34 obj_owinos/etimer.o
                0x00000000002046bc                etimer_stop
 .text.call_process.part.0
                0x00000000002046f0       0x38 obj_owinos/process.o
 .text.exit_process
                0x0000000000204728       0x80 obj_owinos/process.o
 .text.do_poll  0x00000000002047a8       0x30 obj_owinos/process.o
 .text.process_alloc_event
                0x00000000002047d8       0x10 obj_owinos/process.o
                0x00000000002047d8                process_alloc_event
 .text.process_init
                0x00000000002047e8       0x30 obj_owinos/process.o
                0x00000000002047e8                process_init
 .text.process_run
                0x0000000000204818       0x84 obj_owinos/process.o
                0x0000000000204818                process_run
 .text.process_nevents
                0x000000000020489c       0x14 obj_owinos/process.o
                0x000000000020489c                process_nevents
 .text.process_post
                0x00000000002048b0       0x3c obj_owinos/process.o
                0x00000000002048b0                process_post
 .text.process_post_synch
                0x00000000002048ec       0x14 obj_owinos/process.o
                0x00000000002048ec                process_post_synch
 .text.process_start
                0x0000000000204900       0x30 obj_owinos/process.o
                0x0000000000204900                process_start
 .text.process_poll
                0x0000000000204930       0x18 obj_owinos/process.o
                0x0000000000204930                process_poll
 .text.rtimer_run_next
                0x0000000000204948       0x28 obj_owinos/rtimer.o
                0x0000000000204948                rtimer_run_next
 .text.leds_init
                0x0000000000204970       0x14 obj_owinos/leds.o
                0x0000000000204970                leds_init
 .text.leds_on  0x0000000000204984       0x10 obj_owinos/leds.o
                0x0000000000204984                leds_on
 .text.leds_off
                0x0000000000204994       0x14 obj_owinos/leds.o
                0x0000000000204994                leds_off
 .text.process_thread_serial_line_process
                0x00000000002049a8       0x98 obj_owinos/serial-line.o
 .text.serial_line_input_byte
                0x0000000000204a40       0x48 obj_owinos/serial-line.o
                0x0000000000204a40                serial_line_input_byte
 .text.serial_line_init
                0x0000000000204a88       0x24 obj_owinos/serial-line.o
                0x0000000000204a88                serial_line_init
 .text.random_rand
                0x0000000000204aac       0x1c obj_owinos/random.o
                0x0000000000204aac                random_rand
 .text.random_init
                0x0000000000204ac8       0x70 obj_owinos/random.o
                0x0000000000204ac8                random_init
 .text.process_thread_sensors_process
                0x0000000000204b38       0xd4 obj_owinos/sensors.o
 .text.sensors_changed
                0x0000000000204c0c       0x3c obj_owinos/sensors.o
                0x0000000000204c0c                sensors_changed
 .text.abc_open
                0x0000000000204c48       0x20 obj_owinos/abc.o
                0x0000000000204c48                abc_open
 .text.announcement_init
                0x0000000000204c68        0xc obj_owinos/announcement.o
                0x0000000000204c68                announcement_init
 .text.announcement_register_observer_callback
                0x0000000000204c74        0xc obj_owinos/announcement.o
                0x0000000000204c74                announcement_register_observer_callback
 .text.announcement_list
                0x0000000000204c80        0xc obj_owinos/announcement.o
                0x0000000000204c80                announcement_list
 .text.announcement_heard
                0x0000000000204c8c       0x3c obj_owinos/announcement.o
                0x0000000000204c8c                announcement_heard
 .text.set_timers
                0x0000000000204cc8       0x3c obj_owinos/broadcast-announcement.o
 .text.send_timer
                0x0000000000204d04       0x18 obj_owinos/broadcast-announcement.o
 .text.send_adv
                0x0000000000204d1c       0x50 obj_owinos/broadcast-announcement.o
 .text.new_announcement
                0x0000000000204d6c       0x18 obj_owinos/broadcast-announcement.o
 .text.broadcast_announcement_init
                0x0000000000204d84       0x30 obj_owinos/broadcast-announcement.o
                0x0000000000204d84                broadcast_announcement_init
 .text.broadcast_open
                0x0000000000204db4       0x24 obj_owinos/broadcast.o
                0x0000000000204db4                broadcast_open
 .text.broadcast_send
                0x0000000000204dd8       0x1c obj_owinos/broadcast.o
                0x0000000000204dd8                broadcast_send
 .text.get_bits_in_byte
                0x0000000000204df4       0x20 obj_owinos/chameleon-bitopt.o
 .text.chameleon_parse
                0x0000000000204e14       0x1c obj_owinos/chameleon.o
                0x0000000000204e14                chameleon_parse
 .text.chameleon_create
                0x0000000000204e30       0x20 obj_owinos/chameleon.o
                0x0000000000204e30                chameleon_create
 .text.chameleon_hdrsize
                0x0000000000204e50        0xc obj_owinos/chameleon.o
                0x0000000000204e50                chameleon_hdrsize
 .text.channel_init
                0x0000000000204e5c        0xc obj_owinos/channel.o
                0x0000000000204e5c                channel_init
 .text.channel_open
                0x0000000000204e68       0x10 obj_owinos/channel.o
                0x0000000000204e68                channel_open
 .text.channel_lookup
                0x0000000000204e78       0x20 obj_owinos/channel.o
                0x0000000000204e78                channel_lookup
 .text.packet_sent
                0x0000000000204e98       0x34 obj_owinos/rime.o
 .text.input    0x0000000000204ecc       0x34 obj_owinos/rime.o
 .text.rime_output
                0x0000000000204f00       0x24 obj_owinos/rime.o
                0x0000000000204f00                rime_output
 .text.netstack_init
                0x0000000000204f24       0x38 obj_owinos/netstack.o
                0x0000000000204f24                netstack_init
 .text.packetbuf_hdrreduce
                0x0000000000204f5c       0x28 obj_owinos/packetbuf.o
                0x0000000000204f5c                packetbuf_hdrreduce
 .text.packetbuf_set_datalen
                0x0000000000204f84        0xc obj_owinos/packetbuf.o
                0x0000000000204f84                packetbuf_set_datalen
 .text.packetbuf_hdrptr
                0x0000000000204f90        0x8 obj_owinos/packetbuf.o
                0x0000000000204f90                packetbuf_hdrptr
 .text.packetbuf_datalen
                0x0000000000204f98        0xc obj_owinos/packetbuf.o
                0x0000000000204f98                packetbuf_datalen
 .text.packetbuf_hdrlen
                0x0000000000204fa4       0x18 obj_owinos/packetbuf.o
                0x0000000000204fa4                packetbuf_hdrlen
 .text.packetbuf_compact
                0x0000000000204fbc       0x48 obj_owinos/packetbuf.o
                0x0000000000204fbc                packetbuf_compact
 .text.packetbuf_dataptr
                0x0000000000205004       0x10 obj_owinos/packetbuf.o
                0x0000000000205004                packetbuf_dataptr
 .text.packetbuf_copyto
                0x0000000000205014       0x40 obj_owinos/packetbuf.o
                0x0000000000205014                packetbuf_copyto
 .text.packetbuf_totlen
                0x0000000000205054       0x14 obj_owinos/packetbuf.o
                0x0000000000205054                packetbuf_totlen
 .text.packetbuf_hdralloc
                0x0000000000205068       0x40 obj_owinos/packetbuf.o
                0x0000000000205068                packetbuf_hdralloc
 .text.packetbuf_attr_clear
                0x00000000002050a8       0x34 obj_owinos/packetbuf.o
                0x00000000002050a8                packetbuf_attr_clear
 .text.packetbuf_clear
                0x00000000002050dc       0x20 obj_owinos/packetbuf.o
                0x00000000002050dc                packetbuf_clear
 .text.packetbuf_copyfrom
                0x00000000002050fc       0x2c obj_owinos/packetbuf.o
                0x00000000002050fc                packetbuf_copyfrom
 .text.packetbuf_attr_copyto
                0x0000000000205128       0x28 obj_owinos/packetbuf.o
                0x0000000000205128                packetbuf_attr_copyto
 .text.packetbuf_attr_copyfrom
                0x0000000000205150       0x28 obj_owinos/packetbuf.o
                0x0000000000205150                packetbuf_attr_copyfrom
 .text.packetbuf_set_attr
                0x0000000000205178       0x10 obj_owinos/packetbuf.o
                0x0000000000205178                packetbuf_set_attr
 .text.packetbuf_attr
                0x0000000000205188        0xc obj_owinos/packetbuf.o
                0x0000000000205188                packetbuf_attr
 .text.packetbuf_set_addr
                0x0000000000205194       0x18 obj_owinos/packetbuf.o
                0x0000000000205194                packetbuf_set_addr
 .text.packetbuf_addr
                0x00000000002051ac       0x10 obj_owinos/packetbuf.o
                0x00000000002051ac                packetbuf_addr
 .text.packetbuf_holds_broadcast
                0x00000000002051bc       0x10 obj_owinos/packetbuf.o
                0x00000000002051bc                packetbuf_holds_broadcast
 .text.queuebuf_init
                0x00000000002051cc       0x1c obj_owinos/queuebuf.o
                0x00000000002051cc                queuebuf_init
 .text.queuebuf_new_from_packetbuf
                0x00000000002051e8       0x44 obj_owinos/queuebuf.o
                0x00000000002051e8                queuebuf_new_from_packetbuf
 .text.queuebuf_free
                0x000000000020522c       0x2c obj_owinos/queuebuf.o
                0x000000000020522c                queuebuf_free
 .text.queuebuf_to_packetbuf
                0x0000000000205258       0x30 obj_owinos/queuebuf.o
                0x0000000000205258                queuebuf_to_packetbuf
 .text.input_packet
                0x0000000000205288        0xc obj_owinos/csma.o
 .text.on       0x0000000000205294        0xc obj_owinos/csma.o
 .text.off      0x00000000002052a0        0xc obj_owinos/csma.o
 .text.channel_check_interval
                0x00000000002052ac       0x10 obj_owinos/csma.o
 .text.schedule_transmission
                0x00000000002052bc       0x4c obj_owinos/csma.o
 .text.send_packet
                0x0000000000205308      0x14c obj_owinos/csma.o
 .text.init     0x0000000000205454       0x24 obj_owinos/csma.o
 .text.transmit_packet_list
                0x0000000000205478       0x30 obj_owinos/csma.o
 .text.tx_done  0x00000000002054a8       0x7c obj_owinos/csma.o
 .text.packet_sent
                0x0000000000205524       0xdc obj_owinos/csma.o
 .text.frame802154_get_pan_id
                0x0000000000205600        0xc obj_owinos/frame802154.o
                0x0000000000205600                frame802154_get_pan_id
 .text.frame802154_parse
                0x000000000020560c      0x174 obj_owinos/frame802154.o
                0x000000000020560c                frame802154_parse
 .text.create_frame.constprop.0
                0x0000000000205780      0x12c obj_owinos/framer-802154.o
 .text.mac_sequence_is_duplicate
                0x00000000002058ac       0x50 obj_owinos/mac-sequence.o
                0x00000000002058ac                mac_sequence_is_duplicate
 .text.mac_sequence_register_seqno
                0x00000000002058fc       0x6c obj_owinos/mac-sequence.o
                0x00000000002058fc                mac_sequence_register_seqno
 .text.on       0x0000000000205968        0xc obj_owinos/nullrdc.o
 .text.send_one_packet
                0x0000000000205974      0x114 obj_owinos/nullrdc.o
 .text.off      0x0000000000205a88       0x18 obj_owinos/nullrdc.o
 .text.packet_input
                0x0000000000205aa0       0x54 obj_owinos/nullrdc.o
 .text.hdr_length
                0x0000000000205af4       0x10 obj_owinos/contikimac-framer.o
 .text.parse    0x0000000000205b04       0x38 obj_owinos/contikimac-framer.o
 .text.create   0x0000000000205b3c       0x6c obj_owinos/contikimac-framer.o
 .text.input    0x0000000000205ba8        0xc obj_owinos/nullsec.o
 .text.send     0x0000000000205bb4       0x20 obj_owinos/nullsec.o
 .text.process_thread_PHOTO_sensor_process
                0x0000000000205bd4       0x94 photo_sensor.co
 .text          0x0000000000205c68      0x254 /home/kamalesh/toolkit/gcc-arm-none-eabi-10-2020-q4-major/bin/../lib/gcc/arm-none-eabi/10.2.1/thumb/v7-m/nofp/libgcc.a(_arm_muldf3.o)
                0x0000000000205c68                __aeabi_dmul
                0x0000000000205c68                __muldf3
 .text          0x0000000000205ebc      0x378 /home/kamalesh/toolkit/gcc-arm-none-eabi-10-2020-q4-major/bin/../lib/gcc/arm-none-eabi/10.2.1/thumb/v7-m/nofp/libgcc.a(_arm_addsubdf3.o)
                0x0000000000205ebc                __aeabi_drsub
                0x0000000000205ec4                __aeabi_dsub
                0x0000000000205ec4                __subdf3
                0x0000000000205ec8                __adddf3
                0x0000000000205ec8                __aeabi_dadd
                0x0000000000206140                __aeabi_ui2d
                0x0000000000206140                __floatunsidf
                0x0000000000206160                __floatsidf
                0x0000000000206160                __aeabi_i2d
                0x0000000000206184                __extendsfdf2
                0x0000000000206184                __aeabi_f2d
                0x00000000002061c8                __aeabi_ul2d
                0x00000000002061c8                __floatundidf
                0x00000000002061d8                __floatdidf
                0x00000000002061d8                __aeabi_l2d
 .text          0x0000000000206234       0x40 /home/kamalesh/toolkit/gcc-arm-none-eabi-10-2020-q4-major/bin/../lib/gcc/arm-none-eabi/10.2.1/thumb/v7-m/nofp/libgcc.a(_arm_fixunsdfsi.o)
                0x0000000000206234                __fixunsdfsi
                0x0000000000206234                __aeabi_d2uiz
 .text          0x0000000000206274       0x30 /home/kamalesh/toolkit/gcc-arm-none-eabi-10-2020-q4-major/bin/../lib/gcc/arm-none-eabi/10.2.1/thumb/v7-m/nofp/libgcc.a(_aeabi_uldivmod.o)
                0x0000000000206274                __aeabi_uldivmod
 .text          0x00000000002062a4      0x2d4 /home/kamalesh/toolkit/gcc-arm-none-eabi-10-2020-q4-major/bin/../lib/gcc/arm-none-eabi/10.2.1/thumb/v7-m/nofp/libgcc.a(_udivmoddi4.o)
                0x00000000002062a4                __udivmoddi4
 .text          0x0000000000206578        0x4 /home/kamalesh/toolkit/gcc-arm-none-eabi-10-2020-q4-major/bin/../lib/gcc/arm-none-eabi/10.2.1/thumb/v7-m/nofp/libgcc.a(_dvmd_tls.o)
                0x0000000000206578                __aeabi_ldiv0
                0x0000000000206578                __aeabi_idiv0
 .text.memcmp   0x000000000020657c       0x68 /home/kamalesh/toolkit/gcc-arm-none-eabi-10-2020-q4-major/bin/../lib/gcc/arm-none-eabi/10.2.1/../../../../arm-none-eabi/lib/thumb/v7-m/nofp/libc.a(lib_a-memcmp.o)
                0x000000000020657c                memcmp
 .text          0x00000000002065e4       0xec /home/kamalesh/toolkit/gcc-arm-none-eabi-10-2020-q4-major/bin/../lib/gcc/arm-none-eabi/10.2.1/../../../../arm-none-eabi/lib/thumb/v7-m/nofp/libc.a(lib_a-memcpy.o)
                0x00000000002065e4                memcpy
 .text.memset   0x00000000002066d0       0xa4 /home/kamalesh/toolkit/gcc-arm-none-eabi-10-2020-q4-major/bin/../lib/gcc/arm-none-eabi/10.2.1/../../../../arm-none-eabi/lib/thumb/v7-m/nofp/libc.a(lib_a-memset.o)
                0x00000000002066d0                memset
 .text.default_handler
                0x0000000000206774        0x2 obj_owinos/startup-gcc.o
                0x0000000000206774                default_handler
 .text.nmi_handler
                0x0000000000206776        0x6 obj_owinos/startup-gcc.o
                0x0000000000206776                nmi_handler
 .text.fade     0x000000000020677c       0x58 obj_owinos/contiki-main.o
 .text.board_init
                0x00000000002067d4        0x2 obj_owinos/board.o
                0x00000000002067d4                board_init
 .text.clock_adjust
                0x00000000002067d6       0x1c obj_owinos/clock.o
                0x00000000002067d6                clock_adjust
 .text.clock_isr
                0x00000000002067f2        0x4 obj_owinos/clock.o
                0x00000000002067f2                clock_isr
 .text.rtimer_arch_init
                0x00000000002067f6        0x2 obj_owinos/rtimer-arch.o
                0x00000000002067f6                rtimer_arch_init
 .text.uart0_isr
                0x00000000002067f8        0x6 obj_owinos/uart.o
                0x00000000002067f8                uart0_isr
 .text.uart1_isr
                0x00000000002067fe        0x6 obj_owinos/uart.o
                0x00000000002067fe                uart1_isr
 .text.gpio_port_a_isr
                0x0000000000206804        0x6 obj_owinos/gpio.o
                0x0000000000206804                gpio_port_a_isr
 .text.gpio_port_b_isr
                0x000000000020680a        0x6 obj_owinos/gpio.o
                0x000000000020680a                gpio_port_b_isr
 .text.gpio_port_c_isr
                0x0000000000206810        0x6 obj_owinos/gpio.o
                0x0000000000206810                gpio_port_c_isr
 .text.gpio_port_d_isr
                0x0000000000206816        0x6 obj_owinos/gpio.o
                0x0000000000206816                gpio_port_d_isr
 .text.send     0x000000000020681c       0x12 obj_owinos/cc2538-rf.o
 .text.putchar  0x000000000020682e       0x10 obj_owinos/dbg.o
                0x000000000020682e                putchar
 .text.dbg_send_bytes
                0x000000000020683e       0x22 obj_owinos/dbg.o
                0x000000000020683e                dbg_send_bytes
 .text.puts     0x0000000000206860       0x1c obj_owinos/dbg.o
                0x0000000000206860                puts
 .text.configure
                0x000000000020687c        0x4 obj_owinos/cc2538-temp-sensor.o
 .text.status   0x0000000000206880        0x4 obj_owinos/cc2538-temp-sensor.o
 .text.value    0x0000000000206884       0x34 obj_owinos/cc2538-temp-sensor.o
 .text.configure
                0x00000000002068b8        0x4 obj_owinos/vdd3-sensor.o
 .text.status   0x00000000002068bc        0x4 obj_owinos/vdd3-sensor.o
 .text.value    0x00000000002068c0       0x2a obj_owinos/vdd3-sensor.o
 .text.write_str
                0x00000000002068ea       0x10 obj_owinos/dbg-printf.o
 .text.autostart_start
                0x00000000002068fa       0x14 obj_owinos/autostart.o
                0x00000000002068fa                autostart_start
 .text.energest_init
                0x000000000020690e        0x2 obj_owinos/energest.o
                0x000000000020690e                energest_init
 .text.etimer_set
                0x0000000000206910       0x12 obj_owinos/etimer.o
                0x0000000000206910                etimer_set
 .text.etimer_expired
                0x0000000000206922        0xa obj_owinos/etimer.o
                0x0000000000206922                etimer_expired
 .text.call_process
                0x000000000020692c        0xc obj_owinos/process.o
 .text.rtimer_init
                0x0000000000206938        0x4 obj_owinos/rtimer.o
                0x0000000000206938                rtimer_init
 .text.timer_set
                0x000000000020693c        0xe obj_owinos/timer.o
                0x000000000020693c                timer_set
 .text.timer_expired
                0x000000000020694a       0x1c obj_owinos/timer.o
                0x000000000020694a                timer_expired
 .text.list_init
                0x0000000000206966        0x6 obj_owinos/list.o
                0x0000000000206966                list_init
 .text.list_head
                0x000000000020696c        0x4 obj_owinos/list.o
                0x000000000020696c                list_head
 .text.list_tail
                0x0000000000206970       0x10 obj_owinos/list.o
                0x0000000000206970                list_tail
 .text.list_remove
                0x0000000000206980       0x26 obj_owinos/list.o
                0x0000000000206980                list_remove
 .text.list_add
                0x00000000002069a6       0x1a obj_owinos/list.o
                0x00000000002069a6                list_add
 .text.list_push
                0x00000000002069c0        0xe obj_owinos/list.o
                0x00000000002069c0                list_push
 .text.list_length
                0x00000000002069ce        0xe obj_owinos/list.o
                0x00000000002069ce                list_length
 .text.list_item_next
                0x00000000002069dc        0x6 obj_owinos/list.o
                0x00000000002069dc                list_item_next
 .text.memb_init
                0x00000000002069e2       0x20 obj_owinos/memb.o
                0x00000000002069e2                memb_init
 .text.memb_alloc
                0x0000000000206a02       0x28 obj_owinos/memb.o
                0x0000000000206a02                memb_alloc
 .text.memb_free
                0x0000000000206a2a       0x2c obj_owinos/memb.o
                0x0000000000206a2a                memb_free
 .text.memb_inmemb
                0x0000000000206a56       0x1c obj_owinos/memb.o
                0x0000000000206a56                memb_inmemb
 .text.ringbuf_init
                0x0000000000206a72        0xe obj_owinos/ringbuf.o
                0x0000000000206a72                ringbuf_init
 .text.ringbuf_put
                0x0000000000206a80       0x26 obj_owinos/ringbuf.o
                0x0000000000206a80                ringbuf_put
 .text.ringbuf_get
                0x0000000000206aa6       0x20 obj_owinos/ringbuf.o
                0x0000000000206aa6                ringbuf_get
 .text.abc_send
                0x0000000000206ac6        0x4 obj_owinos/abc.o
                0x0000000000206ac6                abc_send
 .text.abc_input
                0x0000000000206aca        0xa obj_owinos/abc.o
                0x0000000000206aca                abc_input
 .text.abc_sent
                0x0000000000206ad4        0xa obj_owinos/abc.o
                0x0000000000206ad4                abc_sent
 .text.adv_packet_sent
                0x0000000000206ade        0x2 obj_owinos/broadcast-announcement.o
 .text.adv_packet_received
                0x0000000000206ae0       0x34 obj_owinos/broadcast-announcement.o
 .text.sent_by_abc
                0x0000000000206b14        0xa obj_owinos/broadcast.o
 .text.recv_from_abc
                0x0000000000206b1e       0x22 obj_owinos/broadcast.o
 .text.header_size
                0x0000000000206b40       0x16 obj_owinos/chameleon-bitopt.o
 .text.get_bits
                0x0000000000206b56       0x6c obj_owinos/chameleon-bitopt.o
                0x0000000000206b56                get_bits
 .text.unpack_header
                0x0000000000206bc2       0x9e obj_owinos/chameleon-bitopt.o
 .text.set_bits
                0x0000000000206c60       0xbc obj_owinos/chameleon-bitopt.o
                0x0000000000206c60                set_bits
 .text.pack_header
                0x0000000000206d1c       0x88 obj_owinos/chameleon-bitopt.o
 .text.chameleon_init
                0x0000000000206da4        0x4 obj_owinos/chameleon.o
                0x0000000000206da4                chameleon_init
 .text.channel_set_attributes
                0x0000000000206da8       0x18 obj_owinos/channel.o
                0x0000000000206da8                channel_set_attributes
 .text.init     0x0000000000206dc0       0x28 obj_owinos/rime.o
 .text.svcall_handler
                0x0000000000206de8       0x1e obj_owinos/mtarch.o
                0x0000000000206de8                svcall_handler
 .text.pendsv_handler
                0x0000000000206e06       0x18 obj_owinos/mtarch.o
                0x0000000000206e06                pendsv_handler
 .text.linkaddr_copy
                0x0000000000206e1e        0x6 obj_owinos/linkaddr.o
                0x0000000000206e1e                linkaddr_copy
 .text.linkaddr_cmp
                0x0000000000206e24       0x10 obj_owinos/linkaddr.o
                0x0000000000206e24                linkaddr_cmp
 .text.queuebuf_update_attr_from_packetbuf
                0x0000000000206e34        0xc obj_owinos/queuebuf.o
                0x0000000000206e34                queuebuf_update_attr_from_packetbuf
 .text.queuebuf_attr
                0x0000000000206e40        0xc obj_owinos/queuebuf.o
                0x0000000000206e40                queuebuf_attr
 .text.frame802154_has_panid
                0x0000000000206e4c       0x62 obj_owinos/frame802154.o
                0x0000000000206e4c                frame802154_has_panid
 .text.field_len
                0x0000000000206eae       0x80 obj_owinos/frame802154.o
 .text.frame802154_is_broadcast_addr
                0x0000000000206f2e       0x1e obj_owinos/frame802154.o
                0x0000000000206f2e                frame802154_is_broadcast_addr
 .text.frame802154_hdrlen
                0x0000000000206f4c       0x32 obj_owinos/frame802154.o
                0x0000000000206f4c                frame802154_hdrlen
 .text.frame802154_create
                0x0000000000206f7e       0xde obj_owinos/frame802154.o
                0x0000000000206f7e                frame802154_create
 .text.parse    0x000000000020705c       0x9e obj_owinos/framer-802154.o
 .text.hdr_length
                0x00000000002070fa        0x6 obj_owinos/framer-802154.o
 .text.create   0x0000000000207100        0x6 obj_owinos/framer-802154.o
 .text.mac_call_sent_callback
                0x0000000000207106       0x16 obj_owinos/mac.o
                0x0000000000207106                mac_call_sent_callback
 .text.channel_check_interval
                0x000000000020711c        0x4 obj_owinos/nullrdc.o
 .text.init     0x0000000000207120        0x4 obj_owinos/nullrdc.o
 .text.send_list
                0x0000000000207124       0x22 obj_owinos/nullrdc.o
 .text.send_packet
                0x0000000000207146        0x4 obj_owinos/nullrdc.o
 .text.init     0x000000000020714a        0x2 obj_owinos/nullsec.o
 *(SORT_BY_ALIGNMENT(.rodata*))
 .rodata.adc_sensors
                0x000000000020714c       0x10 obj_owinos/owinos-adc.o
                0x000000000020714c                adc_sensors
 .rodata.button_sensor
                0x000000000020715c       0x10 obj_owinos/button-sensor.o
                0x000000000020715c                button_sensor
 .rodata.uart_regs
                0x000000000020716c       0x58 obj_owinos/uart.o
 .rodata.reset_cause.0
                0x00000000002071c4       0x10 obj_owinos/sys-ctrl.o
 .rodata.cc2538_rf_driver
                0x00000000002071d4       0x38 obj_owinos/cc2538-rf.o
                0x00000000002071d4                cc2538_rf_driver
 .rodata.output_power
                0x000000000020720c       0x70 obj_owinos/cc2538-rf.o
 .rodata.cc2538_temp_sensor
                0x000000000020727c       0x10 obj_owinos/cc2538-temp-sensor.o
                0x000000000020727c                cc2538_temp_sensor
 .rodata.vdd3_sensor
                0x000000000020728c       0x10 obj_owinos/vdd3-sensor.o
                0x000000000020728c                vdd3_sensor
 .rodata.broadcast_callbacks
                0x000000000020729c        0x8 obj_owinos/broadcast-announcement.o
 .rodata.broadcast
                0x00000000002072a4        0x8 obj_owinos/broadcast.o
 .rodata.chameleon_bitopt
                0x00000000002072ac        0xc obj_owinos/chameleon-bitopt.o
                0x00000000002072ac                chameleon_bitopt
 .rodata.rime_driver
                0x00000000002072b8        0xc obj_owinos/rime.o
                0x00000000002072b8                rime_driver
 .rodata.csma_driver
                0x00000000002072c4       0x1c obj_owinos/csma.o
                0x00000000002072c4                csma_driver
 .rodata.framer_802154
                0x00000000002072e0        0xc obj_owinos/framer-802154.o
                0x00000000002072e0                framer_802154
 .rodata.nullrdc_driver
                0x00000000002072ec       0x20 obj_owinos/nullrdc.o
                0x00000000002072ec                nullrdc_driver
 .rodata.contikimac_framer
                0x000000000020730c        0xc obj_owinos/contikimac-framer.o
                0x000000000020730c                contikimac_framer
 .rodata.nullsec_driver
                0x0000000000207318       0x10 obj_owinos/nullsec.o
                0x0000000000207318                nullsec_driver
 .rodata.autostart_processes
                0x0000000000207328        0x8 photo_sensor.co
                0x0000000000207328                autostart_processes
 .rodata.linkaddr_null
                0x0000000000207330        0x2 obj_owinos/linkaddr.o
                0x0000000000207330                linkaddr_null
 .rodata.str1.1
                0x0000000000207332       0x10 obj_owinos/owinos-adc.o
 .rodata.main.str1.1
                0x0000000000207342       0x65 obj_owinos/contiki-main.o
 .rodata.str1.1
                0x00000000002073a7        0x7 obj_owinos/button-sensor.o
 .rodata.soc_print_info.str1.1
                0x00000000002073ae       0x94 obj_owinos/soc.o
 .rodata.str1.1
                0x0000000000207442       0x2d obj_owinos/sys-ctrl.o
 .rodata.str1.1
                0x000000000020746f       0x11 obj_owinos/cc2538-rf.o
 .rodata.str1.1
                0x0000000000207480       0x14 obj_owinos/cc2538-temp-sensor.o
 .rodata.str1.1
                0x0000000000207494        0x5 obj_owinos/vdd3-sensor.o
 .rodata.format_str_v.str1.1
                0x0000000000207499       0x35 obj_owinos/strformat.o
                                         0x37 (size before relaxing)
 .rodata.buffer.0
                0x00000000002074ce       0x10 obj_owinos/strformat.o
 .rodata.buffer.1
                0x00000000002074de       0x10 obj_owinos/strformat.o
 .rodata.str1.1
                0x00000000002074ee        0xf obj_owinos/ctimer.o
 .rodata.str1.1
                0x00000000002074fd        0xc obj_owinos/etimer.o
 .rodata.str1.1
                0x0000000000207509        0xe obj_owinos/serial-line.o
 .rodata.str1.1
                0x0000000000207517        0x8 obj_owinos/sensors.o
 .rodata.attributes
                0x000000000020751f        0x2 obj_owinos/abc.o
 .rodata.attributes
                0x0000000000207521        0x4 obj_owinos/broadcast.o
 .rodata.bitmask
                0x0000000000207525        0x9 obj_owinos/chameleon-bitopt.o
 .rodata.str1.1
                0x000000000020752e        0x5 obj_owinos/rime.o
 .rodata.str1.1
                0x0000000000207533        0x5 obj_owinos/csma.o
 .rodata.str1.1
                0x0000000000207538        0x8 obj_owinos/nullrdc.o
 .rodata.str1.1
                0x0000000000207540        0x8 obj_owinos/nullsec.o
 .rodata.process_thread_PHOTO_sensor_process.str1.1
                0x0000000000207548       0x2b photo_sensor.co
 .rodata.str1.1
                0x0000000000207573        0xb photo_sensor.co
                0x000000000020757e                _etext = .

.glue_7         0x0000000000207580        0x0
 .glue_7        0x0000000000207580        0x0 linker stubs

.glue_7t        0x0000000000207580        0x0
 .glue_7t       0x0000000000207580        0x0 linker stubs

.vfp11_veneer   0x0000000000207580        0x0
 .vfp11_veneer  0x0000000000207580        0x0 linker stubs

.v4_bx          0x0000000000207580        0x0
 .v4_bx         0x0000000000207580        0x0 linker stubs

.iplt           0x0000000000207580        0x0
 .iplt          0x0000000000207580        0x0 obj_owinos/startup-gcc.o

.socdata        0x0000000020004000       0x40
 *(SORT_BY_ALIGNMENT(.udma_channel_control_table))
 .udma_channel_control_table
                0x0000000020004000       0x40 obj_owinos/udma.o

.data           0x0000000020004040       0xb4 load address 0x0000000000207580
                0x0000000020004040                _data = .
 *(SORT_BY_ALIGNMENT(.data*))
 .data.sensors  0x0000000020004040        0xc obj_owinos/owinos-sensors.o
                0x0000000020004040                sensors
 .data.cc2538_rf_process
                0x000000002000404c       0x10 obj_owinos/cc2538-rf.o
                0x000000002000404c                cc2538_rf_process
 .data.ctxt     0x000000002000405c        0x8 obj_owinos/dbg-printf.o
 .data.ctimer_process
                0x0000000020004064       0x10 obj_owinos/ctimer.o
                0x0000000020004064                ctimer_process
 .data.etimer_process
                0x0000000020004074       0x10 obj_owinos/etimer.o
                0x0000000020004074                etimer_process
 .data.serial_line_process
                0x0000000020004084       0x10 obj_owinos/serial-line.o
                0x0000000020004084                serial_line_process
 .data.sensors_process
                0x0000000020004094       0x10 obj_owinos/sensors.o
                0x0000000020004094                sensors_process
 .data.bufmem   0x00000000200040a4        0xc obj_owinos/queuebuf.o
 .data.buframmem
                0x00000000200040b0        0xc obj_owinos/queuebuf.o
 .data.metadata_memb
                0x00000000200040bc        0xc obj_owinos/csma.o
 .data.neighbor_memb
                0x00000000200040c8        0xc obj_owinos/csma.o
 .data.packet_memb
                0x00000000200040d4        0xc obj_owinos/csma.o
 .data.PHOTO_sensor_process
                0x00000000200040e0       0x10 photo_sensor.co
                0x00000000200040e0                PHOTO_sensor_process
 .data.mac_pan_id
                0x00000000200040f0        0x2 obj_owinos/frame802154.o
 .data.rf_channel
                0x00000000200040f2        0x1 obj_owinos/cc2538-rf.o
 .data.send_on_cca
                0x00000000200040f3        0x1 obj_owinos/cc2538-rf.o
                0x00000000200040f4                _edata = .
                0x0000000000207580                _ldata = LOADADDR (.data)

.igot.plt       0x00000000200040f4        0x0 load address 0x0000000000207634
 .igot.plt      0x00000000200040f4        0x0 obj_owinos/startup-gcc.o

.ARM.exidx      0x0000000000207634        0x8
 *(SORT_BY_ALIGNMENT(.ARM.exidx*))
 .ARM.exidx     0x0000000000207634        0x8 /home/kamalesh/toolkit/gcc-arm-none-eabi-10-2020-q4-major/bin/../lib/gcc/arm-none-eabi/10.2.1/thumb/v7-m/nofp/libgcc.a(_udivmoddi4.o)

.bss            0x00000000200040f8      0xd45
                0x00000000200040f8                _bss = .
 *(SORT_BY_ALIGNMENT(.bss*))
 .bss.rt_ticks_epoch
                0x00000000200040f8        0x8 obj_owinos/clock.o
 .bss.rt_ticks_startup
                0x0000000020004100        0x8 obj_owinos/clock.o
 .bss.sensors   0x0000000020004108       0x24 obj_owinos/owinos-adc.o
 .bss.debouncetimer
                0x000000002000412c        0x8 obj_owinos/button-sensor.o
 .bss.press_counter
                0x0000000020004134       0x20 obj_owinos/button-sensor.o
 .bss.press_duration
                0x0000000020004154        0x4 obj_owinos/button-sensor.o
 .bss.next_trigger
                0x0000000020004158        0x4 obj_owinos/rtimer-arch.o
 .bss.input_handler
                0x000000002000415c        0x8 obj_owinos/uart.o
 .bss.gpio_callbacks
                0x0000000020004164       0x80 obj_owinos/gpio.o
 .bss.ioc_over  0x00000000200041e4        0x4 obj_owinos/ioc.o
 .bss.ioc_sel   0x00000000200041e8        0x4 obj_owinos/ioc.o
 .bss.notification_process
                0x00000000200041ec        0x4 obj_owinos/crypto.o
 .bss.periph_permit_pm1_funcs
                0x00000000200041f0       0x14 obj_owinos/lpm.o
 .bss.notification_process
                0x0000000020004204        0x4 obj_owinos/pka.o
 .bss.ctimer_list_list
                0x0000000020004208        0x4 obj_owinos/ctimer.o
 .bss.next_expiration
                0x000000002000420c        0x4 obj_owinos/etimer.o
 .bss.timerlist
                0x0000000020004210        0x4 obj_owinos/etimer.o
 .bss.events    0x0000000020004214      0x180 obj_owinos/process.o
 .bss.process_current
                0x0000000020004394        0x4 obj_owinos/process.o
                0x0000000020004394                process_current
 .bss.process_list
                0x0000000020004398        0x4 obj_owinos/process.o
                0x0000000020004398                process_list
 .bss.next_rtimer
                0x000000002000439c        0x4 obj_owinos/rtimer.o
 .bss.ptr.2     0x00000000200043a0        0x4 obj_owinos/serial-line.o
 .bss.rxbuf     0x00000000200043a4        0x8 obj_owinos/serial-line.o
 .bss.events.0  0x00000000200043ac        0x4 obj_owinos/sensors.o
 .bss.i.1       0x00000000200043b0        0x4 obj_owinos/sensors.o
 .bss.announcements_list
                0x00000000200043b4        0x4 obj_owinos/announcement.o
 .bss.observer_callback
                0x00000000200043b8        0x4 obj_owinos/announcement.o
 .bss.c         0x00000000200043bc       0x6c obj_owinos/broadcast-announcement.o
 .bss.channel_list_list
                0x0000000020004428        0x4 obj_owinos/channel.o
 .bss.sniffers_list
                0x000000002000442c        0x4 obj_owinos/rime.o
 .bss.packetbuf_aligned
                0x0000000020004430       0x80 obj_owinos/packetbuf.o
 .bss.bufmem_memb_mem
                0x00000000200044b0       0x20 obj_owinos/queuebuf.o
 .bss.metadata_memb_memb_mem
                0x00000000200044d0       0x60 obj_owinos/csma.o
 .bss.neighbor_list_list
                0x0000000020004530        0x4 obj_owinos/csma.o
 .bss.neighbor_memb_memb_mem
                0x0000000020004534       0x68 obj_owinos/csma.o
 .bss.packet_memb_memb_mem
                0x000000002000459c       0x60 obj_owinos/csma.o
 .bss.received_seqnos
                0x00000000200045fc       0xc0 obj_owinos/mac-sequence.o
 .bss.et        0x00000000200046bc       0x10 photo_sensor.co
 .bss.linkaddr_node_addr
                0x00000000200046cc        0x2 obj_owinos/linkaddr.o
                0x00000000200046cc                linkaddr_node_addr
 .bss.buflen    0x00000000200046ce        0x2 obj_owinos/packetbuf.o
 .bss.bufptr    0x00000000200046d0        0x2 obj_owinos/packetbuf.o
 .bss.packetbuf_addrs
                0x00000000200046d2        0x8 obj_owinos/packetbuf.o
                0x00000000200046d2                packetbuf_addrs
 .bss.packetbuf_attrs
                0x00000000200046da       0x34 obj_owinos/packetbuf.o
                0x00000000200046da                packetbuf_attrs
 .bss.buframmem_memb_mem
                0x000000002000470e      0x5f0 obj_owinos/queuebuf.o
 .bss.seqno.0   0x0000000020004cfe        0x2 obj_owinos/csma.o
 .bss.decimation_rate
                0x0000000020004d00        0x1 obj_owinos/owinos-adc.o
 .bss.enabled_channels
                0x0000000020004d01        0x1 obj_owinos/owinos-adc.o
 .bss.button_press_duration_exceeded
                0x0000000020004d02        0x1 obj_owinos/button-sensor.o
                0x0000000020004d02                button_press_duration_exceeded
 .bss.press_event_counter
                0x0000000020004d03        0x1 obj_owinos/button-sensor.o
 .bss.sensors_flags
                0x0000000020004d04        0x3 obj_owinos/owinos-sensors.o
                0x0000000020004d04                sensors_flags
 .bss.crc_corr  0x0000000020004d07        0x1 obj_owinos/cc2538-rf.o
 .bss.poll_mode
                0x0000000020004d08        0x1 obj_owinos/cc2538-rf.o
 .bss.rf_flags  0x0000000020004d09        0x1 obj_owinos/cc2538-rf.o
 .bss.rssi      0x0000000020004d0a        0x1 obj_owinos/cc2538-rf.o
 .bss.max_pm    0x0000000020004d0b        0x1 obj_owinos/lpm.o
 .bss.initialized
                0x0000000020004d0c        0x1 obj_owinos/ctimer.o
 .bss.fevent    0x0000000020004d0d        0x1 obj_owinos/process.o
 .bss.lastevent
                0x0000000020004d0e        0x1 obj_owinos/process.o
 .bss.nevents   0x0000000020004d0f        0x1 obj_owinos/process.o
 .bss.poll_requested
                0x0000000020004d10        0x1 obj_owinos/process.o
 .bss.leds      0x0000000020004d11        0x1 obj_owinos/leds.o
 .bss.buf.1     0x0000000020004d12       0x80 obj_owinos/serial-line.o
 .bss.overflow.0
                0x0000000020004d92        0x1 obj_owinos/serial-line.o
 .bss.rxbuf_data
                0x0000000020004d93       0x80 obj_owinos/serial-line.o
 .bss.serial_line_event_message
                0x0000000020004e13        0x1 obj_owinos/serial-line.o
                0x0000000020004e13                serial_line_event_message
 .bss.num_sensors
                0x0000000020004e14        0x1 obj_owinos/sensors.o
 .bss.sensors_event
                0x0000000020004e15        0x1 obj_owinos/sensors.o
                0x0000000020004e15                sensors_event
 .bss.hdrlen    0x0000000020004e16        0x1 obj_owinos/packetbuf.o
 .bss.bufmem_memb_count
                0x0000000020004e17        0x8 obj_owinos/queuebuf.o
 .bss.buframmem_memb_count
                0x0000000020004e1f        0x8 obj_owinos/queuebuf.o
 .bss.initialized.1
                0x0000000020004e27        0x1 obj_owinos/csma.o
 .bss.metadata_memb_memb_count
                0x0000000020004e28        0x8 obj_owinos/csma.o
 .bss.neighbor_memb_memb_count
                0x0000000020004e30        0x2 obj_owinos/csma.o
 .bss.packet_memb_memb_count
                0x0000000020004e32        0x8 obj_owinos/csma.o
 .bss.initialized
                0x0000000020004e3a        0x1 obj_owinos/framer-802154.o
 .bss.mac_dsn   0x0000000020004e3b        0x1 obj_owinos/framer-802154.o
 .bss.pwm_en    0x0000000020004e3c        0x1 photo_sensor.co
 *(SORT_BY_ALIGNMENT(COMMON))
                0x0000000020004e3d                _ebss = .

.stack          0x0000000020004e40      0x800
 *(SORT_BY_ALIGNMENT(.stack))
 .stack         0x0000000020004e40      0x800 obj_owinos/startup-gcc.o
                0x0000000020005640                _heap = .
                0x0000000020008000                _eheap = (ORIGIN (FRSRAM) + LENGTH (FRSRAM))

.nrdata         0x0000000020000000        0x0
                0x0000000020000000                _nrdata = .
 *(SORT_BY_ALIGNMENT(.nrdata*))
                0x0000000020000000                _enrdata = .

.flashcca       0x000000000027ffd4       0x2c
 *(SORT_BY_ALIGNMENT(.flashcca))
 .flashcca      0x000000000027ffd4       0x2c obj_owinos/startup-gcc.o
                0x000000000027ffd4                flash_cca_lock_page
OUTPUT(photo_sensor.elf elf32-littlearm)
LOAD linker stubs

.rel.dyn        0x0000000000280000        0x0
 .rel.iplt      0x0000000000280000        0x0 obj_owinos/startup-gcc.o

.comment        0x0000000000000000       0x4d
 .comment       0x0000000000000000       0x4d obj_owinos/startup-gcc.o
                                         0x4e (size before relaxing)
 .comment       0x000000000000004d       0x4e obj_owinos/owinos-adc.o
 .comment       0x000000000000004d       0x4e obj_owinos/contiki-main.o
 .comment       0x000000000000004d       0x4e obj_owinos/leds-arch.o
 .comment       0x000000000000004d       0x4e obj_owinos/button-sensor.o
 .comment       0x000000000000004d       0x4e obj_owinos/owinos-sensors.o
 .comment       0x000000000000004d       0x4e obj_owinos/board.o
 .comment       0x000000000000004d       0x4e obj_owinos/soc.o
 .comment       0x000000000000004d       0x4e obj_owinos/clock.o
 .comment       0x000000000000004d       0x4e obj_owinos/rtimer-arch.o
 .comment       0x000000000000004d       0x4e obj_owinos/uart.o
 .comment       0x000000000000004d       0x4e obj_owinos/watchdog.o
 .comment       0x000000000000004d       0x4e obj_owinos/nvic.o
 .comment       0x000000000000004d       0x4e obj_owinos/sys-ctrl.o
 .comment       0x000000000000004d       0x4e obj_owinos/gpio.o
 .comment       0x000000000000004d       0x4e obj_owinos/ioc.o
 .comment       0x000000000000004d       0x4e obj_owinos/adc.o
 .comment       0x000000000000004d       0x4e obj_owinos/crypto.o
 .comment       0x000000000000004d       0x4e obj_owinos/cc2538-rf.o
 .comment       0x000000000000004d       0x4e obj_owinos/udma.o
 .comment       0x000000000000004d       0x4e obj_owinos/lpm.o
 .comment       0x000000000000004d       0x4e obj_owinos/pka.o
 .comment       0x000000000000004d       0x4e obj_owinos/dbg.o
 .comment       0x000000000000004d       0x4e obj_owinos/ieee-addr.o
 .comment       0x000000000000004d       0x4e obj_owinos/cc2538-temp-sensor.o
 .comment       0x000000000000004d       0x4e obj_owinos/vdd3-sensor.o
 .comment       0x000000000000004d       0x4e obj_owinos/pwm.o
 .comment       0x000000000000004d       0x4e obj_owinos/dbg-printf.o
 .comment       0x000000000000004d       0x4e obj_owinos/strformat.o
 .comment       0x000000000000004d       0x4e obj_owinos/autostart.o
 .comment       0x000000000000004d       0x4e obj_owinos/ctimer.o
 .comment       0x000000000000004d       0x4e obj_owinos/energest.o
 .comment       0x000000000000004d       0x4e obj_owinos/etimer.o
 .comment       0x000000000000004d       0x4e obj_owinos/process.o
 .comment       0x000000000000004d       0x4e obj_owinos/rtimer.o
 .comment       0x000000000000004d       0x4e obj_owinos/timer.o
 .comment       0x000000000000004d       0x4e obj_owinos/leds.o
 .comment       0x000000000000004d       0x4e obj_owinos/serial-line.o
 .comment       0x000000000000004d       0x4e obj_owinos/list.o
 .comment       0x000000000000004d       0x4e obj_owinos/memb.o
 .comment       0x000000000000004d       0x4e obj_owinos/random.o
 .comment       0x000000000000004d       0x4e obj_owinos/ringbuf.o
 .comment       0x000000000000004d       0x4e obj_owinos/sensors.o
 .comment       0x000000000000004d       0x4e obj_owinos/abc.o
 .comment       0x000000000000004d       0x4e obj_owinos/announcement.o
 .comment       0x000000000000004d       0x4e obj_owinos/broadcast-announcement.o
 .comment       0x000000000000004d       0x4e obj_owinos/broadcast.o
 .comment       0x000000000000004d       0x4e obj_owinos/chameleon-bitopt.o
 .comment       0x000000000000004d       0x4e obj_owinos/chameleon.o
 .comment       0x000000000000004d       0x4e obj_owinos/channel.o
 .comment       0x000000000000004d       0x4e obj_owinos/rime.o
 .comment       0x000000000000004d       0x4e obj_owinos/mtarch.o
 .comment       0x000000000000004d       0x4e obj_owinos/linkaddr.o
 .comment       0x000000000000004d       0x4e obj_owinos/netstack.o
 .comment       0x000000000000004d       0x4e obj_owinos/packetbuf.o
 .comment       0x000000000000004d       0x4e obj_owinos/queuebuf.o
 .comment       0x000000000000004d       0x4e obj_owinos/csma.o
 .comment       0x000000000000004d       0x4e obj_owinos/frame802154.o
 .comment       0x000000000000004d       0x4e obj_owinos/framer-802154.o
 .comment       0x000000000000004d       0x4e obj_owinos/mac.o
 .comment       0x000000000000004d       0x4e obj_owinos/mac-sequence.o
 .comment       0x000000000000004d       0x4e obj_owinos/nullrdc.o
 .comment       0x000000000000004d       0x4e obj_owinos/contikimac-framer.o
 .comment       0x000000000000004d       0x4e obj_owinos/nullsec.o
 .comment       0x000000000000004d       0x4e photo_sensor.co

.ARM.attributes
                0x0000000000000000       0x2b
 .ARM.attributes
                0x0000000000000000       0x2d obj_owinos/startup-gcc.o
 .ARM.attributes
                0x000000000000002d       0x2d obj_owinos/owinos-adc.o
 .ARM.attributes
                0x000000000000005a       0x2d obj_owinos/contiki-main.o
 .ARM.attributes
                0x0000000000000087       0x2d obj_owinos/leds-arch.o
 .ARM.attributes
                0x00000000000000b4       0x2d obj_owinos/button-sensor.o
 .ARM.attributes
                0x00000000000000e1       0x33 obj_owinos/owinos-sensors.o
 .ARM.attributes
                0x0000000000000114       0x2d obj_owinos/board.o
 .ARM.attributes
                0x0000000000000141       0x2d obj_owinos/soc.o
 .ARM.attributes
                0x000000000000016e       0x2d obj_owinos/clock.o
 .ARM.attributes
                0x000000000000019b       0x2d obj_owinos/rtimer-arch.o
 .ARM.attributes
                0x00000000000001c8       0x2d obj_owinos/uart.o
 .ARM.attributes
                0x00000000000001f5       0x2d obj_owinos/watchdog.o
 .ARM.attributes
                0x0000000000000222       0x2d obj_owinos/nvic.o
 .ARM.attributes
                0x000000000000024f       0x2d obj_owinos/sys-ctrl.o
 .ARM.attributes
                0x000000000000027c       0x2d obj_owinos/gpio.o
 .ARM.attributes
                0x00000000000002a9       0x2d obj_owinos/ioc.o
 .ARM.attributes
                0x00000000000002d6       0x2d obj_owinos/adc.o
 .ARM.attributes
                0x0000000000000303       0x2d obj_owinos/crypto.o
 .ARM.attributes
                0x0000000000000330       0x2d obj_owinos/cc2538-rf.o
 .ARM.attributes
                0x000000000000035d       0x2d obj_owinos/udma.o
 .ARM.attributes
                0x000000000000038a       0x2d obj_owinos/lpm.o
 .ARM.attributes
                0x00000000000003b7       0x2d obj_owinos/pka.o
 .ARM.attributes
                0x00000000000003e4       0x2d obj_owinos/dbg.o
 .ARM.attributes
                0x0000000000000411       0x2d obj_owinos/ieee-addr.o
 .ARM.attributes
                0x000000000000043e       0x2d obj_owinos/cc2538-temp-sensor.o
 .ARM.attributes
                0x000000000000046b       0x2d obj_owinos/vdd3-sensor.o
 .ARM.attributes
                0x0000000000000498       0x2d obj_owinos/pwm.o
 .ARM.attributes
                0x00000000000004c5       0x2d obj_owinos/dbg-printf.o
 .ARM.attributes
                0x00000000000004f2       0x2d obj_owinos/strformat.o
 .ARM.attributes
                0x000000000000051f       0x2d obj_owinos/autostart.o
 .ARM.attributes
                0x000000000000054c       0x2d obj_owinos/ctimer.o
 .ARM.attributes
                0x0000000000000579       0x2d obj_owinos/energest.o
 .ARM.attributes
                0x00000000000005a6       0x2d obj_owinos/etimer.o
 .ARM.attributes
                0x00000000000005d3       0x2d obj_owinos/process.o
 .ARM.attributes
                0x0000000000000600       0x2d obj_owinos/rtimer.o
 .ARM.attributes
                0x000000000000062d       0x2d obj_owinos/timer.o
 .ARM.attributes
                0x000000000000065a       0x2d obj_owinos/leds.o
 .ARM.attributes
                0x0000000000000687       0x2d obj_owinos/serial-line.o
 .ARM.attributes
                0x00000000000006b4       0x2d obj_owinos/list.o
 .ARM.attributes
                0x00000000000006e1       0x2d obj_owinos/memb.o
 .ARM.attributes
                0x000000000000070e       0x2d obj_owinos/random.o
 .ARM.attributes
                0x000000000000073b       0x2d obj_owinos/ringbuf.o
 .ARM.attributes
                0x0000000000000768       0x2d obj_owinos/sensors.o
 .ARM.attributes
                0x0000000000000795       0x2d obj_owinos/abc.o
 .ARM.attributes
                0x00000000000007c2       0x2d obj_owinos/announcement.o
 .ARM.attributes
                0x00000000000007ef       0x2d obj_owinos/broadcast-announcement.o
 .ARM.attributes
                0x000000000000081c       0x2d obj_owinos/broadcast.o
 .ARM.attributes
                0x0000000000000849       0x2d obj_owinos/chameleon-bitopt.o
 .ARM.attributes
                0x0000000000000876       0x2d obj_owinos/chameleon.o
 .ARM.attributes
                0x00000000000008a3       0x2d obj_owinos/channel.o
 .ARM.attributes
                0x00000000000008d0       0x2d obj_owinos/rime.o
 .ARM.attributes
                0x00000000000008fd       0x2d obj_owinos/mtarch.o
 .ARM.attributes
                0x000000000000092a       0x2d obj_owinos/linkaddr.o
 .ARM.attributes
                0x0000000000000957       0x2d obj_owinos/netstack.o
 .ARM.attributes
                0x0000000000000984       0x2d obj_owinos/packetbuf.o
 .ARM.attributes
                0x00000000000009b1       0x2d obj_owinos/queuebuf.o
 .ARM.attributes
                0x00000000000009de       0x2d obj_owinos/csma.o
 .ARM.attributes
                0x0000000000000a0b       0x2d obj_owinos/frame802154.o
 .ARM.attributes
                0x0000000000000a38       0x2d obj_owinos/framer-802154.o
 .ARM.attributes
                0x0000000000000a65       0x2d obj_owinos/mac.o
 .ARM.attributes
                0x0000000000000a92       0x2d obj_owinos/mac-sequence.o
 .ARM.attributes
                0x0000000000000abf       0x2d obj_owinos/nullrdc.o
 .ARM.attributes
                0x0000000000000aec       0x2d obj_owinos/contikimac-framer.o
 .ARM.attributes
                0x0000000000000b19       0x2d obj_owinos/nullsec.o
 .ARM.attributes
                0x0000000000000b46       0x2d photo_sensor.co
 .ARM.attributes
                0x0000000000000b73       0x1d /home/kamalesh/toolkit/gcc-arm-none-eabi-10-2020-q4-major/bin/../lib/gcc/arm-none-eabi/10.2.1/thumb/v7-m/nofp/libgcc.a(_arm_muldf3.o)
 .ARM.attributes
                0x0000000000000b90       0x1d /home/kamalesh/toolkit/gcc-arm-none-eabi-10-2020-q4-major/bin/../lib/gcc/arm-none-eabi/10.2.1/thumb/v7-m/nofp/libgcc.a(_arm_addsubdf3.o)
 .ARM.attributes
                0x0000000000000bad       0x1d /home/kamalesh/toolkit/gcc-arm-none-eabi-10-2020-q4-major/bin/../lib/gcc/arm-none-eabi/10.2.1/thumb/v7-m/nofp/libgcc.a(_arm_fixunsdfsi.o)
 .ARM.attributes
                0x0000000000000bca       0x1d /home/kamalesh/toolkit/gcc-arm-none-eabi-10-2020-q4-major/bin/../lib/gcc/arm-none-eabi/10.2.1/thumb/v7-m/nofp/libgcc.a(_aeabi_uldivmod.o)
 .ARM.attributes
                0x0000000000000be7       0x2d /home/kamalesh/toolkit/gcc-arm-none-eabi-10-2020-q4-major/bin/../lib/gcc/arm-none-eabi/10.2.1/thumb/v7-m/nofp/libgcc.a(_udivmoddi4.o)
 .ARM.attributes
                0x0000000000000c14       0x1d /home/kamalesh/toolkit/gcc-arm-none-eabi-10-2020-q4-major/bin/../lib/gcc/arm-none-eabi/10.2.1/thumb/v7-m/nofp/libgcc.a(_dvmd_tls.o)
 .ARM.attributes
                0x0000000000000c31       0x2d /home/kamalesh/toolkit/gcc-arm-none-eabi-10-2020-q4-major/bin/../lib/gcc/arm-none-eabi/10.2.1/../../../../arm-none-eabi/lib/thumb/v7-m/nofp/libc.a(lib_a-memcmp.o)
 .ARM.attributes
                0x0000000000000c5e       0x1b /home/kamalesh/toolkit/gcc-arm-none-eabi-10-2020-q4-major/bin/../lib/gcc/arm-none-eabi/10.2.1/../../../../arm-none-eabi/lib/thumb/v7-m/nofp/libc.a(lib_a-memcpy.o)
 .ARM.attributes
                0x0000000000000c79       0x2d /home/kamalesh/toolkit/gcc-arm-none-eabi-10-2020-q4-major/bin/../lib/gcc/arm-none-eabi/10.2.1/../../../../arm-none-eabi/lib/thumb/v7-m/nofp/libc.a(lib_a-memset.o)

.debug_frame    0x0000000000000000      0x1b4
 .debug_frame   0x0000000000000000       0x30 /home/kamalesh/toolkit/gcc-arm-none-eabi-10-2020-q4-major/bin/../lib/gcc/arm-none-eabi/10.2.1/thumb/v7-m/nofp/libgcc.a(_arm_muldf3.o)
 .debug_frame   0x0000000000000030       0xac /home/kamalesh/toolkit/gcc-arm-none-eabi-10-2020-q4-major/bin/../lib/gcc/arm-none-eabi/10.2.1/thumb/v7-m/nofp/libgcc.a(_arm_addsubdf3.o)
 .debug_frame   0x00000000000000dc       0x24 /home/kamalesh/toolkit/gcc-arm-none-eabi-10-2020-q4-major/bin/../lib/gcc/arm-none-eabi/10.2.1/thumb/v7-m/nofp/libgcc.a(_arm_fixunsdfsi.o)
 .debug_frame   0x0000000000000100       0x2c /home/kamalesh/toolkit/gcc-arm-none-eabi-10-2020-q4-major/bin/../lib/gcc/arm-none-eabi/10.2.1/thumb/v7-m/nofp/libgcc.a(_aeabi_uldivmod.o)
 .debug_frame   0x000000000000012c       0x34 /home/kamalesh/toolkit/gcc-arm-none-eabi-10-2020-q4-major/bin/../lib/gcc/arm-none-eabi/10.2.1/thumb/v7-m/nofp/libgcc.a(_udivmoddi4.o)
 .debug_frame   0x0000000000000160       0x28 /home/kamalesh/toolkit/gcc-arm-none-eabi-10-2020-q4-major/bin/../lib/gcc/arm-none-eabi/10.2.1/../../../../arm-none-eabi/lib/thumb/v7-m/nofp/libc.a(lib_a-memcmp.o)
 .debug_frame   0x0000000000000188       0x2c /home/kamalesh/toolkit/gcc-arm-none-eabi-10-2020-q4-major/bin/../lib/gcc/arm-none-eabi/10.2.1/../../../../arm-none-eabi/lib/thumb/v7-m/nofp/libc.a(lib_a-memset.o)

Cross Reference Table

Symbol                                            File
PHOTO_sensor_process                              photo_sensor.co
__adddf3                                          /home/kamalesh/toolkit/gcc-arm-none-eabi-10-2020-q4-major/bin/../lib/gcc/arm-none-eabi/10.2.1/thumb/v7-m/nofp/libgcc.a(_arm_addsubdf3.o)
__aeabi_d2uiz                                     /home/kamalesh/toolkit/gcc-arm-none-eabi-10-2020-q4-major/bin/../lib/gcc/arm-none-eabi/10.2.1/thumb/v7-m/nofp/libgcc.a(_arm_fixunsdfsi.o)
                                                  obj_owinos/owinos-adc.o
__aeabi_dadd                                      /home/kamalesh/toolkit/gcc-arm-none-eabi-10-2020-q4-major/bin/../lib/gcc/arm-none-eabi/10.2.1/thumb/v7-m/nofp/libgcc.a(_arm_addsubdf3.o)
__aeabi_dmul                                      /home/kamalesh/toolkit/gcc-arm-none-eabi-10-2020-q4-major/bin/../lib/gcc/arm-none-eabi/10.2.1/thumb/v7-m/nofp/libgcc.a(_arm_muldf3.o)
                                                  obj_owinos/owinos-adc.o
__aeabi_drsub                                     /home/kamalesh/toolkit/gcc-arm-none-eabi-10-2020-q4-major/bin/../lib/gcc/arm-none-eabi/10.2.1/thumb/v7-m/nofp/libgcc.a(_arm_addsubdf3.o)
__aeabi_dsub                                      /home/kamalesh/toolkit/gcc-arm-none-eabi-10-2020-q4-major/bin/../lib/gcc/arm-none-eabi/10.2.1/thumb/v7-m/nofp/libgcc.a(_arm_addsubdf3.o)
__aeabi_f2d                                       /home/kamalesh/toolkit/gcc-arm-none-eabi-10-2020-q4-major/bin/../lib/gcc/arm-none-eabi/10.2.1/thumb/v7-m/nofp/libgcc.a(_arm_addsubdf3.o)
__aeabi_i2d                                       /home/kamalesh/toolkit/gcc-arm-none-eabi-10-2020-q4-major/bin/../lib/gcc/arm-none-eabi/10.2.1/thumb/v7-m/nofp/libgcc.a(_arm_addsubdf3.o)
__aeabi_idiv0                                     /home/kamalesh/toolkit/gcc-arm-none-eabi-10-2020-q4-major/bin/../lib/gcc/arm-none-eabi/10.2.1/thumb/v7-m/nofp/libgcc.a(_dvmd_tls.o)
__aeabi_l2d                                       /home/kamalesh/toolkit/gcc-arm-none-eabi-10-2020-q4-major/bin/../lib/gcc/arm-none-eabi/10.2.1/thumb/v7-m/nofp/libgcc.a(_arm_addsubdf3.o)
__aeabi_ldiv0                                     /home/kamalesh/toolkit/gcc-arm-none-eabi-10-2020-q4-major/bin/../lib/gcc/arm-none-eabi/10.2.1/thumb/v7-m/nofp/libgcc.a(_dvmd_tls.o)
                                                  /home/kamalesh/toolkit/gcc-arm-none-eabi-10-2020-q4-major/bin/../lib/gcc/arm-none-eabi/10.2.1/thumb/v7-m/nofp/libgcc.a(_aeabi_uldivmod.o)
__aeabi_ui2d                                      /home/kamalesh/toolkit/gcc-arm-none-eabi-10-2020-q4-major/bin/../lib/gcc/arm-none-eabi/10.2.1/thumb/v7-m/nofp/libgcc.a(_arm_addsubdf3.o)
                                                  obj_owinos/owinos-adc.o
__aeabi_ul2d                                      /home/kamalesh/toolkit/gcc-arm-none-eabi-10-2020-q4-major/bin/../lib/gcc/arm-none-eabi/10.2.1/thumb/v7-m/nofp/libgcc.a(_arm_addsubdf3.o)
__aeabi_uldivmod                                  /home/kamalesh/toolkit/gcc-arm-none-eabi-10-2020-q4-major/bin/../lib/gcc/arm-none-eabi/10.2.1/thumb/v7-m/nofp/libgcc.a(_aeabi_uldivmod.o)
                                                  obj_owinos/strformat.o
                                                  obj_owinos/cc2538-rf.o
__extendsfdf2                                     /home/kamalesh/toolkit/gcc-arm-none-eabi-10-2020-q4-major/bin/../lib/gcc/arm-none-eabi/10.2.1/thumb/v7-m/nofp/libgcc.a(_arm_addsubdf3.o)
__fixunsdfsi                                      /home/kamalesh/toolkit/gcc-arm-none-eabi-10-2020-q4-major/bin/../lib/gcc/arm-none-eabi/10.2.1/thumb/v7-m/nofp/libgcc.a(_arm_fixunsdfsi.o)
__floatdidf                                       /home/kamalesh/toolkit/gcc-arm-none-eabi-10-2020-q4-major/bin/../lib/gcc/arm-none-eabi/10.2.1/thumb/v7-m/nofp/libgcc.a(_arm_addsubdf3.o)
__floatsidf                                       /home/kamalesh/toolkit/gcc-arm-none-eabi-10-2020-q4-major/bin/../lib/gcc/arm-none-eabi/10.2.1/thumb/v7-m/nofp/libgcc.a(_arm_addsubdf3.o)
__floatundidf                                     /home/kamalesh/toolkit/gcc-arm-none-eabi-10-2020-q4-major/bin/../lib/gcc/arm-none-eabi/10.2.1/thumb/v7-m/nofp/libgcc.a(_arm_addsubdf3.o)
__floatunsidf                                     /home/kamalesh/toolkit/gcc-arm-none-eabi-10-2020-q4-major/bin/../lib/gcc/arm-none-eabi/10.2.1/thumb/v7-m/nofp/libgcc.a(_arm_addsubdf3.o)
__lock___arc4random_mutex                         /home/kamalesh/toolkit/gcc-arm-none-eabi-10-2020-q4-major/bin/../lib/gcc/arm-none-eabi/10.2.1/../../../../arm-none-eabi/lib/thumb/v7-m/nofp/libc.a(lib_a-lock.o)
__lock___at_quick_exit_mutex                      /home/kamalesh/toolkit/gcc-arm-none-eabi-10-2020-q4-major/bin/../lib/gcc/arm-none-eabi/10.2.1/../../../../arm-none-eabi/lib/thumb/v7-m/nofp/libc.a(lib_a-lock.o)
__lock___atexit_recursive_mutex                   /home/kamalesh/toolkit/gcc-arm-none-eabi-10-2020-q4-major/bin/../lib/gcc/arm-none-eabi/10.2.1/../../../../arm-none-eabi/lib/thumb/v7-m/nofp/libc.a(lib_a-lock.o)
__lock___dd_hash_mutex                            /home/kamalesh/toolkit/gcc-arm-none-eabi-10-2020-q4-major/bin/../lib/gcc/arm-none-eabi/10.2.1/../../../../arm-none-eabi/lib/thumb/v7-m/nofp/libc.a(lib_a-lock.o)
__lock___env_recursive_mutex                      /home/kamalesh/toolkit/gcc-arm-none-eabi-10-2020-q4-major/bin/../lib/gcc/arm-none-eabi/10.2.1/../../../../arm-none-eabi/lib/thumb/v7-m/nofp/libc.a(lib_a-lock.o)
__lock___malloc_recursive_mutex                   /home/kamalesh/toolkit/gcc-arm-none-eabi-10-2020-q4-major/bin/../lib/gcc/arm-none-eabi/10.2.1/../../../../arm-none-eabi/lib/thumb/v7-m/nofp/libc.a(lib_a-lock.o)
                                                  /home/kamalesh/toolkit/gcc-arm-none-eabi-10-2020-q4-major/bin/../lib/gcc/arm-none-eabi/10.2.1/../../../../arm-none-eabi/lib/thumb/v7-m/nofp/libc.a(lib_a-mlock.o)
__lock___sfp_recursive_mutex                      /home/kamalesh/toolkit/gcc-arm-none-eabi-10-2020-q4-major/bin/../lib/gcc/arm-none-eabi/10.2.1/../../../../arm-none-eabi/lib/thumb/v7-m/nofp/libc.a(lib_a-lock.o)
__lock___sinit_recursive_mutex                    /home/kamalesh/toolkit/gcc-arm-none-eabi-10-2020-q4-major/bin/../lib/gcc/arm-none-eabi/10.2.1/../../../../arm-none-eabi/lib/thumb/v7-m/nofp/libc.a(lib_a-lock.o)
__lock___tz_mutex                                 /home/kamalesh/toolkit/gcc-arm-none-eabi-10-2020-q4-major/bin/../lib/gcc/arm-none-eabi/10.2.1/../../../../arm-none-eabi/lib/thumb/v7-m/nofp/libc.a(lib_a-lock.o)
__malloc_av_                                      /home/kamalesh/toolkit/gcc-arm-none-eabi-10-2020-q4-major/bin/../lib/gcc/arm-none-eabi/10.2.1/../../../../arm-none-eabi/lib/thumb/v7-m/nofp/libc.a(lib_a-mallocr.o)
                                                  /home/kamalesh/toolkit/gcc-arm-none-eabi-10-2020-q4-major/bin/../lib/gcc/arm-none-eabi/10.2.1/../../../../arm-none-eabi/lib/thumb/v7-m/nofp/libc.a(lib_a-freer.o)
__malloc_current_mallinfo                         /home/kamalesh/toolkit/gcc-arm-none-eabi-10-2020-q4-major/bin/../lib/gcc/arm-none-eabi/10.2.1/../../../../arm-none-eabi/lib/thumb/v7-m/nofp/libc.a(lib_a-mallocr.o)
                                                  /home/kamalesh/toolkit/gcc-arm-none-eabi-10-2020-q4-major/bin/../lib/gcc/arm-none-eabi/10.2.1/../../../../arm-none-eabi/lib/thumb/v7-m/nofp/libc.a(lib_a-freer.o)
__malloc_lock                                     /home/kamalesh/toolkit/gcc-arm-none-eabi-10-2020-q4-major/bin/../lib/gcc/arm-none-eabi/10.2.1/../../../../arm-none-eabi/lib/thumb/v7-m/nofp/libc.a(lib_a-mlock.o)
                                                  /home/kamalesh/toolkit/gcc-arm-none-eabi-10-2020-q4-major/bin/../lib/gcc/arm-none-eabi/10.2.1/../../../../arm-none-eabi/lib/thumb/v7-m/nofp/libc.a(lib_a-mallocr.o)
                                                  /home/kamalesh/toolkit/gcc-arm-none-eabi-10-2020-q4-major/bin/../lib/gcc/arm-none-eabi/10.2.1/../../../../arm-none-eabi/lib/thumb/v7-m/nofp/libc.a(lib_a-freer.o)
__malloc_max_sbrked_mem                           /home/kamalesh/toolkit/gcc-arm-none-eabi-10-2020-q4-major/bin/../lib/gcc/arm-none-eabi/10.2.1/../../../../arm-none-eabi/lib/thumb/v7-m/nofp/libc.a(lib_a-mallocr.o)
__malloc_max_total_mem                            /home/kamalesh/toolkit/gcc-arm-none-eabi-10-2020-q4-major/bin/../lib/gcc/arm-none-eabi/10.2.1/../../../../arm-none-eabi/lib/thumb/v7-m/nofp/libc.a(lib_a-mallocr.o)
__malloc_sbrk_base                                /home/kamalesh/toolkit/gcc-arm-none-eabi-10-2020-q4-major/bin/../lib/gcc/arm-none-eabi/10.2.1/../../../../arm-none-eabi/lib/thumb/v7-m/nofp/libc.a(lib_a-mallocr.o)
                                                  /home/kamalesh/toolkit/gcc-arm-none-eabi-10-2020-q4-major/bin/../lib/gcc/arm-none-eabi/10.2.1/../../../../arm-none-eabi/lib/thumb/v7-m/nofp/libc.a(lib_a-freer.o)
__malloc_top_pad                                  /home/kamalesh/toolkit/gcc-arm-none-eabi-10-2020-q4-major/bin/../lib/gcc/arm-none-eabi/10.2.1/../../../../arm-none-eabi/lib/thumb/v7-m/nofp/libc.a(lib_a-mallocr.o)
                                                  /home/kamalesh/toolkit/gcc-arm-none-eabi-10-2020-q4-major/bin/../lib/gcc/arm-none-eabi/10.2.1/../../../../arm-none-eabi/lib/thumb/v7-m/nofp/libc.a(lib_a-freer.o)
__malloc_trim_threshold                           /home/kamalesh/toolkit/gcc-arm-none-eabi-10-2020-q4-major/bin/../lib/gcc/arm-none-eabi/10.2.1/../../../../arm-none-eabi/lib/thumb/v7-m/nofp/libc.a(lib_a-mallocr.o)
                                                  /home/kamalesh/toolkit/gcc-arm-none-eabi-10-2020-q4-major/bin/../lib/gcc/arm-none-eabi/10.2.1/../../../../arm-none-eabi/lib/thumb/v7-m/nofp/libc.a(lib_a-freer.o)
__malloc_unlock                                   /home/kamalesh/toolkit/gcc-arm-none-eabi-10-2020-q4-major/bin/../lib/gcc/arm-none-eabi/10.2.1/../../../../arm-none-eabi/lib/thumb/v7-m/nofp/libc.a(lib_a-mlock.o)
                                                  /home/kamalesh/toolkit/gcc-arm-none-eabi-10-2020-q4-major/bin/../lib/gcc/arm-none-eabi/10.2.1/../../../../arm-none-eabi/lib/thumb/v7-m/nofp/libc.a(lib_a-mallocr.o)
                                                  /home/kamalesh/toolkit/gcc-arm-none-eabi-10-2020-q4-major/bin/../lib/gcc/arm-none-eabi/10.2.1/../../../../arm-none-eabi/lib/thumb/v7-m/nofp/libc.a(lib_a-freer.o)
__muldf3                                          /home/kamalesh/toolkit/gcc-arm-none-eabi-10-2020-q4-major/bin/../lib/gcc/arm-none-eabi/10.2.1/thumb/v7-m/nofp/libgcc.a(_arm_muldf3.o)
__retarget_lock_acquire                           /home/kamalesh/toolkit/gcc-arm-none-eabi-10-2020-q4-major/bin/../lib/gcc/arm-none-eabi/10.2.1/../../../../arm-none-eabi/lib/thumb/v7-m/nofp/libc.a(lib_a-lock.o)
__retarget_lock_acquire_recursive                 /home/kamalesh/toolkit/gcc-arm-none-eabi-10-2020-q4-major/bin/../lib/gcc/arm-none-eabi/10.2.1/../../../../arm-none-eabi/lib/thumb/v7-m/nofp/libc.a(lib_a-lock.o)
                                                  /home/kamalesh/toolkit/gcc-arm-none-eabi-10-2020-q4-major/bin/../lib/gcc/arm-none-eabi/10.2.1/../../../../arm-none-eabi/lib/thumb/v7-m/nofp/libc.a(lib_a-mlock.o)
__retarget_lock_close                             /home/kamalesh/toolkit/gcc-arm-none-eabi-10-2020-q4-major/bin/../lib/gcc/arm-none-eabi/10.2.1/../../../../arm-none-eabi/lib/thumb/v7-m/nofp/libc.a(lib_a-lock.o)
__retarget_lock_close_recursive                   /home/kamalesh/toolkit/gcc-arm-none-eabi-10-2020-q4-major/bin/../lib/gcc/arm-none-eabi/10.2.1/../../../../arm-none-eabi/lib/thumb/v7-m/nofp/libc.a(lib_a-lock.o)
__retarget_lock_init                              /home/kamalesh/toolkit/gcc-arm-none-eabi-10-2020-q4-major/bin/../lib/gcc/arm-none-eabi/10.2.1/../../../../arm-none-eabi/lib/thumb/v7-m/nofp/libc.a(lib_a-lock.o)
__retarget_lock_init_recursive                    /home/kamalesh/toolkit/gcc-arm-none-eabi-10-2020-q4-major/bin/../lib/gcc/arm-none-eabi/10.2.1/../../../../arm-none-eabi/lib/thumb/v7-m/nofp/libc.a(lib_a-lock.o)
__retarget_lock_release                           /home/kamalesh/toolkit/gcc-arm-none-eabi-10-2020-q4-major/bin/../lib/gcc/arm-none-eabi/10.2.1/../../../../arm-none-eabi/lib/thumb/v7-m/nofp/libc.a(lib_a-lock.o)
__retarget_lock_release_recursive                 /home/kamalesh/toolkit/gcc-arm-none-eabi-10-2020-q4-major/bin/../lib/gcc/arm-none-eabi/10.2.1/../../../../arm-none-eabi/lib/thumb/v7-m/nofp/libc.a(lib_a-lock.o)
                                                  /home/kamalesh/toolkit/gcc-arm-none-eabi-10-2020-q4-major/bin/../lib/gcc/arm-none-eabi/10.2.1/../../../../arm-none-eabi/lib/thumb/v7-m/nofp/libc.a(lib_a-mlock.o)
__retarget_lock_try_acquire                       /home/kamalesh/toolkit/gcc-arm-none-eabi-10-2020-q4-major/bin/../lib/gcc/arm-none-eabi/10.2.1/../../../../arm-none-eabi/lib/thumb/v7-m/nofp/libc.a(lib_a-lock.o)
__retarget_lock_try_acquire_recursive             /home/kamalesh/toolkit/gcc-arm-none-eabi-10-2020-q4-major/bin/../lib/gcc/arm-none-eabi/10.2.1/../../../../arm-none-eabi/lib/thumb/v7-m/nofp/libc.a(lib_a-lock.o)
__subdf3                                          /home/kamalesh/toolkit/gcc-arm-none-eabi-10-2020-q4-major/bin/../lib/gcc/arm-none-eabi/10.2.1/thumb/v7-m/nofp/libgcc.a(_arm_addsubdf3.o)
__udivmoddi4                                      /home/kamalesh/toolkit/gcc-arm-none-eabi-10-2020-q4-major/bin/../lib/gcc/arm-none-eabi/10.2.1/thumb/v7-m/nofp/libgcc.a(_udivmoddi4.o)
                                                  /home/kamalesh/toolkit/gcc-arm-none-eabi-10-2020-q4-major/bin/../lib/gcc/arm-none-eabi/10.2.1/thumb/v7-m/nofp/libgcc.a(_aeabi_uldivmod.o)
_bss                                              obj_owinos/startup-gcc.o
_data                                             obj_owinos/startup-gcc.o
_ebss                                             obj_owinos/startup-gcc.o
_edata                                            obj_owinos/startup-gcc.o
_eheap                                            obj_owinos/syscalls.o
_free_r                                           /home/kamalesh/toolkit/gcc-arm-none-eabi-10-2020-q4-major/bin/../lib/gcc/arm-none-eabi/10.2.1/../../../../arm-none-eabi/lib/thumb/v7-m/nofp/libc.a(lib_a-freer.o)
                                                  /home/kamalesh/toolkit/gcc-arm-none-eabi-10-2020-q4-major/bin/../lib/gcc/arm-none-eabi/10.2.1/../../../../arm-none-eabi/lib/thumb/v7-m/nofp/libc.a(lib_a-mallocr.o)
                                                  /home/kamalesh/toolkit/gcc-arm-none-eabi-10-2020-q4-major/bin/../lib/gcc/arm-none-eabi/10.2.1/../../../../arm-none-eabi/lib/thumb/v7-m/nofp/libc.a(lib_a-reent.o)
_global_impure_ptr                                /home/kamalesh/toolkit/gcc-arm-none-eabi-10-2020-q4-major/bin/../lib/gcc/arm-none-eabi/10.2.1/../../../../arm-none-eabi/lib/thumb/v7-m/nofp/libc.a(lib_a-impure.o)
_heap                                             obj_owinos/syscalls.o
_impure_ptr                                       /home/kamalesh/toolkit/gcc-arm-none-eabi-10-2020-q4-major/bin/../lib/gcc/arm-none-eabi/10.2.1/../../../../arm-none-eabi/lib/thumb/v7-m/nofp/libc.a(lib_a-impure.o)
                                                  /home/kamalesh/toolkit/gcc-arm-none-eabi-10-2020-q4-major/bin/../lib/gcc/arm-none-eabi/10.2.1/../../../../arm-none-eabi/lib/thumb/v7-m/nofp/libc.a(lib_a-reent.o)
_ldata                                            obj_owinos/startup-gcc.o
_malloc_r                                         /home/kamalesh/toolkit/gcc-arm-none-eabi-10-2020-q4-major/bin/../lib/gcc/arm-none-eabi/10.2.1/../../../../arm-none-eabi/lib/thumb/v7-m/nofp/libc.a(lib_a-mallocr.o)
_malloc_trim_r                                    /home/kamalesh/toolkit/gcc-arm-none-eabi-10-2020-q4-major/bin/../lib/gcc/arm-none-eabi/10.2.1/../../../../arm-none-eabi/lib/thumb/v7-m/nofp/libc.a(lib_a-freer.o)
_reclaim_reent                                    /home/kamalesh/toolkit/gcc-arm-none-eabi-10-2020-q4-major/bin/../lib/gcc/arm-none-eabi/10.2.1/../../../../arm-none-eabi/lib/thumb/v7-m/nofp/libc.a(lib_a-reent.o)
_sbrk                                             obj_owinos/syscalls.o
                                                  /home/kamalesh/toolkit/gcc-arm-none-eabi-10-2020-q4-major/bin/../lib/gcc/arm-none-eabi/10.2.1/../../../../arm-none-eabi/lib/thumb/v7-m/nofp/libc.a(lib_a-sbrkr.o)
_sbrk_r                                           /home/kamalesh/toolkit/gcc-arm-none-eabi-10-2020-q4-major/bin/../lib/gcc/arm-none-eabi/10.2.1/../../../../arm-none-eabi/lib/thumb/v7-m/nofp/libc.a(lib_a-sbrkr.o)
                                                  /home/kamalesh/toolkit/gcc-arm-none-eabi-10-2020-q4-major/bin/../lib/gcc/arm-none-eabi/10.2.1/../../../../arm-none-eabi/lib/thumb/v7-m/nofp/libc.a(lib_a-mallocr.o)
                                                  /home/kamalesh/toolkit/gcc-arm-none-eabi-10-2020-q4-major/bin/../lib/gcc/arm-none-eabi/10.2.1/../../../../arm-none-eabi/lib/thumb/v7-m/nofp/libc.a(lib_a-freer.o)
_xassert                                          obj_owinos/assert.o
abc_close                                         obj_owinos/abc.o
                                                  obj_owinos/polite.o
                                                  obj_owinos/broadcast.o
abc_input                                         obj_owinos/abc.o
                                                  obj_owinos/rime.o
abc_open                                          obj_owinos/abc.o
                                                  obj_owinos/polite.o
                                                  obj_owinos/broadcast.o
abc_send                                          obj_owinos/abc.o
                                                  obj_owinos/polite.o
                                                  obj_owinos/broadcast.o
abc_sent                                          obj_owinos/abc.o
                                                  obj_owinos/rime.o
accm_init                                         obj_owinos/adxl345.o
accm_int1_cb                                      obj_owinos/adxl345.o
accm_int2_cb                                      obj_owinos/adxl345.o
accm_read_axis                                    obj_owinos/adxl345.o
accm_set_grange                                   obj_owinos/adxl345.o
accm_set_irq                                      obj_owinos/adxl345.o
accm_stop                                         obj_owinos/adxl345.o
accmeter_process                                  obj_owinos/adxl345.o
adc_get                                           obj_owinos/adc.o
                                                  obj_owinos/vdd3-sensor.o
                                                  obj_owinos/cc2538-temp-sensor.o
                                                  obj_owinos/adc-owinos.o
                                                  obj_owinos/owinos-adc.o
adc_init                                          obj_owinos/adc.o
                                                  obj_owinos/adc-owinos.o
                                                  obj_owinos/owinos-adc.o
adc_owinos                                        obj_owinos/adc-owinos.o
adc_sensors                                       obj_owinos/owinos-adc.o
                                                  photo_sensor.co
adxl345                                           obj_owinos/adxl345.o
aes_128_driver                                    obj_owinos/aes-128.o
aes_128_set_padded_key                            obj_owinos/aes-128.o
aes_auth_crypt_check_status                       obj_owinos/aes.o
                                                  obj_owinos/cc2538-ccm-star.o
                                                  obj_owinos/ctr.o
                                                  obj_owinos/cbc.o
                                                  obj_owinos/ecb.o
aes_auth_crypt_get_result                         obj_owinos/aes.o
                                                  obj_owinos/ccm.o
                                                  obj_owinos/gcm.o