Archive member included to satisfy reference by file (symbol)

/home/kamalesh/toolkit/gcc-arm-none-eabi-10-2020-q4-major/bin/../lib/gcc/arm-none-eabi/10.2.1/thumb/v7-m/nofp/libgcc.a(_aeabi_uldivmod.o)
                              obj_owinos/cc2538-rf.o (__aeabi_uldivmod)
/home/kamalesh/toolkit/gcc-arm-none-eabi-10-2020-q4-major/bin/../lib/gcc/arm-none-eabi/10.2.1/thumb/v7-m/nofp/libgcc.a(_udivmoddi4.o)
                              /home/kamalesh/toolkit/gcc-arm-none-eabi-10-2020-q4-major/bin/../lib/gcc/arm-none-eabi/10.2.1/thumb/v7-m/nofp/libgcc.a(_aeabi_uldivmod.o) (__udivmoddi4)
/home/kamalesh/toolkit/gcc-arm-none-eabi-10-2020-q4-major/bin/../lib/gcc/arm-none-eabi/10.2.1/thumb/v7-m/nofp/libgcc.a(_dvmd_tls.o)
                              /home/kamalesh/toolkit/gcc-arm-none-eabi-10-2020-q4-major/bin/../lib/gcc/arm-none-eabi/10.2.1/thumb/v7-m/nofp/libgcc.a(_aeabi_uldivmod.o) (__aeabi_ldiv0)
/home/kamalesh/toolkit/gcc-arm-none-eabi-10-2020-q4-major/bin/../lib/gcc/arm-none-eabi/10.2.1/../../../../arm-none-eabi/lib/thumb/v7-m/nofp/libc.a(lib_a-atoi.o)
                              obj_owinos/mosquitto.o (atoi)
/home/kamalesh/toolkit/gcc-arm-none-eabi-10-2020-q4-major/bin/../lib/gcc/arm-none-eabi/10.2.1/../../../../arm-none-eabi/lib/thumb/v7-m/nofp/libc.a(lib_a-ctype_.o)
                              obj_owinos/resolv.o (_ctype_)
/home/kamalesh/toolkit/gcc-arm-none-eabi-10-2020-q4-major/bin/../lib/gcc/arm-none-eabi/10.2.1/../../../../arm-none-eabi/lib/thumb/v7-m/nofp/libc.a(lib_a-memcmp.o)
                              obj_owinos/slip.o (memcmp)
/home/kamalesh/toolkit/gcc-arm-none-eabi-10-2020-q4-major/bin/../lib/gcc/arm-none-eabi/10.2.1/../../../../arm-none-eabi/lib/thumb/v7-m/nofp/libc.a(lib_a-memcpy.o)
                              obj_owinos/mqtt.o (memcpy)
/home/kamalesh/toolkit/gcc-arm-none-eabi-10-2020-q4-major/bin/../lib/gcc/arm-none-eabi/10.2.1/../../../../arm-none-eabi/lib/thumb/v7-m/nofp/libc.a(lib_a-memmove.o)
                              obj_owinos/mmem.o (memmove)
/home/kamalesh/toolkit/gcc-arm-none-eabi-10-2020-q4-major/bin/../lib/gcc/arm-none-eabi/10.2.1/../../../../arm-none-eabi/lib/thumb/v7-m/nofp/libc.a(lib_a-memset.o)
                              obj_owinos/mqtt.o (memset)
/home/kamalesh/toolkit/gcc-arm-none-eabi-10-2020-q4-major/bin/../lib/gcc/arm-none-eabi/10.2.1/../../../../arm-none-eabi/lib/thumb/v7-m/nofp/libc.a(lib_a-reent.o)
                              obj_owinos/syscalls.o (errno)
/home/kamalesh/toolkit/gcc-arm-none-eabi-10-2020-q4-major/bin/../lib/gcc/arm-none-eabi/10.2.1/../../../../arm-none-eabi/lib/thumb/v7-m/nofp/libc.a(lib_a-strcasecmp.o)
                              obj_owinos/resolv.o (strcasecmp)
/home/kamalesh/toolkit/gcc-arm-none-eabi-10-2020-q4-major/bin/../lib/gcc/arm-none-eabi/10.2.1/../../../../arm-none-eabi/lib/thumb/v7-m/nofp/libc.a(lib_a-strcat.o)
                              obj_owinos/resolv.o (strcat)
/home/kamalesh/toolkit/gcc-arm-none-eabi-10-2020-q4-major/bin/../lib/gcc/arm-none-eabi/10.2.1/../../../../arm-none-eabi/lib/thumb/v7-m/nofp/libc.a(lib_a-strcmp.o)
                              obj_owinos/cfs-coffee.o (strcmp)
/home/kamalesh/toolkit/gcc-arm-none-eabi-10-2020-q4-major/bin/../lib/gcc/arm-none-eabi/10.2.1/../../../../arm-none-eabi/lib/thumb/v7-m/nofp/libc.a(lib_a-strcpy.o)
                              /home/kamalesh/toolkit/gcc-arm-none-eabi-10-2020-q4-major/bin/../lib/gcc/arm-none-eabi/10.2.1/../../../../arm-none-eabi/lib/thumb/v7-m/nofp/libc.a(lib_a-strcat.o) (strcpy)
/home/kamalesh/toolkit/gcc-arm-none-eabi-10-2020-q4-major/bin/../lib/gcc/arm-none-eabi/10.2.1/../../../../arm-none-eabi/lib/thumb/v7-m/nofp/libc.a(lib_a-strlen-stub.o)
                              obj_owinos/mqtt.o (strlen)
/home/kamalesh/toolkit/gcc-arm-none-eabi-10-2020-q4-major/bin/../lib/gcc/arm-none-eabi/10.2.1/../../../../arm-none-eabi/lib/thumb/v7-m/nofp/libc.a(lib_a-strncasecmp.o)
                              obj_owinos/resolv.o (strncasecmp)
/home/kamalesh/toolkit/gcc-arm-none-eabi-10-2020-q4-major/bin/../lib/gcc/arm-none-eabi/10.2.1/../../../../arm-none-eabi/lib/thumb/v7-m/nofp/libc.a(lib_a-strncat.o)
                              obj_owinos/resolv.o (strncat)
/home/kamalesh/toolkit/gcc-arm-none-eabi-10-2020-q4-major/bin/../lib/gcc/arm-none-eabi/10.2.1/../../../../arm-none-eabi/lib/thumb/v7-m/nofp/libc.a(lib_a-strncmp.o)
                              obj_owinos/sensors.o (strncmp)
/home/kamalesh/toolkit/gcc-arm-none-eabi-10-2020-q4-major/bin/../lib/gcc/arm-none-eabi/10.2.1/../../../../arm-none-eabi/lib/thumb/v7-m/nofp/libc.a(lib_a-strncpy.o)
                              obj_owinos/cfs-coffee.o (strncpy)
/home/kamalesh/toolkit/gcc-arm-none-eabi-10-2020-q4-major/bin/../lib/gcc/arm-none-eabi/10.2.1/../../../../arm-none-eabi/lib/thumb/v7-m/nofp/libc.a(lib_a-strstr.o)
                              mqtt-client.co (strstr)
[...]
Memory Configuration

Name             Origin             Length             Attributes
FLASH_FW         0x0000000000202000 0x000000000007dfd4 xr
FLASH_CCA        0x000000000027ffd4 0x000000000000002c xr
NRSRAM           0x0000000020000000 0x0000000000000000 xrw
FRSRAM           0x0000000020000000 0x0000000000008000 xrw
*default*        0x0000000000000000 0xffffffffffffffff

Linker script and memory map

LOAD obj_owinos/startup-gcc.o
LOAD obj_owinos/mqtt.o
LOAD obj_owinos/adc-owinos.o
LOAD obj_owinos/relay.o
LOAD obj_owinos/adxl345.o
LOAD obj_owinos/bmp180.o
LOAD obj_owinos/contiki-main.o
LOAD obj_owinos/leds-arch.o
LOAD obj_owinos/button-sensor.o
LOAD obj_owinos/owinos-sensors.o
LOAD obj_owinos/board.o
LOAD obj_owinos/soc.o
LOAD obj_owinos/clock.o
LOAD obj_owinos/rtimer-arch.o
LOAD obj_owinos/uart.o
LOAD obj_owinos/watchdog.o
LOAD obj_owinos/nvic.o
LOAD obj_owinos/sys-ctrl.o
LOAD obj_owinos/gpio.o
LOAD obj_owinos/ioc.o
LOAD obj_owinos/spi.o
LOAD obj_owinos/adc.o
LOAD obj_owinos/crypto.o
LOAD obj_owinos/aes.o
LOAD obj_owinos/ecb.o
LOAD obj_owinos/cbc.o
LOAD obj_owinos/ctr.o
LOAD obj_owinos/cbc-mac.o
LOAD obj_owinos/gcm.o
LOAD obj_owinos/ccm.o
LOAD obj_owinos/sha256.o
LOAD obj_owinos/cc2538-aes-128.o
LOAD obj_owinos/cc2538-ccm-star.o
LOAD obj_owinos/cc2538-rf.o
LOAD obj_owinos/udma.o
LOAD obj_owinos/lpm.o
LOAD obj_owinos/pka.o
LOAD obj_owinos/bignum-driver.o
LOAD obj_owinos/ecc-driver.o
LOAD obj_owinos/ecc-algorithm.o
LOAD obj_owinos/ecc-curve.o
LOAD obj_owinos/dbg.o
LOAD obj_owinos/ieee-addr.o
LOAD obj_owinos/slip-arch.o
LOAD obj_owinos/slip.o
LOAD obj_owinos/i2c.o
LOAD obj_owinos/cc2538-temp-sensor.o
LOAD obj_owinos/vdd3-sensor.o
LOAD obj_owinos/cfs-coffee.o
LOAD obj_owinos/cfs-coffee-arch.o
LOAD obj_owinos/pwm.o
LOAD obj_owinos/dbg-printf.o
LOAD obj_owinos/dbg-snprintf.o
LOAD obj_owinos/dbg-sprintf.o
LOAD obj_owinos/strformat.o
LOAD obj_owinos/usb-core.o
LOAD obj_owinos/cdc-acm.o
LOAD obj_owinos/usb-arch.o
LOAD obj_owinos/usb-serial.o
LOAD obj_owinos/cdc-acm-descriptors.o
LOAD obj_owinos/arg.o
LOAD obj_owinos/autostart.o
LOAD obj_owinos/compower.o
LOAD obj_owinos/ctimer.o
LOAD obj_owinos/energest.o
LOAD obj_owinos/etimer.o
LOAD obj_owinos/mt.o
LOAD obj_owinos/process.o
LOAD obj_owinos/procinit.o
LOAD obj_owinos/rtimer.o
LOAD obj_owinos/stimer.o
LOAD obj_owinos/timer.o
LOAD obj_owinos/leds.o
LOAD obj_owinos/nullradio.o
LOAD obj_owinos/serial-line.o
LOAD obj_owinos/aes-128.o
LOAD obj_owinos/assert.o
LOAD obj_owinos/ccm-star.o
LOAD obj_owinos/crc16.o
LOAD obj_owinos/gcr.o
LOAD obj_owinos/ifft.o
LOAD obj_owinos/list.o
LOAD obj_owinos/me.o
LOAD obj_owinos/memb.o
LOAD obj_owinos/me_tabs.o
LOAD obj_owinos/mmem.o
LOAD obj_owinos/petsciiconv.o
LOAD obj_owinos/print-stats.o
LOAD obj_owinos/random.o
LOAD obj_owinos/ringbuf.o
LOAD obj_owinos/ringbufindex.o
LOAD obj_owinos/sensors.o
LOAD obj_owinos/settings.o
LOAD obj_owinos/trickle-timer.o
LOAD obj_owinos/sicslowpan.o
LOAD obj_owinos/uip6.o
LOAD obj_owinos/uip-ds6.o
LOAD obj_owinos/uip-ds6-nbr.o
LOAD obj_owinos/uip-ds6-route.o
LOAD obj_owinos/uip-icmp6.o
LOAD obj_owinos/uip-nd6.o
LOAD obj_owinos/dhcpc.o
LOAD obj_owinos/ip64-addr.o
LOAD obj_owinos/psock.o
LOAD obj_owinos/resolv.o
LOAD obj_owinos/simple-udp.o
LOAD obj_owinos/slipdev.o
LOAD obj_owinos/tcpip.o
LOAD obj_owinos/tcp-socket.o
LOAD obj_owinos/udp-socket.o
LOAD obj_owinos/uip-debug.o
LOAD obj_owinos/uiplib.o
LOAD obj_owinos/uip-nameserver.o
LOAD obj_owinos/uip-packetqueue.o
LOAD obj_owinos/uip-split.o
LOAD obj_owinos/uip-udp-packet.o
LOAD obj_owinos/rpl.o
LOAD obj_owinos/rpl-dag.o
LOAD obj_owinos/rpl-dag-root.o
LOAD obj_owinos/rpl-ext-header.o
LOAD obj_owinos/rpl-icmp6.o
LOAD obj_owinos/rpl-mrhof.o
LOAD obj_owinos/rpl-nbr-policy.o
LOAD obj_owinos/rpl-ns.o
LOAD obj_owinos/rpl-of0.o
LOAD obj_owinos/rpl-timers.o
LOAD obj_owinos/syscalls.o
LOAD obj_owinos/mtarch.o
LOAD obj_owinos/linkaddr.o
LOAD obj_owinos/link-stats.o
LOAD obj_owinos/nbr-table.o
LOAD obj_owinos/net-debug.o
LOAD obj_owinos/netstack.o
LOAD obj_owinos/packetbuf.o
LOAD obj_owinos/queuebuf.o
LOAD obj_owinos/csma.o
LOAD obj_owinos/frame802154.o
LOAD obj_owinos/frame802154e-ie.o
LOAD obj_owinos/framer-802154.o
LOAD obj_owinos/framer-nullmac.o
LOAD obj_owinos/mac.o
LOAD obj_owinos/mac-sequence.o
LOAD obj_owinos/nordc.o
LOAD obj_owinos/nullmac.o
LOAD obj_owinos/nullrdc.o
LOAD obj_owinos/nullrdc-noframer.o
LOAD obj_owinos/phase.o
LOAD obj_owinos/contikimac.o
LOAD obj_owinos/contikimac-framer.o
LOAD obj_owinos/anti-replay.o
LOAD obj_owinos/ccm-star-packetbuf.o
LOAD obj_owinos/nullsec.o
LOAD obj_owinos/noncoresec.o
LOAD mqtt-client.co
LOAD obj_owinos/mqtt-sensors.o
LOAD obj_owinos/mqtt-res.o
LOAD obj_owinos/mosquitto.o
LOAD obj_owinos/mosquitto_demo.o
START GROUP
LOAD /home/kamalesh/toolkit/gcc-arm-none-eabi-10-2020-q4-major/bin/../lib/gcc/arm-none-eabi/10.2.1/thumb/v7-m/nofp/libgcc.a
LOAD /home/kamalesh/toolkit/gcc-arm-none-eabi-10-2020-q4-major/bin/../lib/gcc/arm-none-eabi/10.2.1/../../../../arm-none-eabi/lib/thumb/v7-m/nofp/libc.a
END GROUP

.text           0x0000000000202000    0x10497
                0x0000000000202000                _text = .
 *(SORT_BY_ALIGNMENT(.vectors))
 .vectors       0x0000000000202000      0x28c obj_owinos/startup-gcc.o
                0x0000000000202000                vectors
 *(SORT_BY_ALIGNMENT(.text*))
 .text.reset_handler
                0x000000000020228c       0x44 obj_owinos/startup-gcc.o
                0x000000000020228c                reset_handler
 .text.call_event
                0x00000000002022d0       0x1c obj_owinos/mqtt.o
 .text.tcp_input
                0x00000000002022ec      0x300 obj_owinos/mqtt.o
 .text.keep_alive_callback
                0x00000000002025ec       0x44 obj_owinos/mqtt.o
 .text.connect_tcp
                0x0000000000202630       0x68 obj_owinos/mqtt.o
 .text.tcp_event
                0x0000000000202698       0x94 obj_owinos/mqtt.o
 .text.mqtt_init
                0x000000000020272c       0xb4 obj_owinos/mqtt.o
                0x000000000020272c                mqtt_init
 .text.mqtt_register
                0x00000000002027e0       0x64 obj_owinos/mqtt.o
                0x00000000002027e0                mqtt_register
 .text.mqtt_connect
                0x0000000000202844       0x5c obj_owinos/mqtt.o
                0x0000000000202844                mqtt_connect
 .text.mqtt_disconnect
                0x00000000002028a0       0x24 obj_owinos/mqtt.o
                0x00000000002028a0                mqtt_disconnect
 .text.process_thread_mqtt_process
                0x00000000002028c4      0xfc8 obj_owinos/mqtt.o
 .text.mqtt_subscribe
                0x000000000020388c       0x60 obj_owinos/mqtt.o
                0x000000000020388c                mqtt_subscribe
 .text.mqtt_publish
                0x00000000002038ec       0x78 obj_owinos/mqtt.o
                0x00000000002038ec                mqtt_publish
 .text.value    0x0000000000203964       0x50 obj_owinos/adc-owinos.o
 .text.configure
                0x00000000002039b4       0xb8 obj_owinos/adc-owinos.o
 .text.status   0x0000000000203a6c       0x24 obj_owinos/relay.o
 .text.configure
                0x0000000000203a90       0x58 obj_owinos/relay.o
 .text.value    0x0000000000203ae8       0x48 obj_owinos/relay.o
 .text.status   0x0000000000203b30       0x14 obj_owinos/adxl345.o
 .text.process_thread_accmeter_process
                0x0000000000203b44       0x80 obj_owinos/adxl345.o
 .text.value    0x0000000000203bc4       0x24 obj_owinos/adxl345.o
 .text.accm_init
                0x0000000000203be8       0xd8 obj_owinos/adxl345.o
                0x0000000000203be8                accm_init
 .text.accm_stop
                0x0000000000203cc0       0x38 obj_owinos/adxl345.o
                0x0000000000203cc0                accm_stop
 .text.configure
                0x0000000000203cf8       0x28 obj_owinos/adxl345.o
 .text.status   0x0000000000203d20       0x14 obj_owinos/bmp180.o
 .text.configure
                0x0000000000203d34       0xfc obj_owinos/bmp180.o
 .text.value    0x0000000000203e30      0x184 obj_owinos/bmp180.o
 .text.startup.main
                0x0000000000203fb4      0x1b4 obj_owinos/contiki-main.o
                0x0000000000203fb4                main
 .text.leds_arch_init
                0x0000000000204168       0x14 obj_owinos/leds-arch.o
                0x0000000000204168                leds_arch_init
 .text.leds_arch_set
                0x000000000020417c        0xc obj_owinos/leds-arch.o
                0x000000000020417c                leds_arch_set
 .text.value    0x0000000000204188       0x20 obj_owinos/button-sensor.o
 .text.duration_exceeded_callback
                0x00000000002041a8       0x3c obj_owinos/button-sensor.o
 .text.config_user
                0x00000000002041e4       0xa8 obj_owinos/button-sensor.o
 .text.btn_callback
                0x000000000020428c       0x5c obj_owinos/button-sensor.o
 .text.soc_get_rev
                0x00000000002042e8       0x18 obj_owinos/soc.o
                0x00000000002042e8                soc_get_rev
 .text.soc_get_sram_size
                0x0000000000204300       0x20 obj_owinos/soc.o
                0x0000000000204300                soc_get_sram_size
 .text.soc_print_info
                0x0000000000204320       0x70 obj_owinos/soc.o
                0x0000000000204320                soc_print_info
 .text.update_ticks
                0x0000000000204390       0x54 obj_owinos/clock.o
 .text.clock_init
                0x00000000002043e4       0x44 obj_owinos/clock.o
                0x00000000002043e4                clock_init
 .text.clock_time
                0x0000000000204428       0x14 obj_owinos/clock.o
                0x0000000000204428                clock_time
 .text.clock_seconds
                0x000000000020443c       0x14 obj_owinos/clock.o
                0x000000000020443c                clock_seconds
 .text.clock_delay_usec
                0x0000000000204450       0x18 obj_owinos/clock.o
                0x0000000000204450                clock_delay_usec
 .text.rtimer_arch_next_trigger
                0x0000000000204468        0xc obj_owinos/rtimer-arch.o
                0x0000000000204468                rtimer_arch_next_trigger
 .text.rtimer_arch_now
                0x0000000000204474       0x1c obj_owinos/rtimer-arch.o
                0x0000000000204474                rtimer_arch_now
 .text.rtimer_arch_schedule
                0x0000000000204490       0x4c obj_owinos/rtimer-arch.o
                0x0000000000204490                rtimer_arch_schedule
 .text.rtimer_isr
                0x00000000002044dc       0x2c obj_owinos/rtimer-arch.o
                0x00000000002044dc                rtimer_isr
 .text.permit_pm1
                0x0000000000204508       0x24 obj_owinos/uart.o
 .text.uart_isr
                0x000000000020452c       0x60 obj_owinos/uart.o
 .text.uart_init
                0x000000000020458c      0x188 obj_owinos/uart.o
                0x000000000020458c                uart_init
 .text.uart_set_input
                0x0000000000204714       0x10 obj_owinos/uart.o
                0x0000000000204714                uart_set_input
 .text.uart_write_byte
                0x0000000000204724       0x1c obj_owinos/uart.o
                0x0000000000204724                uart_write_byte
 .text.watchdog_init
                0x0000000000204740        0xc obj_owinos/watchdog.o
                0x0000000000204740                watchdog_init
 .text.watchdog_start
                0x000000000020474c        0xc obj_owinos/watchdog.o
                0x000000000020474c                watchdog_start
 .text.watchdog_periodic
                0x0000000000204758       0x10 obj_owinos/watchdog.o
                0x0000000000204758                watchdog_periodic
 .text.nvic_init
                0x0000000000204768       0x10 obj_owinos/nvic.o
                0x0000000000204768                nvic_init
 .text.sys_ctrl_get_reset_cause
                0x0000000000204778       0x10 obj_owinos/sys-ctrl.o
                0x0000000000204778                sys_ctrl_get_reset_cause
 .text.sys_ctrl_get_reset_cause_str
                0x0000000000204788       0x14 obj_owinos/sys-ctrl.o
                0x0000000000204788                sys_ctrl_get_reset_cause_str
 .text.sys_ctrl_init
                0x000000000020479c       0x78 obj_owinos/sys-ctrl.o
                0x000000000020479c                sys_ctrl_init
 .text.sys_ctrl_reset
                0x0000000000204814        0xc obj_owinos/sys-ctrl.o
                0x0000000000204814                sys_ctrl_reset
 .text.sys_ctrl_get_sys_clock
                0x0000000000204820       0x18 obj_owinos/sys-ctrl.o
                0x0000000000204820                sys_ctrl_get_sys_clock
 .text.sys_ctrl_get_io_clock
                0x0000000000204838       0x18 obj_owinos/sys-ctrl.o
                0x0000000000204838                sys_ctrl_get_io_clock
 .text.gpio_register_callback
                0x0000000000204850       0x10 obj_owinos/gpio.o
                0x0000000000204850                gpio_register_callback
 .text.notify   0x0000000000204860       0x30 obj_owinos/gpio.o
                0x0000000000204860                notify
 .text.gpio_port_isr
                0x0000000000204890       0x4c obj_owinos/gpio.o
 .text.gpio_init
                0x00000000002048dc       0x10 obj_owinos/gpio.o
                0x00000000002048dc                gpio_init
 .text.ioc_init
                0x00000000002048ec       0x1c obj_owinos/ioc.o
                0x00000000002048ec                ioc_init
 .text.ioc_set_over
                0x0000000000204908       0x14 obj_owinos/ioc.o
                0x0000000000204908                ioc_set_over
 .text.ioc_set_sel
                0x000000000020491c       0x14 obj_owinos/ioc.o
                0x000000000020491c                ioc_set_sel
 .text.adc_init
                0x0000000000204930       0x10 obj_owinos/adc.o
                0x0000000000204930                adc_init
 .text.adc_get  0x0000000000204940       0x64 obj_owinos/adc.o
                0x0000000000204940                adc_get
 .text.permit_pm1
                0x00000000002049a4       0x14 obj_owinos/crypto.o
 .text.crypto_isr
                0x00000000002049b8       0x28 obj_owinos/crypto.o
                0x00000000002049b8                crypto_isr
 .text.crypto_enable
                0x00000000002049e0       0x20 obj_owinos/crypto.o
                0x00000000002049e0                crypto_enable
 .text.crypto_init
                0x0000000000204a00       0x3c obj_owinos/crypto.o
                0x0000000000204a00                crypto_init
 .text.crypto_disable
                0x0000000000204a3c       0x20 obj_owinos/crypto.o
                0x0000000000204a3c                crypto_disable
 .text.crypto_register_process_notification
                0x0000000000204a5c        0xc obj_owinos/crypto.o
                0x0000000000204a5c                crypto_register_process_notification
 .text.aes_load_keys
                0x0000000000204a68      0x118 obj_owinos/aes.o
                0x0000000000204a68                aes_load_keys
 .text.aes_auth_crypt_start
                0x0000000000204b80      0x114 obj_owinos/aes.o
                0x0000000000204b80                aes_auth_crypt_start
 .text.aes_auth_crypt_check_status
                0x0000000000204c94       0x1c obj_owinos/aes.o
                0x0000000000204c94                aes_auth_crypt_check_status
 .text.aes_auth_crypt_get_result
                0x0000000000204cb0       0x98 obj_owinos/aes.o
                0x0000000000204cb0                aes_auth_crypt_get_result
 .text.ccm_auth_crypt_start
                0x0000000000204d48       0x8c obj_owinos/ccm.o
 .text.encrypt  0x0000000000204dd4       0x4c obj_owinos/cc2538-aes-128.o
 .text.set_key  0x0000000000204e20       0x34 obj_owinos/cc2538-aes-128.o
 .text.set_key  0x0000000000204e54        0xc obj_owinos/cc2538-ccm-star.o
 .text.aead     0x0000000000204e60       0xac obj_owinos/cc2538-ccm-star.o
 .text.off      0x0000000000204f0c       0x40 obj_owinos/cc2538-rf.o
 .text.receiving_packet
                0x0000000000204f4c       0x18 obj_owinos/cc2538-rf.o
 .text.pending_packet
                0x0000000000204f64       0x10 obj_owinos/cc2538-rf.o
 .text.set_frame_filtering
                0x0000000000204f74       0x1c obj_owinos/cc2538-rf.o
 .text.set_poll_mode
                0x0000000000204f90       0xb4 obj_owinos/cc2538-rf.o
 .text.on       0x0000000000205044       0x30 obj_owinos/cc2538-rf.o
 .text.set_channel
                0x0000000000205074       0x48 obj_owinos/cc2538-rf.o
 .text.get_value
                0x00000000002050bc      0x14c obj_owinos/cc2538-rf.o
 .text.channel_clear
                0x0000000000205208       0x34 obj_owinos/cc2538-rf.o
 .text.set_value
                0x000000000020523c       0xe8 obj_owinos/cc2538-rf.o
 .text.prepare  0x0000000000205324       0x64 obj_owinos/cc2538-rf.o
 .text.transmit
                0x0000000000205388       0xa8 obj_owinos/cc2538-rf.o
 .text.set_object
                0x0000000000205430       0x30 obj_owinos/cc2538-rf.o
 .text.read     0x0000000000205460       0xfc obj_owinos/cc2538-rf.o
 .text.init     0x000000000020555c       0xd0 obj_owinos/cc2538-rf.o
 .text.process_thread_cc2538_rf_process
                0x000000000020562c       0x90 obj_owinos/cc2538-rf.o
 .text.get_object
                0x00000000002056bc      0x11c obj_owinos/cc2538-rf.o
 .text.cc2538_rf_rx_tx_isr
                0x00000000002057d8       0x24 obj_owinos/cc2538-rf.o
                0x00000000002057d8                cc2538_rf_rx_tx_isr
 .text.cc2538_rf_err_isr
                0x00000000002057fc       0x2c obj_owinos/cc2538-rf.o
                0x00000000002057fc                cc2538_rf_err_isr
 .text.udma_init
                0x0000000000205828       0x34 obj_owinos/udma.o
                0x0000000000205828                udma_init
 .text.udma_set_channel_src
                0x000000000020585c       0x10 obj_owinos/udma.o
                0x000000000020585c                udma_set_channel_src
 .text.udma_set_channel_dst
                0x000000000020586c       0x14 obj_owinos/udma.o
                0x000000000020586c                udma_set_channel_dst
 .text.udma_set_channel_control_word
                0x0000000000205880       0x14 obj_owinos/udma.o
                0x0000000000205880                udma_set_channel_control_word
 .text.udma_channel_enable
                0x0000000000205894       0x18 obj_owinos/udma.o
                0x0000000000205894                udma_channel_enable
 .text.udma_channel_mask_set
                0x00000000002058ac       0x18 obj_owinos/udma.o
                0x00000000002058ac                udma_channel_mask_set
 .text.udma_channel_sw_request
                0x00000000002058c4       0x18 obj_owinos/udma.o
                0x00000000002058c4                udma_channel_sw_request
 .text.udma_channel_get_mode
                0x00000000002058dc       0x1c obj_owinos/udma.o
                0x00000000002058dc                udma_channel_get_mode
 .text.udma_isr
                0x00000000002058f8       0x10 obj_owinos/udma.o
                0x00000000002058f8                udma_isr
 .text.udma_err_isr
                0x0000000000205908        0xc obj_owinos/udma.o
                0x0000000000205908                udma_err_isr
 .text.select_32_mhz_xosc
                0x0000000000205914       0x24 obj_owinos/lpm.o
 .text.lpm_exit
                0x0000000000205938       0x28 obj_owinos/lpm.o
                0x0000000000205938                lpm_exit
 .text.lpm_enter
                0x0000000000205960       0xac obj_owinos/lpm.o
                0x0000000000205960                lpm_enter
 .text.lpm_register_peripheral
                0x0000000000205a0c       0x24 obj_owinos/lpm.o
                0x0000000000205a0c                lpm_register_peripheral
 .text.lpm_init
                0x0000000000205a30       0x24 obj_owinos/lpm.o
                0x0000000000205a30                lpm_init
 .text.pka_isr  0x0000000000205a54       0x28 obj_owinos/pka.o
                0x0000000000205a54                pka_isr
 .text.ieee_addr_cpy_to
                0x0000000000205a7c       0x6c obj_owinos/ieee-addr.o
                0x0000000000205a7c                ieee_addr_cpy_to
 .text.i2c_master_enable
                0x0000000000205ae8       0x10 obj_owinos/i2c.o
                0x0000000000205ae8                i2c_master_enable
 .text.i2c_set_frequency
                0x0000000000205af8       0x1c obj_owinos/i2c.o
                0x0000000000205af8                i2c_set_frequency
 .text.i2c_init
                0x0000000000205b14       0xb8 obj_owinos/i2c.o
                0x0000000000205b14                i2c_init
 .text.i2c_master_command
                0x0000000000205bcc       0x10 obj_owinos/i2c.o
                0x0000000000205bcc                i2c_master_command
 .text.i2c_master_busy
                0x0000000000205bdc       0x10 obj_owinos/i2c.o
                0x0000000000205bdc                i2c_master_busy
 .text.i2c_master_error
                0x0000000000205bec       0x1c obj_owinos/i2c.o
                0x0000000000205bec                i2c_master_error
 .text.i2c_single_send
                0x0000000000205c08       0x24 obj_owinos/i2c.o
                0x0000000000205c08                i2c_single_send
 .text.i2c_single_receive
                0x0000000000205c2c       0x2c obj_owinos/i2c.o
                0x0000000000205c2c                i2c_single_receive
 .text.i2c_burst_send
                0x0000000000205c58       0x84 obj_owinos/i2c.o
                0x0000000000205c58                i2c_burst_send
 .text.i2c_burst_receive
                0x0000000000205cdc       0x84 obj_owinos/i2c.o
                0x0000000000205cdc                i2c_burst_receive
 .text.load_file
                0x0000000000205d60       0x54 obj_owinos/cfs-coffee.o
 .text.find_contiguous_pages
                0x0000000000205db4       0x6c obj_owinos/cfs-coffee.o
 .text.find_file
                0x0000000000205e20       0x90 obj_owinos/cfs-coffee.o
 .text.reserve  0x0000000000205eb0      0x224 obj_owinos/cfs-coffee.o
 .text.cfs_open
                0x00000000002060d4       0x98 obj_owinos/cfs-coffee.o
                0x00000000002060d4                cfs_open
 .text.cfs_close
                0x000000000020616c       0x24 obj_owinos/cfs-coffee.o
                0x000000000020616c                cfs_close
 .text.cfs_read
                0x0000000000206190       0xe8 obj_owinos/cfs-coffee.o
                0x0000000000206190                cfs_read
 .text.printf   0x0000000000206278       0x20 obj_owinos/dbg-printf.o
                0x0000000000206278                printf
 .text.vsnprintf
                0x0000000000206298       0x28 obj_owinos/dbg-snprintf.o
                0x0000000000206298                vsnprintf
 .text.fill_space
                0x00000000002062c0       0x34 obj_owinos/strformat.o
 .text.format_str_v
                0x00000000002062f4      0x720 obj_owinos/strformat.o
                0x00000000002062f4                format_str_v
 .text.process_thread_ctimer_process
                0x0000000000206a14       0x7c obj_owinos/ctimer.o
 .text.ctimer_init
                0x0000000000206a90       0x28 obj_owinos/ctimer.o
                0x0000000000206a90                ctimer_init
 .text.ctimer_set_with_process
                0x0000000000206ab8       0x44 obj_owinos/ctimer.o
                0x0000000000206ab8                ctimer_set_with_process
 .text.ctimer_set
                0x0000000000206afc       0x14 obj_owinos/ctimer.o
                0x0000000000206afc                ctimer_set
 .text.ctimer_reset
                0x0000000000206b10       0x38 obj_owinos/ctimer.o
                0x0000000000206b10                ctimer_reset
 .text.ctimer_restart
                0x0000000000206b48       0x38 obj_owinos/ctimer.o
                0x0000000000206b48                ctimer_restart
 .text.ctimer_stop
                0x0000000000206b80       0x2c obj_owinos/ctimer.o
                0x0000000000206b80                ctimer_stop
 .text.update_time
                0x0000000000206bac       0x40 obj_owinos/etimer.o
 .text.etimer_request_poll
                0x0000000000206bec        0xc obj_owinos/etimer.o
                0x0000000000206bec                etimer_request_poll
 .text.process_thread_etimer_process
                0x0000000000206bf8       0xa8 obj_owinos/etimer.o
 .text.add_timer
                0x0000000000206ca0       0x40 obj_owinos/etimer.o
 .text.etimer_pending
                0x0000000000206ce0       0x10 obj_owinos/etimer.o
                0x0000000000206ce0                etimer_pending
 .text.etimer_stop
                0x0000000000206cf0       0x34 obj_owinos/etimer.o
                0x0000000000206cf0                etimer_stop
 .text.call_process.part.0
                0x0000000000206d24       0x38 obj_owinos/process.o
 .text.exit_process
                0x0000000000206d5c       0x80 obj_owinos/process.o
 .text.do_poll  0x0000000000206ddc       0x30 obj_owinos/process.o
 .text.process_alloc_event
                0x0000000000206e0c       0x10 obj_owinos/process.o
                0x0000000000206e0c                process_alloc_event
 .text.process_exit
                0x0000000000206e1c        0xc obj_owinos/process.o
                0x0000000000206e1c                process_exit
 .text.process_init
                0x0000000000206e28       0x30 obj_owinos/process.o
                0x0000000000206e28                process_init
 .text.process_run
                0x0000000000206e58       0x84 obj_owinos/process.o
                0x0000000000206e58                process_run
 .text.process_nevents
                0x0000000000206edc       0x14 obj_owinos/process.o
                0x0000000000206edc                process_nevents
 .text.process_post
                0x0000000000206ef0       0x3c obj_owinos/process.o
                0x0000000000206ef0                process_post
 .text.process_post_synch
                0x0000000000206f2c       0x14 obj_owinos/process.o
                0x0000000000206f2c                process_post_synch
 .text.process_start
                0x0000000000206f40       0x30 obj_owinos/process.o
                0x0000000000206f40                process_start
 .text.process_poll
                0x0000000000206f70       0x18 obj_owinos/process.o
                0x0000000000206f70                process_poll
 .text.rtimer_run_next
                0x0000000000206f88       0x28 obj_owinos/rtimer.o
                0x0000000000206f88                rtimer_run_next
 .text.leds_init
                0x0000000000206fb0       0x14 obj_owinos/leds.o
                0x0000000000206fb0                leds_init
 .text.leds_on  0x0000000000206fc4       0x10 obj_owinos/leds.o
                0x0000000000206fc4                leds_on
 .text.leds_off
                0x0000000000206fd4       0x14 obj_owinos/leds.o
                0x0000000000206fd4                leds_off
 .text.leds_toggle
                0x0000000000206fe8       0x10 obj_owinos/leds.o
                0x0000000000206fe8                leds_toggle
 .text.process_thread_serial_line_process
                0x0000000000206ff8       0x98 obj_owinos/serial-line.o
 .text.serial_line_input_byte
                0x0000000000207090       0x48 obj_owinos/serial-line.o
                0x0000000000207090                serial_line_input_byte
 .text.serial_line_init
                0x00000000002070d8       0x24 obj_owinos/serial-line.o
                0x00000000002070d8                serial_line_init
 .text.random_rand
                0x00000000002070fc       0x1c obj_owinos/random.o
                0x00000000002070fc                random_rand
 .text.random_init
                0x0000000000207118       0x70 obj_owinos/random.o
                0x0000000000207118                random_init
 .text.process_thread_sensors_process
                0x0000000000207188       0xd4 obj_owinos/sensors.o
 .text.sensors_changed
                0x000000000020725c       0x3c obj_owinos/sensors.o
                0x000000000020725c                sensors_changed
 .text.clear_fragments
                0x0000000000207298       0x38 obj_owinos/sicslowpan.o
 .text.sicslowpan_init
                0x00000000002072d0       0x24 obj_owinos/sicslowpan.o
                0x00000000002072d0                sicslowpan_init
 .text.compress_addr_64
                0x00000000002072f4       0x8c obj_owinos/sicslowpan.o
 .text.set_packet_attrs
                0x0000000000207380       0x40 obj_owinos/sicslowpan.o
 .text.addr_context_lookup_by_prefix
                0x00000000002073c0       0x28 obj_owinos/sicslowpan.o
 .text.send_packet
                0x00000000002073e8       0x24 obj_owinos/sicslowpan.o
 .text.packet_sent
                0x000000000020740c       0x28 obj_owinos/sicslowpan.o
 .text.store_fragment
                0x0000000000207434       0x68 obj_owinos/sicslowpan.o
 .text.add_fragment
                0x000000000020749c      0x14c obj_owinos/sicslowpan.o
 .text.uncompress_addr
                0x00000000002075e8       0x7c obj_owinos/sicslowpan.o
 .text.output   0x0000000000207664      0x6c4 obj_owinos/sicslowpan.o
 .text.input    0x0000000000207d28      0x580 obj_owinos/sicslowpan.o
 .text.sicslowpan_get_last_rssi
                0x00000000002082a8        0xc obj_owinos/sicslowpan.o
                0x00000000002082a8                sicslowpan_get_last_rssi
 .text.upper_layer_chksum
                0x00000000002082b4       0x54 obj_owinos/uip6.o
 .text.ext_hdr_options_process
                0x0000000000208308       0xb0 obj_owinos/uip6.o
 .text.uip_add32
                0x00000000002083b8       0x54 obj_owinos/uip6.o
                0x00000000002083b8                uip_add32
 .text.uip_add_rcv_nxt
                0x000000000020840c       0x2c obj_owinos/uip6.o
 .text.uip_init
                0x0000000000208438       0x54 obj_owinos/uip6.o
                0x0000000000208438                uip_init
 .text.uip_connect
                0x000000000020848c       0xc4 obj_owinos/uip6.o
                0x000000000020848c                uip_connect
 .text.remove_ext_hdr
                0x0000000000208550       0x58 obj_owinos/uip6.o
                0x0000000000208550                remove_ext_hdr
 .text.uip_unlisten
                0x00000000002085a8       0x24 obj_owinos/uip6.o
                0x00000000002085a8                uip_unlisten
 .text.uip_process
                0x00000000002085cc      0xc64 obj_owinos/uip6.o
                0x00000000002085cc                uip_process
 .text.uip_send
                0x0000000000209230       0x4c obj_owinos/uip6.o
                0x0000000000209230                uip_send
 .text.uip_ds6_prefix_add
                0x000000000020927c       0x60 obj_owinos/uip-ds6.o
                0x000000000020927c                uip_ds6_prefix_add
 .text.uip_ds6_is_addr_onlink
                0x00000000002092dc       0x3c obj_owinos/uip-ds6.o
                0x00000000002092dc                uip_ds6_is_addr_onlink
 .text.uip_ds6_addr_lookup
                0x0000000000209318       0x2c obj_owinos/uip-ds6.o
                0x0000000000209318                uip_ds6_addr_lookup
 .text.uip_ds6_get_link_local
                0x0000000000209344       0x3c obj_owinos/uip-ds6.o
                0x0000000000209344                uip_ds6_get_link_local
 .text.uip_ds6_get_global
                0x0000000000209380       0x3c obj_owinos/uip-ds6.o
                0x0000000000209380                uip_ds6_get_global
 .text.uip_ds6_maddr_add
                0x00000000002093bc       0x48 obj_owinos/uip-ds6.o
                0x00000000002093bc                uip_ds6_maddr_add
 .text.uip_ds6_addr_add
                0x0000000000209404       0x98 obj_owinos/uip-ds6.o
                0x0000000000209404                uip_ds6_addr_add
 .text.uip_ds6_maddr_lookup
                0x000000000020949c       0x2c obj_owinos/uip-ds6.o
                0x000000000020949c                uip_ds6_maddr_lookup
 .text.uip_ds6_addr_rm
                0x00000000002094c8       0x44 obj_owinos/uip-ds6.o
                0x00000000002094c8                uip_ds6_addr_rm
 .text.uip_ds6_periodic
                0x000000000020950c       0x48 obj_owinos/uip-ds6.o
                0x000000000020950c                uip_ds6_periodic
 .text.uip_ds6_select_src
                0x0000000000209554       0x94 obj_owinos/uip-ds6.o
                0x0000000000209554                uip_ds6_select_src
 .text.uip_ds6_compute_reachable_time
                0x00000000002095e8       0x2c obj_owinos/uip-ds6.o
                0x00000000002095e8                uip_ds6_compute_reachable_time
 .text.uip_ds6_init
                0x0000000000209614       0xe0 obj_owinos/uip-ds6.o
                0x0000000000209614                uip_ds6_init
 .text.uip_ds6_nbr_rm
                0x00000000002096f4       0x20 obj_owinos/uip-ds6-nbr.o
                0x00000000002096f4                uip_ds6_nbr_rm
 .text.uip_ds6_neighbors_init
                0x0000000000209714       0x1c obj_owinos/uip-ds6-nbr.o
                0x0000000000209714                uip_ds6_neighbors_init
 .text.uip_ds6_nbr_add
                0x0000000000209730       0x3c obj_owinos/uip-ds6-nbr.o
                0x0000000000209730                uip_ds6_nbr_add
 .text.uip_ds6_nbr_get_ll
                0x000000000020976c       0x10 obj_owinos/uip-ds6-nbr.o
                0x000000000020976c                uip_ds6_nbr_get_ll
 .text.uip_ds6_nbr_lookup
                0x000000000020977c       0x38 obj_owinos/uip-ds6-nbr.o
                0x000000000020977c                uip_ds6_nbr_lookup
 .text.uip_ds6_nbr_ll_lookup
                0x00000000002097b4       0x10 obj_owinos/uip-ds6-nbr.o
                0x00000000002097b4                uip_ds6_nbr_ll_lookup
 .text.uip_ds6_link_neighbor_callback
                0x00000000002097c4       0x34 obj_owinos/uip-ds6-nbr.o
                0x00000000002097c4                uip_ds6_link_neighbor_callback
 .text.call_route_callback
                0x00000000002097f8       0x50 obj_owinos/uip-ds6-route.o
 .text.uip_ds6_route_init
                0x0000000000209848       0x4c obj_owinos/uip-ds6-route.o
                0x0000000000209848                uip_ds6_route_init
 .text.uip_ds6_route_nexthop
                0x0000000000209894       0x1c obj_owinos/uip-ds6-route.o
                0x0000000000209894                uip_ds6_route_nexthop
 .text.uip_ds6_route_head
                0x00000000002098b0        0xc obj_owinos/uip-ds6-route.o
                0x00000000002098b0                uip_ds6_route_head
 .text.uip_ds6_route_is_nexthop
                0x00000000002098bc       0x20 obj_owinos/uip-ds6-route.o
                0x00000000002098bc                uip_ds6_route_is_nexthop
 .text.uip_ds6_route_lookup
                0x00000000002098dc       0x64 obj_owinos/uip-ds6-route.o
                0x00000000002098dc                uip_ds6_route_lookup
 .text.uip_ds6_route_rm
                0x0000000000209940       0xa0 obj_owinos/uip-ds6-route.o
                0x0000000000209940                uip_ds6_route_rm
 .text.rm_routelist
                0x00000000002099e0       0x30 obj_owinos/uip-ds6-route.o
 .text.uip_ds6_route_add
                0x0000000000209a10      0x10c obj_owinos/uip-ds6-route.o
                0x0000000000209a10                uip_ds6_route_add
 .text.uip_ds6_defrt_rm
                0x0000000000209b1c       0x44 obj_owinos/uip-ds6-route.o
                0x0000000000209b1c                uip_ds6_defrt_rm
 .text.uip_ds6_defrt_lookup
                0x0000000000209b60       0x2c obj_owinos/uip-ds6-route.o
                0x0000000000209b60                uip_ds6_defrt_lookup
 .text.uip_ds6_defrt_add
                0x0000000000209b8c       0x64 obj_owinos/uip-ds6-route.o
                0x0000000000209b8c                uip_ds6_defrt_add
 .text.uip_ds6_defrt_choose
                0x0000000000209bf0       0x30 obj_owinos/uip-ds6-route.o
                0x0000000000209bf0                uip_ds6_defrt_choose
 .text.uip_ds6_defrt_periodic
                0x0000000000209c20       0x3c obj_owinos/uip-ds6-route.o
                0x0000000000209c20                uip_ds6_defrt_periodic
 .text.echo_reply_input
                0x0000000000209c5c       0xa0 obj_owinos/uip-icmp6.o
 .text.echo_request_input
                0x0000000000209cfc       0xd0 obj_owinos/uip-icmp6.o
 .text.uip_icmp6_input
                0x0000000000209dcc       0x38 obj_owinos/uip-icmp6.o
                0x0000000000209dcc                uip_icmp6_input
 .text.uip_icmp6_register_input_handler
                0x0000000000209e04        0xc obj_owinos/uip-icmp6.o
                0x0000000000209e04                uip_icmp6_register_input_handler
 .text.uip_icmp6_error_output
                0x0000000000209e10      0x148 obj_owinos/uip-icmp6.o
                0x0000000000209e10                uip_icmp6_error_output
 .text.uip_icmp6_send
                0x0000000000209f58       0x8c obj_owinos/uip-icmp6.o
                0x0000000000209f58                uip_icmp6_send
 .text.uip_icmp6_echo_reply_callback_add
                0x0000000000209fe4       0x18 obj_owinos/uip-icmp6.o
                0x0000000000209fe4                uip_icmp6_echo_reply_callback_add
 .text.uip_icmp6_init
                0x0000000000209ffc       0x1c obj_owinos/uip-icmp6.o
                0x0000000000209ffc                uip_icmp6_init
 .text.start_periodic_tcp_timer
                0x000000000020a018       0x1c obj_owinos/tcpip.o
 .text.tcpip_output
                0x000000000020a034       0x10 obj_owinos/tcpip.o
                0x000000000020a034                tcpip_output
 .text.tcpip_set_outputfunc
                0x000000000020a044        0xc obj_owinos/tcpip.o
                0x000000000020a044                tcpip_set_outputfunc
 .text.tcp_unlisten
                0x000000000020a050       0x38 obj_owinos/tcpip.o
                0x000000000020a050                tcp_unlisten
 .text.tcp_attach
                0x000000000020a088       0x10 obj_owinos/tcpip.o
                0x000000000020a088                tcp_attach
 .text.tcpip_icmp6_call
                0x000000000020a098       0x28 obj_owinos/tcpip.o
                0x000000000020a098                tcpip_icmp6_call
 .text.tcpip_input
                0x000000000020a0c0       0x24 obj_owinos/tcpip.o
                0x000000000020a0c0                tcpip_input
 .text.tcpip_ipv6_output
                0x000000000020a0e4       0xb8 obj_owinos/tcpip.o
                0x000000000020a0e4                tcpip_ipv6_output
 .text.process_thread_tcpip_process
                0x000000000020a19c      0x1b0 obj_owinos/tcpip.o
 .text.tcpip_poll_tcp
                0x000000000020a34c       0x10 obj_owinos/tcpip.o
                0x000000000020a34c                tcpip_poll_tcp
 .text.tcp_connect
                0x000000000020a35c       0x20 obj_owinos/tcpip.o
                0x000000000020a35c                tcp_connect
 .text.tcpip_uipcall
                0x000000000020a37c       0x6c obj_owinos/tcpip.o
                0x000000000020a37c                tcpip_uipcall
 .text.newdata  0x000000000020a3e8       0x60 obj_owinos/tcp-socket.o
 .text.senddata
                0x000000000020a448       0x28 obj_owinos/tcp-socket.o
 .text.process_thread_tcp_socket_process
                0x000000000020a470      0x1cc obj_owinos/tcp-socket.o
 .text.tcp_socket_register
                0x000000000020a63c       0x70 obj_owinos/tcp-socket.o
                0x000000000020a63c                tcp_socket_register
 .text.tcp_socket_connect
                0x000000000020a6ac       0x50 obj_owinos/tcp-socket.o
                0x000000000020a6ac                tcp_socket_connect
 .text.tcp_socket_unlisten
                0x000000000020a6fc       0x3c obj_owinos/tcp-socket.o
                0x000000000020a6fc                tcp_socket_unlisten
 .text.tcp_socket_unregister
                0x000000000020a738       0x2c obj_owinos/tcp-socket.o
                0x000000000020a738                tcp_socket_unregister
 .text.uip_debug_ipaddr_print
                0x000000000020a764       0xb0 obj_owinos/uip-debug.o
                0x000000000020a764                uip_debug_ipaddr_print
 .text.uip_nameserver_update
                0x000000000020a814       0x24 obj_owinos/uip-nameserver.o
                0x000000000020a814                uip_nameserver_update
 .text.rpl_get_mode
                0x000000000020a838        0xc obj_owinos/rpl.o
                0x000000000020a838                rpl_get_mode
 .text.rpl_purge_routes
                0x000000000020a844       0x68 obj_owinos/rpl.o
                0x000000000020a844                rpl_purge_routes
 .text.rpl_link_neighbor_callback
                0x000000000020a8ac       0x54 obj_owinos/rpl.o
                0x000000000020a8ac                rpl_link_neighbor_callback
 .text.rpl_ipv6_neighbor_callback
                0x000000000020a900       0x28 obj_owinos/rpl.o
                0x000000000020a900                rpl_ipv6_neighbor_callback
 .text.rpl_purge_dags
                0x000000000020a928       0x58 obj_owinos/rpl.o
                0x000000000020a928                rpl_purge_dags
 .text.rpl_init
                0x000000000020a980       0x4c obj_owinos/rpl.o
                0x000000000020a980                rpl_init
 .text.rpl_set_preferred_parent
                0x000000000020a9cc       0x28 obj_owinos/rpl-dag.o
 .text.set_ip_from_prefix
                0x000000000020a9f4       0x2c obj_owinos/rpl-dag.o
 .text.find_parent_any_dag_any_instance
                0x000000000020aa20       0x1c obj_owinos/rpl-dag.o
 .text.rpl_dag_init
                0x000000000020aa3c       0x14 obj_owinos/rpl-dag.o
                0x000000000020aa3c                rpl_dag_init
 .text.rpl_get_parent
                0x000000000020aa50       0x10 obj_owinos/rpl-dag.o
                0x000000000020aa50                rpl_get_parent
 .text.rpl_get_parent_lladdr
                0x000000000020aa60       0x10 obj_owinos/rpl-dag.o
                0x000000000020aa60                rpl_get_parent_lladdr
 .text.best_parent
                0x000000000020aa70       0x78 obj_owinos/rpl-dag.o
 .text.rpl_alloc_instance
                0x000000000020aae8       0x34 obj_owinos/rpl-dag.o
                0x000000000020aae8                rpl_alloc_instance
 .text.rpl_add_parent
                0x000000000020ab1c       0x30 obj_owinos/rpl-dag.o
                0x000000000020ab1c                rpl_add_parent
 .text.rpl_remove_parent
                0x000000000020ab4c       0x1c obj_owinos/rpl-dag.o
                0x000000000020ab4c                rpl_remove_parent
 .text.remove_parents.constprop.0
                0x000000000020ab68       0x2c obj_owinos/rpl-dag.o
 .text.rpl_get_any_dag
                0x000000000020ab94       0x18 obj_owinos/rpl-dag.o
                0x000000000020ab94                rpl_get_any_dag
 .text.rpl_get_instance
                0x000000000020abac       0x1c obj_owinos/rpl-dag.o
                0x000000000020abac                rpl_get_instance
 .text.rpl_find_of
                0x000000000020abc8       0x14 obj_owinos/rpl-dag.o
                0x000000000020abc8                rpl_find_of
 .text.rpl_join_instance
                0x000000000020abdc      0x130 obj_owinos/rpl-dag.o
                0x000000000020abdc                rpl_join_instance
 .text.rpl_local_repair
                0x000000000020ad0c       0x70 obj_owinos/rpl-dag.o
                0x000000000020ad0c                rpl_local_repair
 .text.rpl_recalculate_ranks
                0x000000000020ad7c       0x3c obj_owinos/rpl-dag.o
                0x000000000020ad7c                rpl_recalculate_ranks
 .text.update_hbh_header
                0x000000000020adb8       0xc4 obj_owinos/rpl-ext-header.o
 .text.insert_hbh_header
                0x000000000020ae7c       0x9c obj_owinos/rpl-ext-header.o
 .text.rpl_verify_hbh_header
                0x000000000020af18       0xe8 obj_owinos/rpl-ext-header.o
                0x000000000020af18                rpl_verify_hbh_header
 .text.rpl_remove_header
                0x000000000020b000       0x74 obj_owinos/rpl-ext-header.o
                0x000000000020b000                rpl_remove_header
 .text.rpl_update_header
                0x000000000020b074       0x64 obj_owinos/rpl-ext-header.o
                0x000000000020b074                rpl_update_header
 .text.dao_ack_input
                0x000000000020b0d8       0x14 obj_owinos/rpl-icmp6.o
 .text.dio_input
                0x000000000020b0ec      0x234 obj_owinos/rpl-icmp6.o
 .text.dao_input
                0x000000000020b320      0x264 obj_owinos/rpl-icmp6.o
 .text.dis_output
                0x000000000020b584       0x54 obj_owinos/rpl-icmp6.o
                0x000000000020b584                dis_output
 .text.dio_output
                0x000000000020b5d8      0x210 obj_owinos/rpl-icmp6.o
                0x000000000020b5d8                dio_output
 .text.dis_input
                0x000000000020b7e8       0x50 obj_owinos/rpl-icmp6.o
 .text.dao_output_target
                0x000000000020b838      0x100 obj_owinos/rpl-icmp6.o
                0x000000000020b838                dao_output_target
 .text.dao_output
                0x000000000020b938       0x94 obj_owinos/rpl-icmp6.o
                0x000000000020b938                dao_output
 .text.rpl_icmp6_register_handlers
                0x000000000020b9cc       0x30 obj_owinos/rpl-icmp6.o
                0x000000000020b9cc                rpl_icmp6_register_handlers
 .text.update_nbr
                0x000000000020b9fc       0xec obj_owinos/rpl-nbr-policy.o
 .text.handle_periodic_timer
                0x000000000020bae8       0x14 obj_owinos/rpl-nbr-policy.o
 .text.find_removable_dis
                0x000000000020bafc       0x20 obj_owinos/rpl-nbr-policy.o
                0x000000000020bafc                find_removable_dis
 .text.find_removable_dio
                0x000000000020bb1c       0x3c obj_owinos/rpl-nbr-policy.o
                0x000000000020bb1c                find_removable_dio
 .text.find_removable_dao
                0x000000000020bb58       0x38 obj_owinos/rpl-nbr-policy.o
                0x000000000020bb58                find_removable_dao
 .text.rpl_nbr_policy_find_removable
                0x000000000020bb90       0x28 obj_owinos/rpl-nbr-policy.o
                0x000000000020bb90                rpl_nbr_policy_find_removable
 .text.new_dio_interval
                0x000000000020bbb8       0x5c obj_owinos/rpl-timers.o
 .text.handle_periodic_timer
                0x000000000020bc14       0x4c obj_owinos/rpl-timers.o
 .text.handle_dio_timer
                0x000000000020bc60       0x80 obj_owinos/rpl-timers.o
 .text.set_dao_lifetime_timer
                0x000000000020bce0       0x4c obj_owinos/rpl-timers.o
 .text.handle_dao_timer
                0x000000000020bd2c       0x58 obj_owinos/rpl-timers.o
 .text.schedule_dao
                0x000000000020bd84       0x50 obj_owinos/rpl-timers.o
 .text.rpl_reset_periodic_timer
                0x000000000020bdd4       0x34 obj_owinos/rpl-timers.o
                0x000000000020bdd4                rpl_reset_periodic_timer
 .text.rpl_schedule_unicast_dio_immediately
                0x000000000020be08       0x14 obj_owinos/rpl-timers.o
                0x000000000020be08                rpl_schedule_unicast_dio_immediately
 .text.get_probing_target
                0x000000000020be1c       0xb8 obj_owinos/rpl-timers.o
                0x000000000020be1c                get_probing_target
 .text.rpl_schedule_probing
                0x000000000020bed4       0x20 obj_owinos/rpl-timers.o
                0x000000000020bed4                rpl_schedule_probing
 .text.periodic
                0x000000000020bef4       0x30 obj_owinos/link-stats.o
 .text.link_stats_from_lladdr
                0x000000000020bf24        0xc obj_owinos/link-stats.o
                0x000000000020bf24                link_stats_from_lladdr
 .text.link_stats_packet_sent
                0x000000000020bf30       0x78 obj_owinos/link-stats.o
                0x000000000020bf30                link_stats_packet_sent
 .text.link_stats_input_callback
                0x000000000020bfa8       0x4c obj_owinos/link-stats.o
                0x000000000020bfa8                link_stats_input_callback
 .text.link_stats_init
                0x000000000020bff4       0x28 obj_owinos/link-stats.o
                0x000000000020bff4                link_stats_init
 .text.key_from_index
                0x000000000020c01c       0x18 obj_owinos/nbr-table.o
 .text.index_from_key
                0x000000000020c034       0x20 obj_owinos/nbr-table.o
 .text.index_from_lladdr
                0x000000000020c054       0x40 obj_owinos/nbr-table.o
 .text.nbr_get_bit.constprop.0
                0x000000000020c094       0x24 obj_owinos/nbr-table.o
 .text.remove_key
                0x000000000020c0b8       0x64 obj_owinos/nbr-table.o
 .text.nbr_table_register
                0x000000000020c11c       0x28 obj_owinos/nbr-table.o
                0x000000000020c11c                nbr_table_register
 .text.nbr_table_head
                0x000000000020c144       0x38 obj_owinos/nbr-table.o
                0x000000000020c144                nbr_table_head
 .text.nbr_table_add_lladdr
                0x000000000020c17c       0xf8 obj_owinos/nbr-table.o
                0x000000000020c17c                nbr_table_add_lladdr
 .text.nbr_table_remove
                0x000000000020c274       0x2c obj_owinos/nbr-table.o
                0x000000000020c274                nbr_table_remove
 .text.nbr_table_lock
                0x000000000020c2a0       0x10 obj_owinos/nbr-table.o
                0x000000000020c2a0                nbr_table_lock
 .text.nbr_table_unlock
                0x000000000020c2b0       0x10 obj_owinos/nbr-table.o
                0x000000000020c2b0                nbr_table_unlock
 .text.netstack_init
                0x000000000020c2c0       0x38 obj_owinos/netstack.o
                0x000000000020c2c0                netstack_init
 .text.packetbuf_hdrreduce
                0x000000000020c2f8       0x28 obj_owinos/packetbuf.o
                0x000000000020c2f8                packetbuf_hdrreduce
 .text.packetbuf_set_datalen
                0x000000000020c320        0xc obj_owinos/packetbuf.o
                0x000000000020c320                packetbuf_set_datalen
 .text.packetbuf_hdrptr
                0x000000000020c32c        0x8 obj_owinos/packetbuf.o
                0x000000000020c32c                packetbuf_hdrptr
 .text.packetbuf_datalen
                0x000000000020c334        0xc obj_owinos/packetbuf.o
                0x000000000020c334                packetbuf_datalen
 .text.packetbuf_hdrlen
                0x000000000020c340       0x18 obj_owinos/packetbuf.o
                0x000000000020c340                packetbuf_hdrlen
 .text.packetbuf_dataptr
                0x000000000020c358       0x10 obj_owinos/packetbuf.o
                0x000000000020c358                packetbuf_dataptr
 .text.packetbuf_copyto
                0x000000000020c368       0x40 obj_owinos/packetbuf.o
                0x000000000020c368                packetbuf_copyto
 .text.packetbuf_totlen
                0x000000000020c3a8       0x14 obj_owinos/packetbuf.o
                0x000000000020c3a8                packetbuf_totlen
 .text.packetbuf_hdralloc
                0x000000000020c3bc       0x40 obj_owinos/packetbuf.o
                0x000000000020c3bc                packetbuf_hdralloc
 .text.packetbuf_attr_clear
                0x000000000020c3fc       0x34 obj_owinos/packetbuf.o
                0x000000000020c3fc                packetbuf_attr_clear
 .text.packetbuf_clear
                0x000000000020c430       0x20 obj_owinos/packetbuf.o
                0x000000000020c430                packetbuf_clear
 .text.packetbuf_copyfrom
                0x000000000020c450       0x2c obj_owinos/packetbuf.o
                0x000000000020c450                packetbuf_copyfrom
 .text.packetbuf_attr_copyto
                0x000000000020c47c       0x30 obj_owinos/packetbuf.o
                0x000000000020c47c                packetbuf_attr_copyto
 .text.packetbuf_attr_copyfrom
                0x000000000020c4ac       0x30 obj_owinos/packetbuf.o
                0x000000000020c4ac                packetbuf_attr_copyfrom
 .text.packetbuf_set_attr
                0x000000000020c4dc       0x10 obj_owinos/packetbuf.o
                0x000000000020c4dc                packetbuf_set_attr
 .text.packetbuf_attr
                0x000000000020c4ec        0xc obj_owinos/packetbuf.o
                0x000000000020c4ec                packetbuf_attr
 .text.packetbuf_set_addr
                0x000000000020c4f8       0x18 obj_owinos/packetbuf.o
                0x000000000020c4f8                packetbuf_set_addr
 .text.packetbuf_addr
                0x000000000020c510       0x10 obj_owinos/packetbuf.o
                0x000000000020c510                packetbuf_addr
 .text.packetbuf_holds_broadcast
                0x000000000020c520       0x10 obj_owinos/packetbuf.o
                0x000000000020c520                packetbuf_holds_broadcast
 .text.queuebuf_init
                0x000000000020c530       0x1c obj_owinos/queuebuf.o
                0x000000000020c530                queuebuf_init
 .text.queuebuf_numfree
                0x000000000020c54c        0xc obj_owinos/queuebuf.o
                0x000000000020c54c                queuebuf_numfree
 .text.queuebuf_new_from_packetbuf
                0x000000000020c558       0x44 obj_owinos/queuebuf.o
                0x000000000020c558                queuebuf_new_from_packetbuf
 .text.queuebuf_free
                0x000000000020c59c       0x2c obj_owinos/queuebuf.o
                0x000000000020c59c                queuebuf_free
 .text.queuebuf_to_packetbuf
                0x000000000020c5c8       0x30 obj_owinos/queuebuf.o
                0x000000000020c5c8                queuebuf_to_packetbuf
 .text.input_packet
                0x000000000020c5f8        0xc obj_owinos/csma.o
 .text.on       0x000000000020c604        0xc obj_owinos/csma.o
 .text.off      0x000000000020c610        0xc obj_owinos/csma.o
 .text.channel_check_interval
                0x000000000020c61c       0x10 obj_owinos/csma.o
 .text.schedule_transmission
                0x000000000020c62c       0x4c obj_owinos/csma.o
 .text.send_packet
                0x000000000020c678      0x13c obj_owinos/csma.o
 .text.init     0x000000000020c7b4       0x24 obj_owinos/csma.o
 .text.transmit_packet_list
                0x000000000020c7d8       0x30 obj_owinos/csma.o
 .text.tx_done  0x000000000020c808       0x7c obj_owinos/csma.o
 .text.packet_sent
                0x000000000020c884       0xdc obj_owinos/csma.o
 .text.frame802154_get_pan_id
                0x000000000020c960        0xc obj_owinos/frame802154.o
                0x000000000020c960                frame802154_get_pan_id
 .text.frame802154_parse
                0x000000000020c96c      0x1ac obj_owinos/frame802154.o
                0x000000000020c96c                frame802154_parse
 .text.create_frame.constprop.0
                0x000000000020cb18      0x15c obj_owinos/framer-802154.o
 .text.on       0x000000000020cc74        0xc obj_owinos/nullrdc.o
 .text.send_one_packet
                0x000000000020cc80      0x114 obj_owinos/nullrdc.o
 .text.off      0x000000000020cd94       0x18 obj_owinos/nullrdc.o
 .text.packet_input
                0x000000000020cdac       0x4c obj_owinos/nullrdc.o
 .text.anti_replay_set_counter
                0x000000000020cdf8       0x24 obj_owinos/anti-replay.o
                0x000000000020cdf8                anti_replay_set_counter
 .text.ccm_star_packetbuf_set_nonce
                0x000000000020ce1c       0x4c obj_owinos/ccm-star-packetbuf.o
                0x000000000020ce1c                ccm_star_packetbuf_set_nonce
 .text.input    0x000000000020ce68        0xc obj_owinos/noncoresec.o
 .text.send     0x000000000020ce74       0x20 obj_owinos/noncoresec.o
 .text.length   0x000000000020ce94       0x14 obj_owinos/noncoresec.o
 .text.init     0x000000000020cea8       0x24 obj_owinos/noncoresec.o
 .text.aead     0x000000000020cecc       0x68 obj_owinos/noncoresec.o
 .text.parse    0x000000000020cf34       0x94 obj_owinos/noncoresec.o
 .text.create   0x000000000020cfc8       0x20 obj_owinos/noncoresec.o
 .text.init_config
                0x000000000020cfe8       0x1c mqtt-client.co
 .text.mqtt_event
                0x000000000020d004      0x120 mqtt-client.co
 .text.mqtt_read_config_from_flash
                0x000000000020d124       0xcc mqtt-client.co
                0x000000000020d124                mqtt_read_config_from_flash
 .text.process_thread_mqtt_client_process
                0x000000000020d1f0      0x314 mqtt-client.co
 .text.subscribe
                0x000000000020d504       0x38 mqtt-client.co
                0x000000000020d504                subscribe
 .text.publish  0x000000000020d53c       0x44 mqtt-client.co
                0x000000000020d53c                publish
 .text.process_thread_mqtt_sensors_process
                0x000000000020d580       0x74 obj_owinos/mqtt-sensors.o
 .text.mqtt_sensor_check
                0x000000000020d5f4       0xbc obj_owinos/mqtt-sensors.o
                0x000000000020d5f4                mqtt_sensor_check
 .text.ping_parent
                0x000000000020d6b0       0x2c obj_owinos/mqtt-res.o
 .text.process_thread_mqtt_res_process
                0x000000000020d6dc       0x7c obj_owinos/mqtt-res.o
 .text.echo_reply_handler
                0x000000000020d758       0x24 obj_owinos/mqtt-res.o
 .text.mqtt_res_parent_rssi
                0x000000000020d77c       0x28 obj_owinos/mqtt-res.o
                0x000000000020d77c                mqtt_res_parent_rssi
 .text.mqtt_check_int_chunk_len
                0x000000000020d7a4       0x40 obj_owinos/mqtt-res.o
                0x000000000020d7a4                mqtt_check_int_chunk_len
 .text.mqtt_res_uptime
                0x000000000020d7e4       0x28 obj_owinos/mqtt-res.o
                0x000000000020d7e4                mqtt_res_uptime
 .text.mqtt_res_client_id
                0x000000000020d80c       0x50 obj_owinos/mqtt-res.o
                0x000000000020d80c                mqtt_res_client_id
 .text.mqtt_res_u16_addr
                0x000000000020d85c       0x34 obj_owinos/mqtt-res.o
                0x000000000020d85c                mqtt_res_u16_addr
 .text.activate_sensors
                0x000000000020d890       0x20 obj_owinos/mqtt-res.o
                0x000000000020d890                activate_sensors
 .text.process_thread_mosquitto_process
                0x000000000020d8b0      0x114 obj_owinos/mosquitto.o
 .text.mosquitto_pub_handler
                0x000000000020d9c4      0x294 obj_owinos/mosquitto.o
 .text.add_pub_topic.constprop.0
                0x000000000020dc58       0xa0 obj_owinos/mosquitto.o
 .text.publish_alarm
                0x000000000020dcf8       0x98 obj_owinos/mosquitto.o
                0x000000000020dcf8                publish_alarm
 .text.publish_event
                0x000000000020dd90      0x128 obj_owinos/mosquitto.o
                0x000000000020dd90                publish_event
 .text.activate_actuator
                0x000000000020deb8       0x24 obj_owinos/mosquitto_demo.o
 .text.process_thread_mosquitto_demo_sensors_process
                0x000000000020dedc      0x2e4 obj_owinos/mosquitto_demo.o
 .text          0x000000000020e1c0       0x30 /home/kamalesh/toolkit/gcc-arm-none-eabi-10-2020-q4-major/bin/../lib/gcc/arm-none-eabi/10.2.1/thumb/v7-m/nofp/libgcc.a(_aeabi_uldivmod.o)
                0x000000000020e1c0                __aeabi_uldivmod
 .text          0x000000000020e1f0      0x2d4 /home/kamalesh/toolkit/gcc-arm-none-eabi-10-2020-q4-major/bin/../lib/gcc/arm-none-eabi/10.2.1/thumb/v7-m/nofp/libgcc.a(_udivmoddi4.o)
                0x000000000020e1f0                __udivmoddi4
 .text          0x000000000020e4c4        0x4 /home/kamalesh/toolkit/gcc-arm-none-eabi-10-2020-q4-major/bin/../lib/gcc/arm-none-eabi/10.2.1/thumb/v7-m/nofp/libgcc.a(_dvmd_tls.o)
                0x000000000020e4c4                __aeabi_ldiv0
                0x000000000020e4c4                __aeabi_idiv0
 .text.atoi     0x000000000020e4c8        0x8 /home/kamalesh/toolkit/gcc-arm-none-eabi-10-2020-q4-major/bin/../lib/gcc/arm-none-eabi/10.2.1/../../../../arm-none-eabi/lib/thumb/v7-m/nofp/libc.a(lib_a-atoi.o)
                0x000000000020e4c8                atoi
 .text.memcmp   0x000000000020e4d0       0x68 /home/kamalesh/toolkit/gcc-arm-none-eabi-10-2020-q4-major/bin/../lib/gcc/arm-none-eabi/10.2.1/../../../../arm-none-eabi/lib/thumb/v7-m/nofp/libc.a(lib_a-memcmp.o)
                0x000000000020e4d0                memcmp
 .text          0x000000000020e538       0xec /home/kamalesh/toolkit/gcc-arm-none-eabi-10-2020-q4-major/bin/../lib/gcc/arm-none-eabi/10.2.1/../../../../arm-none-eabi/lib/thumb/v7-m/nofp/libc.a(lib_a-memcpy.o)
                0x000000000020e538                memcpy
 .text.memmove  0x000000000020e624       0xf8 /home/kamalesh/toolkit/gcc-arm-none-eabi-10-2020-q4-major/bin/../lib/gcc/arm-none-eabi/10.2.1/../../../../arm-none-eabi/lib/thumb/v7-m/nofp/libc.a(lib_a-memmove.o)
                0x000000000020e624                memmove
 .text.memset   0x000000000020e71c       0xa4 /home/kamalesh/toolkit/gcc-arm-none-eabi-10-2020-q4-major/bin/../lib/gcc/arm-none-eabi/10.2.1/../../../../arm-none-eabi/lib/thumb/v7-m/nofp/libc.a(lib_a-memset.o)
                0x000000000020e71c                memset
 .text          0x000000000020e7c0      0x1bc /home/kamalesh/toolkit/gcc-arm-none-eabi-10-2020-q4-major/bin/../lib/gcc/arm-none-eabi/10.2.1/../../../../arm-none-eabi/lib/thumb/v7-m/nofp/libc.a(lib_a-strcmp.o)
                0x000000000020e7c0                strcmp
 .text.strlen   0x000000000020e97c       0x5c /home/kamalesh/toolkit/gcc-arm-none-eabi-10-2020-q4-major/bin/../lib/gcc/arm-none-eabi/10.2.1/../../../../arm-none-eabi/lib/thumb/v7-m/nofp/libc.a(lib_a-strlen-stub.o)
                0x000000000020e97c                strlen
 .text.strncmp  0x000000000020e9d8       0x7c /home/kamalesh/toolkit/gcc-arm-none-eabi-10-2020-q4-major/bin/../lib/gcc/arm-none-eabi/10.2.1/../../../../arm-none-eabi/lib/thumb/v7-m/nofp/libc.a(lib_a-strncmp.o)
                0x000000000020e9d8                strncmp
 .text.strncpy  0x000000000020ea54       0x68 /home/kamalesh/toolkit/gcc-arm-none-eabi-10-2020-q4-major/bin/../lib/gcc/arm-none-eabi/10.2.1/../../../../arm-none-eabi/lib/thumb/v7-m/nofp/libc.a(lib_a-strncpy.o)
                0x000000000020ea54                strncpy
 .text.two_way_long_needle
                0x000000000020eabc      0x2b8 /home/kamalesh/toolkit/gcc-arm-none-eabi-10-2020-q4-major/bin/../lib/gcc/arm-none-eabi/10.2.1/../../../../arm-none-eabi/lib/thumb/v7-m/nofp/libc.a(lib_a-strstr.o)
 .text.strstr   0x000000000020ed74      0x164 /home/kamalesh/toolkit/gcc-arm-none-eabi-10-2020-q4-major/bin/../lib/gcc/arm-none-eabi/10.2.1/../../../../arm-none-eabi/lib/thumb/v7-m/nofp/libc.a(lib_a-strstr.o)
                0x000000000020ed74                strstr
 .text._strtol_l.part.0
                0x000000000020eed8      0x120 /home/kamalesh/toolkit/gcc-arm-none-eabi-10-2020-q4-major/bin/../lib/gcc/arm-none-eabi/10.2.1/../../../../arm-none-eabi/lib/thumb/v7-m/nofp/libc.a(lib_a-strtol.o)
 .text.strtol   0x000000000020eff8       0x2c /home/kamalesh/toolkit/gcc-arm-none-eabi-10-2020-q4-major/bin/../lib/gcc/arm-none-eabi/10.2.1/../../../../arm-none-eabi/lib/thumb/v7-m/nofp/libc.a(lib_a-strtol.o)
                0x000000000020eff8                strtol
 .text.__errno  0x000000000020f024        0xc /home/kamalesh/toolkit/gcc-arm-none-eabi-10-2020-q4-major/bin/../lib/gcc/arm-none-eabi/10.2.1/../../../../arm-none-eabi/lib/thumb/v7-m/nofp/libc.a(lib_a-errno.o)
                0x000000000020f024                __errno
 .text.strchr   0x000000000020f030       0xcc /home/kamalesh/toolkit/gcc-arm-none-eabi-10-2020-q4-major/bin/../lib/gcc/arm-none-eabi/10.2.1/../../../../arm-none-eabi/lib/thumb/v7-m/nofp/libc.a(lib_a-strchr.o)
                0x000000000020f030                strchr
 .text.strnlen  0x000000000020f0fc       0x24 /home/kamalesh/toolkit/gcc-arm-none-eabi-10-2020-q4-major/bin/../lib/gcc/arm-none-eabi/10.2.1/../../../../arm-none-eabi/lib/thumb/v7-m/nofp/libc.a(lib_a-strnlen.o)
                0x000000000020f0fc                strnlen
 .text.default_handler
                0x000000000020f120        0x2 obj_owinos/startup-gcc.o
                0x000000000020f120                default_handler
 .text.nmi_handler
                0x000000000020f122        0x6 obj_owinos/startup-gcc.o
                0x000000000020f122                nmi_handler
 .text.encode_remaining_length
                0x000000000020f128       0x30 obj_owinos/mqtt.o
 .text.reset_packet
                0x000000000020f158       0x14 obj_owinos/mqtt.o
 .text.abort_connection
                0x000000000020f16c       0x3e obj_owinos/mqtt.o
 .text.send_out_buffer
                0x000000000020f1aa       0x22 obj_owinos/mqtt.o
 .text.write_byte
                0x000000000020f1cc       0x20 obj_owinos/mqtt.o
 .text.write_bytes
                0x000000000020f1ec       0x4e obj_owinos/mqtt.o
 .text.string_to_mqtt_string
                0x000000000020f23a       0x14 obj_owinos/mqtt.o
 .text.status   0x000000000020f24e        0x4 obj_owinos/adc-owinos.o
 .text.accm_read_reg
                0x000000000020f252       0x34 obj_owinos/adxl345.o
 .text.accm_read_axis.part.0
                0x000000000020f286       0x30 obj_owinos/adxl345.o
 .text.accm_write_reg.isra.0
                0x000000000020f2b6       0x1e obj_owinos/adxl345.o
 .text.bmp180_read_reg
                0x000000000020f2d4       0x38 obj_owinos/bmp180.o
 .text.bmp180_read_uncompensated_temperature
                0x000000000020f30c       0x4e obj_owinos/bmp180.o
 .text.fade     0x000000000020f35a       0x58 obj_owinos/contiki-main.o
 .text.board_init
                0x000000000020f3b2        0x2 obj_owinos/board.o
                0x000000000020f3b2                board_init
 .text.clock_adjust
                0x000000000020f3b4       0x1c obj_owinos/clock.o
                0x000000000020f3b4                clock_adjust
 .text.clock_isr
                0x000000000020f3d0        0x4 obj_owinos/clock.o
                0x000000000020f3d0                clock_isr
 .text.rtimer_arch_init
                0x000000000020f3d4        0x2 obj_owinos/rtimer-arch.o
                0x000000000020f3d4                rtimer_arch_init
 .text.uart0_isr
                0x000000000020f3d6        0x6 obj_owinos/uart.o
                0x000000000020f3d6                uart0_isr
 .text.uart1_isr
                0x000000000020f3dc        0x6 obj_owinos/uart.o
                0x000000000020f3dc                uart1_isr
 .text.gpio_port_a_isr
                0x000000000020f3e2        0x6 obj_owinos/gpio.o
                0x000000000020f3e2                gpio_port_a_isr
 .text.gpio_port_b_isr
                0x000000000020f3e8        0x6 obj_owinos/gpio.o
                0x000000000020f3e8                gpio_port_b_isr
 .text.gpio_port_c_isr
                0x000000000020f3ee        0x6 obj_owinos/gpio.o
                0x000000000020f3ee                gpio_port_c_isr
 .text.gpio_port_d_isr
                0x000000000020f3f4        0x6 obj_owinos/gpio.o
                0x000000000020f3f4                gpio_port_d_isr
 .text.ecb_crypt_start
                0x000000000020f3fa       0x2c obj_owinos/ecb.o
                0x000000000020f3fa                ecb_crypt_start
 .text.ecb_crypt_check_status
                0x000000000020f426       0x1a obj_owinos/ecb.o
                0x000000000020f426                ecb_crypt_check_status
 .text.ccm_auth_crypt_get_result
                0x000000000020f440       0x42 obj_owinos/ccm.o
                0x000000000020f440                ccm_auth_decrypt_get_result
 .text.ccm_auth_encrypt_start
                0x000000000020f482       0x34 obj_owinos/ccm.o
                0x000000000020f482                ccm_auth_encrypt_start
 .text.ccm_auth_encrypt_get_result
                0x000000000020f4b6        0xc obj_owinos/ccm.o
                0x000000000020f4b6                ccm_auth_encrypt_get_result
 .text.ccm_auth_decrypt_start
                0x000000000020f4c2       0x38 obj_owinos/ccm.o
                0x000000000020f4c2                ccm_auth_decrypt_start
 .text.send     0x000000000020f4fa       0x12 obj_owinos/cc2538-rf.o
 .text.putchar  0x000000000020f50c       0x10 obj_owinos/dbg.o
                0x000000000020f50c                putchar
 .text.dbg_send_bytes
                0x000000000020f51c       0x22 obj_owinos/dbg.o
                0x000000000020f51c                dbg_send_bytes
 .text.puts     0x000000000020f53e       0x1c obj_owinos/dbg.o
                0x000000000020f53e                puts
 .text.configure
                0x000000000020f55a        0x4 obj_owinos/cc2538-temp-sensor.o
 .text.status   0x000000000020f55e        0x4 obj_owinos/cc2538-temp-sensor.o
 .text.value    0x000000000020f562       0x34 obj_owinos/cc2538-temp-sensor.o
 .text.configure
                0x000000000020f596        0x4 obj_owinos/vdd3-sensor.o
 .text.status   0x000000000020f59a        0x4 obj_owinos/vdd3-sensor.o
 .text.value    0x000000000020f59e       0x2a obj_owinos/vdd3-sensor.o
 .text.read_header
                0x000000000020f5c8        0x8 obj_owinos/cfs-coffee.o
 .text.file_end
                0x000000000020f5d0       0x52 obj_owinos/cfs-coffee.o
 .text.write_header
                0x000000000020f622       0x14 obj_owinos/cfs-coffee.o
 .text.next_file.isra.0
                0x000000000020f636       0x1a obj_owinos/cfs-coffee.o
 .text.read_log_page
                0x000000000020f650      0x11e obj_owinos/cfs-coffee.o
 .text.cfs_coffee_arch_erase
                0x000000000020f76e       0x1e obj_owinos/cfs-coffee-arch.o
                0x000000000020f76e                cfs_coffee_arch_erase
 .text.cfs_coffee_arch_write
                0x000000000020f78c       0xc8 obj_owinos/cfs-coffee-arch.o
                0x000000000020f78c                cfs_coffee_arch_write
 .text.cfs_coffee_arch_read
                0x000000000020f854       0x24 obj_owinos/cfs-coffee-arch.o
                0x000000000020f854                cfs_coffee_arch_read
 .text.write_str
                0x000000000020f878       0x10 obj_owinos/dbg-printf.o
 .text.buffer_str
                0x000000000020f888       0x28 obj_owinos/dbg-snprintf.o
 .text.snprintf
                0x000000000020f8b0       0x1a obj_owinos/dbg-snprintf.o
                0x000000000020f8b0                snprintf
 .text.autostart_start
                0x000000000020f8ca       0x14 obj_owinos/autostart.o
                0x000000000020f8ca                autostart_start
 .text.energest_init
                0x000000000020f8de        0x2 obj_owinos/energest.o
                0x000000000020f8de                energest_init
 .text.etimer_set
                0x000000000020f8e0       0x12 obj_owinos/etimer.o
                0x000000000020f8e0                etimer_set
 .text.etimer_reset
                0x000000000020f8f2       0x12 obj_owinos/etimer.o
                0x000000000020f8f2                etimer_reset
 .text.etimer_restart
                0x000000000020f904       0x12 obj_owinos/etimer.o
                0x000000000020f904                etimer_restart
 .text.etimer_expired
                0x000000000020f916        0xa obj_owinos/etimer.o
                0x000000000020f916                etimer_expired
 .text.etimer_expiration_time
                0x000000000020f920        0x8 obj_owinos/etimer.o
                0x000000000020f920                etimer_expiration_time
 .text.call_process
                0x000000000020f928        0xc obj_owinos/process.o
 .text.rtimer_init
                0x000000000020f934        0x4 obj_owinos/rtimer.o
                0x000000000020f934                rtimer_init
 .text.stimer_set
                0x000000000020f938        0xe obj_owinos/stimer.o
                0x000000000020f938                stimer_set
 .text.stimer_expired
                0x000000000020f946       0x1e obj_owinos/stimer.o
                0x000000000020f946                stimer_expired
 .text.timer_set
                0x000000000020f964        0xe obj_owinos/timer.o
                0x000000000020f964                timer_set
 .text.timer_reset
                0x000000000020f972        0xa obj_owinos/timer.o
                0x000000000020f972                timer_reset
 .text.timer_restart
                0x000000000020f97c        0xc obj_owinos/timer.o
                0x000000000020f97c                timer_restart
 .text.timer_expired
                0x000000000020f988       0x1c obj_owinos/timer.o
                0x000000000020f988                timer_expired
 .text.crc16_add
                0x000000000020f9a4       0x1e obj_owinos/crc16.o
                0x000000000020f9a4                crc16_add
 .text.crc16_data
                0x000000000020f9c2       0x1e obj_owinos/crc16.o
                0x000000000020f9c2                crc16_data
 .text.list_init
                0x000000000020f9e0        0x6 obj_owinos/list.o
                0x000000000020f9e0                list_init
 .text.list_head
                0x000000000020f9e6        0x4 obj_owinos/list.o
                0x000000000020f9e6                list_head
 .text.list_tail
                0x000000000020f9ea       0x10 obj_owinos/list.o
                0x000000000020f9ea                list_tail
 .text.list_remove
                0x000000000020f9fa       0x26 obj_owinos/list.o
                0x000000000020f9fa                list_remove
 .text.list_add
                0x000000000020fa20       0x1a obj_owinos/list.o
                0x000000000020fa20                list_add
 .text.list_push
                0x000000000020fa3a        0xe obj_owinos/list.o
                0x000000000020fa3a                list_push
 .text.list_length
                0x000000000020fa48        0xe obj_owinos/list.o
                0x000000000020fa48                list_length
 .text.list_item_next
                0x000000000020fa56        0x6 obj_owinos/list.o
                0x000000000020fa56                list_item_next
 .text.memb_init
                0x000000000020fa5c       0x20 obj_owinos/memb.o
                0x000000000020fa5c                memb_init
 .text.memb_alloc
                0x000000000020fa7c       0x28 obj_owinos/memb.o
                0x000000000020fa7c                memb_alloc
 .text.memb_free
                0x000000000020faa4       0x2c obj_owinos/memb.o
                0x000000000020faa4                memb_free
 .text.memb_inmemb
                0x000000000020fad0       0x1c obj_owinos/memb.o
                0x000000000020fad0                memb_inmemb
 .text.memb_numfree
                0x000000000020faec       0x1c obj_owinos/memb.o
                0x000000000020faec                memb_numfree
 .text.ringbuf_init
                0x000000000020fb08        0xe obj_owinos/ringbuf.o
                0x000000000020fb08                ringbuf_init
 .text.ringbuf_put
                0x000000000020fb16       0x26 obj_owinos/ringbuf.o
                0x000000000020fb16                ringbuf_put
 .text.ringbuf_get
                0x000000000020fb3c       0x20 obj_owinos/ringbuf.o
                0x000000000020fb3c                ringbuf_get
 .text.chksum   0x000000000020fb5c       0x52 obj_owinos/uip6.o
 .text.uip_icmp6chksum
                0x000000000020fbae        0x6 obj_owinos/uip6.o
                0x000000000020fbae                uip_icmp6chksum
 .text.uip_tcpchksum
                0x000000000020fbb4        0x6 obj_owinos/uip6.o
                0x000000000020fbb4                uip_tcpchksum
 .text.uip_udpchksum
                0x000000000020fbba        0x6 obj_owinos/uip6.o
                0x000000000020fbba                uip_udpchksum
 .text.uip_htons
                0x000000000020fbc0        0x6 obj_owinos/uip6.o
                0x000000000020fbc0                uip_htons
 .text.uip_htonl
                0x000000000020fbc6        0x4 obj_owinos/uip6.o
                0x000000000020fbc6                uip_htonl
 .text.uip_ds6_list_loop
                0x000000000020fbca       0x48 obj_owinos/uip-ds6.o
                0x000000000020fbca                uip_ds6_list_loop
 .text.uip_ds6_maddr_rm
                0x000000000020fc12        0x8 obj_owinos/uip-ds6.o
                0x000000000020fc12                uip_ds6_maddr_rm
 .text.uip_ds6_set_addr_iid
                0x000000000020fc1a       0x12 obj_owinos/uip-ds6.o
                0x000000000020fc1a                uip_ds6_set_addr_iid
 .text.get_match_length
                0x000000000020fc2c       0x36 obj_owinos/uip-ds6.o
                0x000000000020fc2c                get_match_length
 .text.uip_ds6_nbr_ipaddr_from_lladdr
                0x000000000020fc62        0x4 obj_owinos/uip-ds6-nbr.o
                0x000000000020fc62                uip_ds6_nbr_ipaddr_from_lladdr
 .text.uip_ds6_nbr_lladdr_from_ipaddr
                0x000000000020fc66       0x12 obj_owinos/uip-ds6-nbr.o
                0x000000000020fc66                uip_ds6_nbr_lladdr_from_ipaddr
 .text.uip_ds6_route_next
                0x000000000020fc78        0x8 obj_owinos/uip-ds6-route.o
                0x000000000020fc78                uip_ds6_route_next
 .text.rm_routelist_callback
                0x000000000020fc80        0x4 obj_owinos/uip-ds6-route.o
 .text.uip_nd6_init
                0x000000000020fc84        0x2 obj_owinos/uip-nd6.o
                0x000000000020fc84                uip_nd6_init
 .text.ip64_addr_4to6
                0x000000000020fc86       0x26 obj_owinos/ip64-addr.o
                0x000000000020fc86                ip64_addr_4to6
 .text.call_event
                0x000000000020fcac       0x16 obj_owinos/tcp-socket.o
 .text.relisten
                0x000000000020fcc2       0x14 obj_owinos/tcp-socket.o
 .text.tcp_socket_send
                0x000000000020fcd6       0x34 obj_owinos/tcp-socket.o
                0x000000000020fcd6                tcp_socket_send
 .text.tcp_socket_close
                0x000000000020fd0a       0x18 obj_owinos/tcp-socket.o
                0x000000000020fd0a                tcp_socket_close
 .text.uiplib_ip6addrconv
                0x000000000020fd22       0xb4 obj_owinos/uiplib.o
                0x000000000020fd22                uiplib_ip6addrconv
 .text.rpl_remove_routes
                0x000000000020fdd6       0x1e obj_owinos/rpl.o
                0x000000000020fdd6                rpl_remove_routes
 .text.rpl_remove_routes_by_nexthop
                0x000000000020fdf4       0x30 obj_owinos/rpl.o
                0x000000000020fdf4                rpl_remove_routes_by_nexthop
 .text.rpl_add_route
                0x000000000020fe24       0x30 obj_owinos/rpl.o
                0x000000000020fe24                rpl_add_route
 .text.check_prefix
                0x000000000020fe54       0x58 obj_owinos/rpl-dag.o
 .text.lollipop_greater_than
                0x000000000020feac       0x34 obj_owinos/rpl-dag.o
 .text.rpl_rank_via_parent
                0x000000000020fee0       0x1a obj_owinos/rpl-dag.o
                0x000000000020fee0                rpl_rank_via_parent
 .text.rpl_get_parent_ipaddr
                0x000000000020fefa        0xe obj_owinos/rpl-dag.o
                0x000000000020fefa                rpl_get_parent_ipaddr
 .text.rpl_get_parent_link_stats
                0x000000000020ff08        0xe obj_owinos/rpl-dag.o
                0x000000000020ff08                rpl_get_parent_link_stats
 .text.rpl_parent_is_fresh
                0x000000000020ff16        0xe obj_owinos/rpl-dag.o
                0x000000000020ff16                rpl_parent_is_fresh
 .text.rpl_parent_is_reachable
                0x000000000020ff24       0x36 obj_owinos/rpl-dag.o
                0x000000000020ff24                rpl_parent_is_reachable
 .text.rpl_set_prefix
                0x000000000020ff5a       0x6a obj_owinos/rpl-dag.o
                0x000000000020ff5a                rpl_set_prefix
 .text.rpl_set_default_route
                0x000000000020ffc4       0x30 obj_owinos/rpl-dag.o
                0x000000000020ffc4                rpl_set_default_route
 .text.rpl_find_parent
                0x000000000020fff4       0x16 obj_owinos/rpl-dag.o
                0x000000000020fff4                rpl_find_parent
 .text.rpl_find_parent_any_dag
                0x000000000021000a       0x1e obj_owinos/rpl-dag.o
                0x000000000021000a                rpl_find_parent_any_dag
 .text.rpl_select_parent
                0x0000000000210028       0x4a obj_owinos/rpl-dag.o
                0x0000000000210028                rpl_select_parent
 .text.rpl_select_dag
                0x0000000000210072      0x152 obj_owinos/rpl-dag.o
                0x0000000000210072                rpl_select_dag
 .text.rpl_nullify_parent
                0x00000000002101c4       0x54 obj_owinos/rpl-dag.o
                0x00000000002101c4                rpl_nullify_parent
 .text.nbr_callback
                0x0000000000210218        0x4 obj_owinos/rpl-dag.o
 .text.rpl_free_dag
                0x000000000021021c       0x3a obj_owinos/rpl-dag.o
                0x000000000021021c                rpl_free_dag
 .text.rpl_move_parent
                0x0000000000210256       0x58 obj_owinos/rpl-dag.o
                0x0000000000210256                rpl_move_parent
 .text.rpl_repair_root
                0x00000000002102ae       0x48 obj_owinos/rpl-dag.o
                0x00000000002102ae                rpl_repair_root
 .text.rpl_alloc_dag
                0x00000000002102f6       0x50 obj_owinos/rpl-dag.o
                0x00000000002102f6                rpl_alloc_dag
 .text.rpl_process_parent_event
                0x0000000000210346       0x90 obj_owinos/rpl-dag.o
                0x0000000000210346                rpl_process_parent_event
 .text.rpl_add_dag
                0x00000000002103d6      0x110 obj_owinos/rpl-dag.o
                0x00000000002103d6                rpl_add_dag
 .text.rpl_process_dio
                0x00000000002104e6      0x2de obj_owinos/rpl-dag.o
                0x00000000002104e6                rpl_process_dio
 .text.get32    0x00000000002107c4       0x18 obj_owinos/rpl-icmp6.o
 .text.set32    0x00000000002107dc       0x12 obj_owinos/rpl-icmp6.o
 .text.get16    0x00000000002107ee        0xc obj_owinos/rpl-icmp6.o
 .text.set16    0x00000000002107fa        0xa obj_owinos/rpl-icmp6.o
 .text.rpl_icmp6_update_nbr_table
                0x0000000000210804       0x2e obj_owinos/rpl-icmp6.o
                0x0000000000210804                rpl_icmp6_update_nbr_table
 .text.reset    0x0000000000210832        0x2 obj_owinos/rpl-mrhof.o
 .text.update_metric_container
                0x0000000000210834        0x6 obj_owinos/rpl-mrhof.o
 .text.parent_link_metric
                0x000000000021083a       0x12 obj_owinos/rpl-mrhof.o
 .text.parent_has_usable_link
                0x000000000021084c       0x12 obj_owinos/rpl-mrhof.o
 .text.best_dag
                0x000000000021085e       0x2e obj_owinos/rpl-mrhof.o
 .text.parent_path_cost
                0x000000000021088c       0x34 obj_owinos/rpl-mrhof.o
 .text.rank_via_parent
                0x00000000002108c0       0x34 obj_owinos/rpl-mrhof.o
 .text.parent_is_acceptable
                0x00000000002108f4       0x26 obj_owinos/rpl-mrhof.o
 .text.best_parent
                0x000000000021091a       0x64 obj_owinos/rpl-mrhof.o
 .text.handle_unicast_dio_timer
                0x000000000021097e       0x1c obj_owinos/rpl-timers.o
 .text.rpl_reset_dio_timer
                0x000000000021099a       0x1c obj_owinos/rpl-timers.o
                0x000000000021099a                rpl_reset_dio_timer
 .text.rpl_schedule_dao
                0x00000000002109b6        0x8 obj_owinos/rpl-timers.o
                0x00000000002109b6                rpl_schedule_dao
 .text.get_probing_delay
                0x00000000002109be       0x38 obj_owinos/rpl-timers.o
                0x00000000002109be                get_probing_delay
 .text.handle_probing_timer
                0x00000000002109f6       0x32 obj_owinos/rpl-timers.o
 .text.svcall_handler
                0x0000000000210a28       0x1e obj_owinos/mtarch.o
                0x0000000000210a28                svcall_handler
 .text.pendsv_handler
                0x0000000000210a46       0x18 obj_owinos/mtarch.o
                0x0000000000210a46                pendsv_handler
 .text.linkaddr_copy
                0x0000000000210a5e        0xa obj_owinos/linkaddr.o
                0x0000000000210a5e                linkaddr_copy
 .text.linkaddr_cmp
                0x0000000000210a68       0x10 obj_owinos/linkaddr.o
                0x0000000000210a68                linkaddr_cmp
 .text.link_stats_is_fresh
                0x0000000000210a78       0x24 obj_owinos/link-stats.o
                0x0000000000210a78                link_stats_is_fresh
 .text.item_from_index
                0x0000000000210a9c       0x14 obj_owinos/nbr-table.o
 .text.index_from_item
                0x0000000000210ab0       0x16 obj_owinos/nbr-table.o
 .text.nbr_set_bit
                0x0000000000210ac6       0x3a obj_owinos/nbr-table.o
 .text.nbr_table_next
                0x0000000000210b00       0x36 obj_owinos/nbr-table.o
                0x0000000000210b00                nbr_table_next
 .text.nbr_table_get_from_lladdr
                0x0000000000210b36       0x26 obj_owinos/nbr-table.o
                0x0000000000210b36                nbr_table_get_from_lladdr
 .text.nbr_table_get_lladdr
                0x0000000000210b5c       0x10 obj_owinos/nbr-table.o
                0x0000000000210b5c                nbr_table_get_lladdr
 .text.queuebuf_update_attr_from_packetbuf
                0x0000000000210b6c        0xc obj_owinos/queuebuf.o
                0x0000000000210b6c                queuebuf_update_attr_from_packetbuf
 .text.queuebuf_attr
                0x0000000000210b78        0xc obj_owinos/queuebuf.o
                0x0000000000210b78                queuebuf_attr
 .text.frame802154_has_panid
                0x0000000000210b84       0x62 obj_owinos/frame802154.o
                0x0000000000210b84                frame802154_has_panid
 .text.field_len
                0x0000000000210be6       0x9e obj_owinos/frame802154.o
 .text.frame802154_is_broadcast_addr
                0x0000000000210c84       0x1e obj_owinos/frame802154.o
                0x0000000000210c84                frame802154_is_broadcast_addr
 .text.frame802154_hdrlen
                0x0000000000210ca2       0x32 obj_owinos/frame802154.o
                0x0000000000210ca2                frame802154_hdrlen
 .text.frame802154_create
                0x0000000000210cd4      0x11c obj_owinos/frame802154.o
                0x0000000000210cd4                frame802154_create
 .text.parse    0x0000000000210df0       0xba obj_owinos/framer-802154.o
 .text.hdr_length
                0x0000000000210eaa        0x6 obj_owinos/framer-802154.o
 .text.create   0x0000000000210eb0        0x6 obj_owinos/framer-802154.o
 .text.mac_call_sent_callback
                0x0000000000210eb6       0x16 obj_owinos/mac.o
                0x0000000000210eb6                mac_call_sent_callback
 .text.channel_check_interval
                0x0000000000210ecc        0x4 obj_owinos/nullrdc.o
 .text.init     0x0000000000210ed0        0x4 obj_owinos/nullrdc.o
 .text.send_list
                0x0000000000210ed4       0x22 obj_owinos/nullrdc.o
 .text.send_packet
                0x0000000000210ef6        0x4 obj_owinos/nullrdc.o
 .text.anti_replay_get_counter
                0x0000000000210efa       0x1c obj_owinos/anti-replay.o
                0x0000000000210efa                anti_replay_get_counter
 .text.anti_replay_init_info
                0x0000000000210f16        0xe obj_owinos/anti-replay.o
                0x0000000000210f16                anti_replay_init_info
 .text.anti_replay_was_replayed
                0x0000000000210f24       0x2a obj_owinos/anti-replay.o
                0x0000000000210f24                anti_replay_was_replayed
 .text.add_security_header
                0x0000000000210f4e       0x16 obj_owinos/noncoresec.o
 .text.publish_led_off
                0x0000000000210f64        0x6 mqtt-client.co
 .text.mqtt_sensor_strings
                0x0000000000210f6a       0x20 obj_owinos/mqtt-sensors.o
 .text.mqtt_sensor_register
                0x0000000000210f8a       0x8a obj_owinos/mqtt-sensors.o
                0x0000000000210f8a                mqtt_sensor_register
 *(SORT_BY_ALIGNMENT(.rodata*))
 .rodata.adc_owinos
                0x0000000000211014       0x10 obj_owinos/adc-owinos.o
                0x0000000000211014                adc_owinos
 .rodata.relay  0x0000000000211024       0x10 obj_owinos/relay.o
                0x0000000000211024                relay
 .rodata.adxl345
                0x0000000000211034       0x10 obj_owinos/adxl345.o
                0x0000000000211034                adxl345
 .rodata.bmp180
                0x0000000000211044       0x10 obj_owinos/bmp180.o
                0x0000000000211044                bmp180
 .rodata.button_sensor
                0x0000000000211054       0x10 obj_owinos/button-sensor.o
                0x0000000000211054                button_sensor
 .rodata.uart_regs
                0x0000000000211064       0x58 obj_owinos/uart.o
 .rodata.reset_cause.0
                0x00000000002110bc       0x10 obj_owinos/sys-ctrl.o
 .rodata.cc2538_aes_128_driver
                0x00000000002110cc        0x8 obj_owinos/cc2538-aes-128.o
                0x00000000002110cc                cc2538_aes_128_driver
 .rodata.cc2538_ccm_star_driver
                0x00000000002110d4        0x8 obj_owinos/cc2538-ccm-star.o
                0x00000000002110d4                cc2538_ccm_star_driver
 .rodata.cc2538_rf_driver
                0x00000000002110dc       0x38 obj_owinos/cc2538-rf.o
                0x00000000002110dc                cc2538_rf_driver
 .rodata.output_power
                0x0000000000211114       0x70 obj_owinos/cc2538-rf.o
 .rodata.cc2538_temp_sensor
                0x0000000000211184       0x10 obj_owinos/cc2538-temp-sensor.o
                0x0000000000211184                cc2538_temp_sensor
 .rodata.vdd3_sensor
                0x0000000000211194       0x10 obj_owinos/vdd3-sensor.o
                0x0000000000211194                vdd3_sensor
 .rodata.sicslowpan_driver
                0x00000000002111a4        0xc obj_owinos/sicslowpan.o
                0x00000000002111a4                sicslowpan_driver
 .rodata.csma_driver
                0x00000000002111b0       0x1c obj_owinos/csma.o
                0x00000000002111b0                csma_driver
 .rodata.framer_802154
                0x00000000002111cc        0xc obj_owinos/framer-802154.o
                0x00000000002111cc                framer_802154
 .rodata.nullrdc_driver
                0x00000000002111d8       0x20 obj_owinos/nullrdc.o
                0x00000000002111d8                nullrdc_driver
 .rodata.noncoresec_driver
                0x00000000002111f8       0x10 obj_owinos/noncoresec.o
                0x00000000002111f8                noncoresec_driver
 .rodata.noncoresec_framer
                0x0000000000211208        0xc obj_owinos/noncoresec.o
                0x0000000000211208                noncoresec_framer
 .rodata.autostart_processes
                0x0000000000211214        0x8 mqtt-client.co
                0x0000000000211214                autostart_processes
 .rodata._ctype_
                0x000000000021121c      0x101 /home/kamalesh/toolkit/gcc-arm-none-eabi-10-2020-q4-major/bin/../lib/gcc/arm-none-eabi/10.2.1/../../../../arm-none-eabi/lib/thumb/v7-m/nofp/libc.a(lib_a-ctype_.o)
                0x000000000021121c                _ctype_
 .rodata.process_thread_mqtt_process.str1.1
                0x000000000021131d        0x7 obj_owinos/mqtt.o
 .rodata.str1.1
                0x0000000000211324        0x7 obj_owinos/mqtt.o
                                          0xd (size before relaxing)
 .rodata.str1.1
                0x0000000000211324       0x15 obj_owinos/adc-owinos.o
 .rodata.str1.1
                0x0000000000211339        0xe obj_owinos/relay.o
 .rodata.process_thread_accmeter_process.str1.1
                0x0000000000211347       0x4e obj_owinos/adxl345.o
 .rodata.accm_init.str1.1
                0x0000000000211395        0xe obj_owinos/adxl345.o
 .rodata.str1.1
                0x00000000002113a3       0x25 obj_owinos/adxl345.o
 .rodata.str1.1
                0x00000000002113c8       0x27 obj_owinos/bmp180.o
 .rodata.main.str1.1
                0x00000000002113ef       0x65 obj_owinos/contiki-main.o
 .rodata.str1.1
                0x0000000000211454        0x7 obj_owinos/button-sensor.o
 .rodata.soc_print_info.str1.1
                0x000000000021145b       0x94 obj_owinos/soc.o
 .rodata.str1.1
                0x00000000002114ef       0x2d obj_owinos/sys-ctrl.o
 .rodata.str1.1
                0x000000000021151c       0x11 obj_owinos/cc2538-rf.o
 .rodata.str1.1
                0x000000000021152d       0x14 obj_owinos/cc2538-temp-sensor.o
 .rodata.str1.1
                0x0000000000211541        0x5 obj_owinos/vdd3-sensor.o
 .rodata.format_str_v.str1.1
                0x0000000000211546       0x35 obj_owinos/strformat.o
                                         0x37 (size before relaxing)
 .rodata.buffer.0
                0x000000000021157b       0x10 obj_owinos/strformat.o
 .rodata.buffer.1
                0x000000000021158b       0x10 obj_owinos/strformat.o
 .rodata.str1.1
                0x000000000021159b        0xf obj_owinos/ctimer.o
 .rodata.str1.1
                0x00000000002115aa        0xc obj_owinos/etimer.o
 .rodata.str1.1
                0x00000000002115b6        0xe obj_owinos/serial-line.o
 .rodata.str1.1
                0x00000000002115c4        0x8 obj_owinos/sensors.o
 .rodata.str1.1
                0x00000000002115cc        0xb obj_owinos/sicslowpan.o
 .rodata.llprefix
                0x00000000002115d7        0x2 obj_owinos/sicslowpan.o
                0x00000000002115d7                llprefix
 .rodata.ttl_values
                0x00000000002115d9        0x4 obj_owinos/sicslowpan.o
 .rodata.unc_ctxconf
                0x00000000002115dd        0x4 obj_owinos/sicslowpan.o
                0x00000000002115dd                unc_ctxconf
 .rodata.unc_llconf
                0x00000000002115e1        0x4 obj_owinos/sicslowpan.o
                0x00000000002115e1                unc_llconf
 .rodata.unc_mxconf